<html>
<body>
<pre>
<h1>µVision Build Log</h1>
<h2>Tool Versions:</h2>
IDE-Version: ¦ÌVision V5.36.0.0
Copyright (C) 2021 ARM Ltd and ARM Germany GmbH. All rights reserved.
License Information: 111 8618175052997, 111, LIC=FQQMA-1XSIN-68IFC-7ZYYX-T85HJ-8SF6I
 
Tool Versions:
Toolchain:       MDK-ARM Professional  Version: 5.36.0.0
Toolchain Path:  D:\MDK5.36\ARM\ARMCC\Bin
C Compiler:      Armcc.exe V5.06 update 7 (build 960)
Assembler:       Armasm.exe V5.06 update 7 (build 960)
Linker/Locator:  ArmLink.exe V5.06 update 7 (build 960)
Library Manager: ArmAr.exe V5.06 update 7 (build 960)
Hex Converter:   FromElf.exe V5.06 update 7 (build 960)
CPU DLL:         SARMCM3.DLL V5.36.0.0
Dialog DLL:      DCM.DLL V1.17.3.0
Target DLL:      STLink\ST-LINKIII-KEIL_SWO.dll V3.0.9.0
Dialog DLL:      TCM.DLL V1.53.0.0
 
<h2>Project:</h2>
D:\qianrushi\6£¬Èí¼þ×ÊÁÏ\ai\fuben\Projects\MDK-ARM\atk_h743.uvprojx
Project File Date:  01/08/2025

<h2>Output:</h2>
*** Using Compiler 'V5.06 update 7 (build 960)', folder: 'D:\MDK5.36\ARM\ARMCC\Bin'
Rebuild target 'SH3001'
assembling startup_stm32h743xx.s...
compiling usart.c...
compiling stm32h7xx_it.c...
compiling system_stm32h7xx.c...
compiling stm32h7xx_hal_pwr.c...
compiling sys.c...
compiling delay.c...
compiling stm32h7xx_hal_cortex.c...
compiling stm32h7xx_hal_gpio.c...
compiling main.c...
compiling stm32h7xx_hal_pwr_ex.c...
compiling stm32h7xx_hal.c...
compiling stm32h7xx_hal_dma_ex.c...
compiling stm32h7xx_hal_dma.c...
compiling stm32h7xx_hal_rcc.c...
compiling stm32h7xx_hal_rcc_ex.c...
compiling stm32h7xx_hal_uart_ex.c...
compiling stm32h7xx_hal_sram.c...
compiling stm32h7xx_hal_ltdc_ex.c...
compiling stm32h7xx_ll_fmc.c...
compiling stm32h7xx_hal_uart.c...
compiling led.c...
compiling stm32h7xx_hal_sdram.c...
compiling stm32h7xx_hal_mdma.c...
compiling stm32h7xx_hal_tim_ex.c...
compiling stm32h7xx_hal_ltdc.c...
compiling stm32h7xx_hal_tim.c...
compiling app_x-cube-ai.c...
compiling network.c...
compiling network_data.c...
compiling sdram.c...
compiling ltdc.c...
compiling mpu.c...
compiling network_data_params.c...
compiling lcd.c...
compiling myiic.c...
compiling usmart_port.c...
compiling usmart_config.c...
compiling sh3001.c...
compiling usmart.c...
compiling usmart_str.c...
linking...
Program Size: Code=61544 RO-data=53056 RW-data=2292 ZI-data=2051932  
FromELF: creating hex file...
"..\..\Output\atk_h743.axf" - 0 Error(s), 0 Warning(s).

<h2>Software Packages used:</h2>

Package Vendor: Keil
                http://www.keil.com/pack/Keil.STM32H7xx_DFP.2.7.0.pack
                Keil.STM32H7xx_DFP.2.7.0
                STMicroelectronics STM32H7 Series Device Support and Examples

<h2>Collection of Component include folders:</h2>
  D:\MDK5.36\Packs\Keil\STM32H7xx_DFP\2.7.0\Drivers\CMSIS\Device\ST\STM32H7xx\Include

<h2>Collection of Component Files used:</h2>
Build Time Elapsed:  00:00:03
</pre>
</body>
</html>
