Component: ARM Compiler 5.06 update 7 (build 960) Tool: armlink [4d3601]

==============================================================================

Section Cross References

    startup_stm32h743xx.o(STACK) refers (Special) to heapauxi.o(.text) for __use_two_region_memory
    startup_stm32h743xx.o(HEAP) refers (Special) to heapauxi.o(.text) for __use_two_region_memory
    startup_stm32h743xx.o(RESET) refers (Special) to heapauxi.o(.text) for __use_two_region_memory
    startup_stm32h743xx.o(RESET) refers to startup_stm32h743xx.o(STACK) for __initial_sp
    startup_stm32h743xx.o(RESET) refers to startup_stm32h743xx.o(.text) for Reset_Handler
    startup_stm32h743xx.o(RESET) refers to stm32h7xx_it.o(i.NMI_Handler) for NMI_Handler
    startup_stm32h743xx.o(RESET) refers to stm32h7xx_it.o(i.HardFault_Handler) for HardFault_Handler
    startup_stm32h743xx.o(RESET) refers to stm32h7xx_it.o(i.MemManage_Handler) for MemManage_Handler
    startup_stm32h743xx.o(RESET) refers to stm32h7xx_it.o(i.BusFault_Handler) for BusFault_Handler
    startup_stm32h743xx.o(RESET) refers to stm32h7xx_it.o(i.UsageFault_Handler) for UsageFault_Handler
    startup_stm32h743xx.o(RESET) refers to stm32h7xx_it.o(i.SVC_Handler) for SVC_Handler
    startup_stm32h743xx.o(RESET) refers to stm32h7xx_it.o(i.DebugMon_Handler) for DebugMon_Handler
    startup_stm32h743xx.o(RESET) refers to stm32h7xx_it.o(i.PendSV_Handler) for PendSV_Handler
    startup_stm32h743xx.o(RESET) refers to stm32h7xx_it.o(i.SysTick_Handler) for SysTick_Handler
    startup_stm32h743xx.o(RESET) refers to usmart_port.o(i.TIM4_IRQHandler) for TIM4_IRQHandler
    startup_stm32h743xx.o(RESET) refers to usart.o(i.USART1_IRQHandler) for USART1_IRQHandler
    startup_stm32h743xx.o(.text) refers (Special) to heapauxi.o(.text) for __use_two_region_memory
    startup_stm32h743xx.o(.text) refers to system_stm32h7xx.o(i.SystemInit) for SystemInit
    startup_stm32h743xx.o(.text) refers to __main.o(!!!main) for __main
    startup_stm32h743xx.o(.text) refers to startup_stm32h743xx.o(HEAP) for Heap_Mem
    startup_stm32h743xx.o(.text) refers to startup_stm32h743xx.o(STACK) for Stack_Mem
    main.o(i.AI_Init) refers to _printf_percent.o(.ARM.Collect$$_printf_percent$$00000000) for _printf_percent
    main.o(i.AI_Init) refers to _printf_d.o(.ARM.Collect$$_printf_percent$$00000009) for _printf_d
    main.o(i.AI_Init) refers to _printf_dec.o(.text) for _printf_int_dec
    main.o(i.AI_Init) refers to network.o(i.ai_network_create_and_init) for ai_network_create_and_init
    main.o(i.AI_Init) refers to noretval__2printf.o(.text) for __2printf
    main.o(i.AI_Init) refers to network.o(i.ai_network_inputs_get) for ai_network_inputs_get
    main.o(i.AI_Init) refers to network.o(i.ai_network_outputs_get) for ai_network_outputs_get
    main.o(i.AI_Init) refers to main.o(.constdata) for .constdata
    main.o(i.AI_Init) refers to main.o(.data) for network
    main.o(i.AI_Run) refers to _printf_percent.o(.ARM.Collect$$_printf_percent$$00000000) for _printf_percent
    main.o(i.AI_Run) refers to _printf_d.o(.ARM.Collect$$_printf_percent$$00000009) for _printf_d
    main.o(i.AI_Run) refers to _printf_dec.o(.text) for _printf_int_dec
    main.o(i.AI_Run) refers to network.o(i.ai_network_run) for ai_network_run
    main.o(i.AI_Run) refers to network.o(i.ai_network_get_error) for ai_network_get_error
    main.o(i.AI_Run) refers to noretval__2printf.o(.text) for __2printf
    main.o(i.AI_Run) refers to main.o(.data) for ai_input
    main.o(i.main) refers to _printf_pad.o(.text) for _printf_pre_padding
    main.o(i.main) refers to _printf_percent.o(.ARM.Collect$$_printf_percent$$00000000) for _printf_percent
    main.o(i.main) refers to _printf_f.o(.ARM.Collect$$_printf_percent$$00000003) for _printf_f
    main.o(i.main) refers to printf1.o(x$fpl$printf1) for _printf_fp_dec
    main.o(i.main) refers to _printf_d.o(.ARM.Collect$$_printf_percent$$00000009) for _printf_d
    main.o(i.main) refers to _printf_s.o(.ARM.Collect$$_printf_percent$$00000014) for _printf_s
    main.o(i.main) refers to _printf_dec.o(.text) for _printf_int_dec
    main.o(i.main) refers to _printf_str.o(.text) for _printf_str
    main.o(i.main) refers to sys.o(i.sys_cache_enable) for sys_cache_enable
    main.o(i.main) refers to stm32h7xx_hal.o(i.HAL_Init) for HAL_Init
    main.o(i.main) refers to sys.o(i.sys_stm32_clock_init) for sys_stm32_clock_init
    main.o(i.main) refers to delay.o(i.delay_init) for delay_init
    main.o(i.main) refers to usart.o(i.usart_init) for usart_init
    main.o(i.main) refers to usmart.o(i.usmart_init) for usmart_init
    main.o(i.main) refers to mpu.o(i.mpu_memory_protection) for mpu_memory_protection
    main.o(i.main) refers to led.o(i.led_init) for led_init
    main.o(i.main) refers to sdram.o(i.sdram_init) for sdram_init
    main.o(i.main) refers to lcd.o(i.lcd_init) for lcd_init
    main.o(i.main) refers to main.o(i.AI_Init) for AI_Init
[...]
    _printf_pre_padding                      0x0800052d   Thumb Code    44  _printf_pad.o(.text)
    _printf_post_padding                     0x08000559   Thumb Code    34  _printf_pad.o(.text)
    _printf_str                              0x0800057b   Thumb Code    82  _printf_str.o(.text)
    _printf_int_dec                          0x080005cd   Thumb Code   104  _printf_dec.o(.text)
    _printf_int_hex                          0x08000645   Thumb Code    84  _printf_hex_int.o(.text)
    _printf_longlong_hex                     0x08000645   Thumb Code     0  _printf_hex_int.o(.text)
    __printf                                 0x0800069d   Thumb Code   388  __printf_flags_ss_wp.o(.text)
    memcmp                                   0x08000825   Thumb Code    88  memcmp.o(.text)
    __aeabi_memcpy4                          0x0800087d   Thumb Code     0  rt_memcpy_w.o(.text)
    __aeabi_memcpy8                          0x0800087d   Thumb Code     0  rt_memcpy_w.o(.text)
    __rt_memcpy_w                            0x0800087d   Thumb Code   100  rt_memcpy_w.o(.text)
    _memcpy_lastbytes_aligned                0x080008c5   Thumb Code     0  rt_memcpy_w.o(.text)
    __aeabi_memclr4                          0x080008e1   Thumb Code     0  rt_memclr_w.o(.text)
    __aeabi_memclr8                          0x080008e1   Thumb Code     0  rt_memclr_w.o(.text)
    __rt_memclr_w                            0x080008e1   Thumb Code    78  rt_memclr_w.o(.text)
    _memset_w                                0x080008e5   Thumb Code     0  rt_memclr_w.o(.text)
    __use_two_region_memory                  0x0800092f   Thumb Code     2  heapauxi.o(.text)
    __rt_heap_escrow                         0x08000931   Thumb Code     2  heapauxi.o(.text)
    __rt_heap_expand                         0x08000933   Thumb Code     2  heapauxi.o(.text)
    __semihosting$guard                      0x08000935   Thumb Code     0  use_no_semi.o(.text)
    __use_no_semihosting_swi                 0x08000935   Thumb Code     2  use_no_semi.o(.text)
    __read_errno                             0x08000937   Thumb Code    10  _rserrno.o(.text)
    __set_errno                              0x08000941   Thumb Code    12  _rserrno.o(.text)
    _printf_int_common                       0x0800094d   Thumb Code   178  _printf_intcommon.o(.text)
    __lib_sel_fp_printf                      0x080009ff   Thumb Code     2  _printf_fp_dec.o(.text)
    _printf_fp_dec_real                      0x08000bb1   Thumb Code   620  _printf_fp_dec.o(.text)
    _printf_char_common                      0x08000e27   Thumb Code    32  _printf_char_common.o(.text)
    _sputc                                   0x08000e4d   Thumb Code    10  _sputc.o(.text)
    _printf_cs_common                        0x08000e57   Thumb Code    20  _printf_char.o(.text)
    _printf_char                             0x08000e6b   Thumb Code    16  _printf_char.o(.text)
    _printf_string                           0x08000e7b   Thumb Code     8  _printf_char.o(.text)
    _printf_char_file                        0x08000e85   Thumb Code    32  _printf_char_file.o(.text)
    __user_libspace                          0x08000ea9   Thumb Code     8  libspace.o(.text)
    __user_perproc_libspace                  0x08000ea9   Thumb Code     0  libspace.o(.text)
    __user_perthread_libspace                0x08000ea9   Thumb Code     0  libspace.o(.text)
    __rt_locale                              0x08000eb1   Thumb Code     8  rt_locale_intlibspace.o(.text)
    __aeabi_errno_addr                       0x08000eb9   Thumb Code     8  rt_errno_addr_intlibspace.o(.text)
    __errno$intlibspace                      0x08000eb9   Thumb Code     0  rt_errno_addr_intlibspace.o(.text)
    __rt_errno_addr$intlibspace              0x08000eb9   Thumb Code     0  rt_errno_addr_intlibspace.o(.text)
    _ll_udiv10                               0x08000ec1   Thumb Code   138  lludiv10.o(.text)
    _printf_fp_infnan                        0x08000f4d   Thumb Code   112  _printf_fp_infnan.o(.text)
    _btod_etento                             0x08000fcd   Thumb Code   224  bigflt0.o(.text)
    ferror                                   0x080010b1   Thumb Code     8  ferror.o(.text)
    __user_setup_stackheap                   0x080010b9   Thumb Code    74  sys_stackheap_outer.o(.text)
    exit                                     0x08001103   Thumb Code    18  exit.o(.text)
    strcmp                                   0x08001115   Thumb Code   104  strcmpv7m_pel.o(.text)
    _btod_d2e                                0x0800117d   Thumb Code    62  btod.o(CL$$btod_d2e)
    _d2e_denorm_low                          0x080011bb   Thumb Code    70  btod.o(CL$$btod_d2e_denorm_low)
    _d2e_norm_op1                            0x08001201   Thumb Code    96  btod.o(CL$$btod_d2e_norm_op1)
    __btod_div_common                        0x08001261   Thumb Code   696  btod.o(CL$$btod_div_common)
    _e2e                                     0x08001599   Thumb Code   220  btod.o(CL$$btod_e2e)
    _btod_ediv                               0x08001675   Thumb Code    42  btod.o(CL$$btod_ediv)
    _btod_emul                               0x0800169f   Thumb Code    42  btod.o(CL$$btod_emul)
    __btod_mult_common                       0x080016c9   Thumb Code   580  btod.o(CL$$btod_mult_common)
    BusFault_Handler                         0x08001a05   Thumb Code     4  stm32h7xx_it.o(i.BusFault_Handler)
    DebugMon_Handler                         0x08001bf9   Thumb Code     2  stm32h7xx_it.o(i.DebugMon_Handler)
    FMC_NORSRAM_Extended_Timing_Init         0x08001bfd   Thumb Code    62  stm32h7xx_ll_fmc.o(i.FMC_NORSRAM_Extended_Timing_Init)
    FMC_NORSRAM_Init                         0x08001c41   Thumb Code   160  stm32h7xx_ll_fmc.o(i.FMC_NORSRAM_Init)
    FMC_NORSRAM_Timing_Init                  0x08001ce5   Thumb Code   102  stm32h7xx_ll_fmc.o(i.FMC_NORSRAM_Timing_Init)
    FMC_SDRAM_Init                           0x08001d4b   Thumb Code   108  stm32h7xx_ll_fmc.o(i.FMC_SDRAM_Init)
    FMC_SDRAM_ProgramRefreshRate             0x08001db7   Thumb Code    20  stm32h7xx_ll_fmc.o(i.FMC_SDRAM_ProgramRefreshRate)
    FMC_SDRAM_SendCommand                    0x08001dcb   Thumb Code    38  stm32h7xx_ll_fmc.o(i.FMC_SDRAM_SendCommand)
    FMC_SDRAM_Timing_Init                    0x08001df1   Thumb Code   144  stm32h7xx_ll_fmc.o(i.FMC_SDRAM_Timing_Init)
    HAL_DMA_Abort                            0x08001e85   Thumb Code  1236  stm32h7xx_hal_dma.o(i.HAL_DMA_Abort)
    HAL_DMA_Abort_IT                         0x08002361   Thumb Code   906  stm32h7xx_hal_dma.o(i.HAL_DMA_Abort_IT)
    HAL_EnableCompensationCell               0x080026f9   Thumb Code    14  stm32h7xx_hal.o(i.HAL_EnableCompensationCell)
    HAL_GPIO_Init                            0x0800270d   Thumb Code   456  stm32h7xx_hal_gpio.o(i.HAL_GPIO_Init)
    HAL_GPIO_ReadPin                         0x08002909   Thumb Code    16  stm32h7xx_hal_gpio.o(i.HAL_GPIO_ReadPin)
    HAL_GPIO_TogglePin                       0x08002919   Thumb Code    20  stm32h7xx_hal_gpio.o(i.HAL_GPIO_TogglePin)
    HAL_GPIO_WritePin                        0x0800292d   Thumb Code    12  stm32h7xx_hal_gpio.o(i.HAL_GPIO_WritePin)
    HAL_GetREVID                             0x08002939   Thumb Code     8  stm32h7xx_hal.o(i.HAL_GetREVID)
    HAL_GetTick                              0x08002945   Thumb Code     6  stm32h7xx_hal.o(i.HAL_GetTick)
    HAL_IncTick                              0x08002951   Thumb Code    16  stm32h7xx_hal.o(i.HAL_IncTick)
    HAL_Init                                 0x08002969   Thumb Code    80  stm32h7xx_hal.o(i.HAL_Init)
    HAL_InitTick                             0x080029c9   Thumb Code    74  stm32h7xx_hal.o(i.HAL_InitTick)
    HAL_LTDC_ConfigLayer                     0x08002a21   Thumb Code    94  stm32h7xx_hal_ltdc.o(i.HAL_LTDC_ConfigLayer)
    HAL_LTDC_Init                            0x08002a81   Thumb Code   274  stm32h7xx_hal_ltdc.o(i.HAL_LTDC_Init)
    HAL_LTDC_MspInit                         0x08002b99   Thumb Code   384  ltdc.o(i.HAL_LTDC_MspInit)
    HAL_LTDC_SetWindowPosition               0x08002d31   Thumb Code   108  stm32h7xx_hal_ltdc.o(i.HAL_LTDC_SetWindowPosition)
    HAL_LTDC_SetWindowSize                   0x08002d9d   Thumb Code   108  stm32h7xx_hal_ltdc.o(i.HAL_LTDC_SetWindowSize)
    HAL_MPU_ConfigRegion                     0x08002e09   Thumb Code    88  stm32h7xx_hal_cortex.o(i.HAL_MPU_ConfigRegion)
    HAL_MPU_Disable                          0x08002e65   Thumb Code    38  stm32h7xx_hal_cortex.o(i.HAL_MPU_Disable)
    HAL_MPU_Enable                           0x08002e91   Thumb Code    58  stm32h7xx_hal_cortex.o(i.HAL_MPU_Enable)
    HAL_MspInit                              0x08002ed1   Thumb Code     2  stm32h7xx_hal.o(i.HAL_MspInit)
    HAL_NVIC_EnableIRQ                       0x08002ed3   Thumb Code    40  stm32h7xx_hal_cortex.o(i.HAL_NVIC_EnableIRQ)
    HAL_NVIC_SetPriority                     0x08002efb   Thumb Code   122  stm32h7xx_hal_cortex.o(i.HAL_NVIC_SetPriority)
    HAL_NVIC_SetPriorityGrouping             0x08002f75   Thumb Code    32  stm32h7xx_hal_cortex.o(i.HAL_NVIC_SetPriorityGrouping)
    HAL_PWREx_EnableUSBVoltageDetector       0x08002f9d   Thumb Code    14  stm32h7xx_hal_pwr_ex.o(i.HAL_PWREx_EnableUSBVoltageDetector)
    HAL_RCCEx_GetD3PCLK1Freq                 0x08002fb1   Thumb Code    26  stm32h7xx_hal_rcc_ex.o(i.HAL_RCCEx_GetD3PCLK1Freq)
    HAL_RCCEx_GetPLL2ClockFreq               0x08002fd5   Thumb Code   536  stm32h7xx_hal_rcc_ex.o(i.HAL_RCCEx_GetPLL2ClockFreq)
    HAL_RCCEx_GetPLL3ClockFreq               0x08003205   Thumb Code   536  stm32h7xx_hal_rcc_ex.o(i.HAL_RCCEx_GetPLL3ClockFreq)
    HAL_RCCEx_PeriphCLKConfig                0x08003435   Thumb Code  2910  stm32h7xx_hal_rcc_ex.o(i.HAL_RCCEx_PeriphCLKConfig)
    HAL_RCC_ClockConfig                      0x08003f99   Thumb Code   774  stm32h7xx_hal_rcc.o(i.HAL_RCC_ClockConfig)
    HAL_RCC_GetHCLKFreq                      0x080042b9   Thumb Code    60  stm32h7xx_hal_rcc.o(i.HAL_RCC_GetHCLKFreq)
    HAL_RCC_GetPCLK1Freq                     0x08004305   Thumb Code    26  stm32h7xx_hal_rcc.o(i.HAL_RCC_GetPCLK1Freq)
    HAL_RCC_GetPCLK2Freq                     0x08004329   Thumb Code    26  stm32h7xx_hal_rcc.o(i.HAL_RCC_GetPCLK2Freq)
    HAL_RCC_GetSysClockFreq                  0x0800434d   Thumb Code   524  stm32h7xx_hal_rcc.o(i.HAL_RCC_GetSysClockFreq)
    HAL_RCC_OscConfig                        0x08004579   Thumb Code  2048  stm32h7xx_hal_rcc.o(i.HAL_RCC_OscConfig)
    HAL_SDRAM_Init                           0x08004d79   Thumb Code    76  stm32h7xx_hal_sdram.o(i.HAL_SDRAM_Init)
    HAL_SDRAM_MspInit                        0x08004dc9   Thumb Code   258  sdram.o(i.HAL_SDRAM_MspInit)
    HAL_SDRAM_ProgramRefreshRate             0x08004ee5   Thumb Code    54  stm32h7xx_hal_sdram.o(i.HAL_SDRAM_ProgramRefreshRate)
    HAL_SDRAM_SendCommand                    0x08004f1b   Thumb Code    78  stm32h7xx_hal_sdram.o(i.HAL_SDRAM_SendCommand)
    HAL_SRAM_Init                            0x08004f69   Thumb Code   106  stm32h7xx_hal_sram.o(i.HAL_SRAM_Init)
    HAL_SRAM_MspInit                         0x08004fd9   Thumb Code   140  lcd.o(i.HAL_SRAM_MspInit)
    HAL_SYSTICK_Config                       0x08005071   Thumb Code    52  stm32h7xx_hal_cortex.o(i.HAL_SYSTICK_Config)
    HAL_TIM_Base_Init                        0x080050a5   Thumb Code   110  stm32h7xx_hal_tim.o(i.HAL_TIM_Base_Init)
    HAL_TIM_Base_MspInit                     0x08005113   Thumb Code     2  stm32h7xx_hal_tim.o(i.HAL_TIM_Base_MspInit)
    HAL_TIM_Base_Start_IT                    0x08005115   Thumb Code   146  stm32h7xx_hal_tim.o(i.HAL_TIM_Base_Start_IT)
    HAL_UARTEx_RxEventCallback               0x080051c9   Thumb Code     2  stm32h7xx_hal_uart.o(i.HAL_UARTEx_RxEventCallback)
    HAL_UARTEx_RxFifoFullCallback            0x080051cb   Thumb Code     2  stm32h7xx_hal_uart_ex.o(i.HAL_UARTEx_RxFifoFullCallback)
    HAL_UARTEx_TxFifoEmptyCallback           0x080051cd   Thumb Code     2  stm32h7xx_hal_uart_ex.o(i.HAL_UARTEx_TxFifoEmptyCallback)
    HAL_UARTEx_WakeupCallback                0x080051cf   Thumb Code     2  stm32h7xx_hal_uart_ex.o(i.HAL_UARTEx_WakeupCallback)
    HAL_UART_ErrorCallback                   0x080051d1   Thumb Code     2  stm32h7xx_hal_uart.o(i.HAL_UART_ErrorCallback)
    HAL_UART_IRQHandler                      0x080051d5   Thumb Code  1112  stm32h7xx_hal_uart.o(i.HAL_UART_IRQHandler)
    HAL_UART_Init                            0x0800562d   Thumb Code   120  stm32h7xx_hal_uart.o(i.HAL_UART_Init)
    HAL_UART_MspInit                         0x080056a5   Thumb Code   180  usart.o(i.HAL_UART_MspInit)
    HAL_UART_Receive_IT                      0x08005765   Thumb Code   110  stm32h7xx_hal_uart.o(i.HAL_UART_Receive_IT)
    HAL_UART_RxCpltCallback                  0x080057d9   Thumb Code   134  usart.o(i.HAL_UART_RxCpltCallback)
    HAL_UART_TxCpltCallback                  0x08005875   Thumb Code     2  stm32h7xx_hal_uart.o(i.HAL_UART_TxCpltCallback)
    HardFault_Handler                        0x08005877   Thumb Code     4  stm32h7xx_it.o(i.HardFault_Handler)
    MemManage_Handler                        0x08005a8b   Thumb Code     4  stm32h7xx_it.o(i.MemManage_Handler)
    NMI_Handler                              0x08005a8f   Thumb Code     4  stm32h7xx_it.o(i.NMI_Handler)
    PendSV_Handler                           0x08005a93   Thumb Code     2  stm32h7xx_it.o(i.PendSV_Handler)
    SVC_Handler                              0x08005d5d   Thumb Code     2  stm32h7xx_it.o(i.SVC_Handler)
    SysTick_Handler                          0x08005d5f   Thumb Code     8  stm32h7xx_it.o(i.SysTick_Handler)
    SystemInit                               0x08005d69   Thumb Code   212  system_stm32h7xx.o(i.SystemInit)
    TIM4_IRQHandler                          0x08005e65   Thumb Code    58  usmart_port.o(i.TIM4_IRQHandler)
    TIM_Base_SetConfig                       0x08005ea9   Thumb Code   170  stm32h7xx_hal_tim.o(i.TIM_Base_SetConfig)
    UART_AdvFeatureConfig                    0x08005f75   Thumb Code   248  stm32h7xx_hal_uart.o(i.UART_AdvFeatureConfig)
    UART_CheckIdleState                      0x0800606d   Thumb Code   118  stm32h7xx_hal_uart.o(i.UART_CheckIdleState)
    UART_SetConfig                           0x080066cd   Thumb Code  1402  stm32h7xx_hal_uart.o(i.UART_SetConfig)
    UART_Start_Receive_IT                    0x08006c59   Thumb Code   352  stm32h7xx_hal_uart.o(i.UART_Start_Receive_IT)
    UART_WaitOnFlagUntilTimeout              0x08006dc9   Thumb Code   254  stm32h7xx_hal_uart.o(i.UART_WaitOnFlagUntilTimeout)
    USART1_IRQHandler                        0x08006ec9   Thumb Code    10  usart.o(i.USART1_IRQHandler)
    UsageFault_Handler                       0x08006ed9   Thumb Code     4  stm32h7xx_it.o(i.UsageFault_Handler)
    __ARM_fpclassify                         0x08006edd   Thumb Code    48  fpclassify.o(i.__ARM_fpclassify)
    __ARM_fpclassifyf                        0x08006f0d   Thumb Code    38  fpclassifyf.o(i.__ARM_fpclassifyf)
    __hardfp_expf                            0x08007065   Thumb Code   426  expf.o(i.__hardfp_expf)
    __mathlib_expf                           0x08007065   Thumb Code     0  expf.o(i.__hardfp_expf)
    __mathlib_flt_infnan                     0x08007259   Thumb Code     6  funder.o(i.__mathlib_flt_infnan)
    __mathlib_flt_overflow                   0x08007261   Thumb Code    10  funder.o(i.__mathlib_flt_overflow)
    __mathlib_flt_underflow                  0x08007271   Thumb Code    10  funder.o(i.__mathlib_flt_underflow)
    _ai_platform_acquire_crc                 0x080074bf   Thumb Code     4  ai_platform_interface.o(i._ai_platform_acquire_crc)
    _ai_platform_release_crc                 0x080075a5   Thumb Code     2  ai_platform_interface.o(i._ai_platform_release_crc)
    _is_digit                                0x08007685   Thumb Code    14  __printf_wp.o(i._is_digit)
    _sys_exit                                0x08007abd   Thumb Code     4  usart.o(i._sys_exit)
    ai_array_get_byte_size                   0x08007ac1   Thumb Code    60  ai_datatypes_format.o(i.ai_array_get_byte_size)
    ai_array_get_data_byte_size              0x08007afd   Thumb Code    30  ai_datatypes_format.o(i.ai_array_get_data_byte_size)
    ai_array_to_buffer_fmt                   0x08007b1d   Thumb Code   246  ai_datatypes_format.o(i.ai_array_to_buffer_fmt)
    ai_buffer_array_item_set_address         0x08007c49   Thumb Code    36  ai_platform.o(i.ai_buffer_array_item_set_address)
    ai_buffer_array_sane                     0x08007c6d   Thumb Code    18  ai_platform.o(i.ai_buffer_array_sane)
    ai_buffer_get_size                       0x08007c81   Thumb Code    96  ai_platform.o(i.ai_buffer_get_size)
    ai_check_custom_types                    0x08007ce9   Thumb Code    38  layers.o(i.ai_check_custom_types)
    ai_layers_forward_all                    0x08007d15   Thumb Code    80  layers.o(i.ai_layers_forward_all)
    ai_layers_init_all                       0x08007d65   Thumb Code    30  layers.o(i.ai_layers_init_all)
    ai_layers_post_init_all                  0x08007d83   Thumb Code    54  layers.o(i.ai_layers_post_init_all)
    ai_network_create                        0x08007db9   Thumb Code    30  network.o(i.ai_network_create)
    ai_network_create_and_init               0x08007ddd   Thumb Code   130  network.o(i.ai_network_create_and_init)
    ai_network_data_params_get               0x08007e61   Thumb Code    42  network_data.o(i.ai_network_data_params_get)
    ai_network_get_error                     0x08007e91   Thumb Code    14  network.o(i.ai_network_get_error)
    ai_network_init                          0x08007e9f   Thumb Code    60  network.o(i.ai_network_init)
    ai_network_inputs_get                    0x08007edd   Thumb Code    24  network.o(i.ai_network_inputs_get)
    ai_network_outputs_get                   0x08007efd   Thumb Code    24  network.o(i.ai_network_outputs_get)
    ai_network_run                           0x08007f1d   Thumb Code    20  network.o(i.ai_network_run)
    ai_platform_bind_network_params          0x08007f31   Thumb Code    38  ai_platform_interface.o(i.ai_platform_bind_network_params)
    ai_platform_context_acquire              0x08007f5d   Thumb Code    24  ai_platform_interface.o(i.ai_platform_context_acquire)
    ai_platform_get_activations_map          0x08007f79   Thumb Code    38  ai_platform_interface.o(i.ai_platform_get_activations_map)
    ai_platform_get_weights_map              0x08007fa5   Thumb Code    36  ai_platform_interface.o(i.ai_platform_get_weights_map)
    ai_platform_inputs_get                   0x08007fcd   Thumb Code    66  ai_platform_interface.o(i.ai_platform_inputs_get)
    ai_platform_interface_api_get_version    0x08008011   Thumb Code    14  ai_platform_interface.o(i.ai_platform_interface_api_get_version)
    ai_platform_network_create               0x08008025   Thumb Code   168  ai_platform_interface.o(i.ai_platform_network_create)
    ai_platform_network_get_error            0x080080d9   Thumb Code    24  ai_platform_interface.o(i.ai_platform_network_get_error)
    ai_platform_network_init                 0x080080f5   Thumb Code   256  ai_platform_interface.o(i.ai_platform_network_init)
    ai_platform_network_post_init            0x08008201   Thumb Code    70  ai_platform_interface.o(i.ai_platform_network_post_init)
    ai_platform_network_process              0x08008247   Thumb Code    84  ai_platform_interface.o(i.ai_platform_network_process)
    ai_platform_network_set_error            0x0800829b   Thumb Code    12  ai_platform_interface.o(i.ai_platform_network_set_error)
    ai_platform_outputs_get                  0x080082a7   Thumb Code    72  ai_platform_interface.o(i.ai_platform_outputs_get)
    ai_version_get                           0x08008309   Thumb Code    12  ai_datatypes_internal.o(i.ai_version_get)
    core_get_error                           0x08008351   Thumb Code    12  core_common.o(i.core_get_error)
    core_init                                0x0800835d   Thumb Code     4  core_common.o(i.core_init)
    core_set_error                           0x08008361   Thumb Code    26  core_common.o(i.core_set_error)
    delay_init                               0x0800837d   Thumb Code     6  delay.o(i.delay_init)
    delay_ms                                 0x08008389   Thumb Code    18  delay.o(i.delay_ms)
    delay_us                                 0x0800839d   Thumb Code    68  delay.o(i.delay_us)
    forward_dense                            0x080083e5   Thumb Code   488  layers_conv2d_generic_float.o(i.forward_dense)
    forward_lite_dense_if32of32wf32          0x080085d1   Thumb Code   120  lite_dense_if32.o(i.forward_lite_dense_if32of32wf32)
    forward_relu                             0x0800864d   Thumb Code   192  layers_nl_generic_float.o(i.forward_relu)
    forward_sigmoid                          0x08008711   Thumb Code    94  layers_nl_generic_float.o(i.forward_sigmoid)
    fputc                                    0x08008771   Thumb Code    22  usart.o(i.fputc)
    get_tensor_byte_size                     0x0800878d   Thumb Code    34  ai_datatypes_internal.o(i.get_tensor_byte_size)
    iic_ack                                  0x080087b5   Thumb Code    76  myiic.o(i.iic_ack)
    iic_init                                 0x08008811   Thumb Code   112  myiic.o(i.iic_init)
    iic_nack                                 0x08008889   Thumb Code    58  myiic.o(i.iic_nack)
    iic_read_byte                            0x080088c9   Thumb Code    88  myiic.o(i.iic_read_byte)
    iic_send_byte                            0x08008925   Thumb Code   102  myiic.o(i.iic_send_byte)
    iic_start                                0x08008991   Thumb Code    72  myiic.o(i.iic_start)
    iic_stop                                 0x080089dd   Thumb Code    58  myiic.o(i.iic_stop)
    iic_wait_ack                             0x08008a1d   Thumb Code    96  myiic.o(i.iic_wait_ack)
    lcd_clear                                0x08008a81   Thumb Code    58  lcd.o(i.lcd_clear)
    lcd_display_dir                          0x08008ac9   Thumb Code   390  lcd.o(i.lcd_display_dir)
    lcd_draw_point                           0x08008c59   Thumb Code    44  lcd.o(i.lcd_draw_point)
    lcd_ex_ili9341_reginit                   0x08008c8d   Thumb Code   556  lcd.o(i.lcd_ex_ili9341_reginit)
    lcd_ex_ili9806_reginit                   0x08008eb9   Thumb Code   832  lcd.o(i.lcd_ex_ili9806_reginit)
    lcd_ex_nt35310_reginit                   0x080091f9   Thumb Code  3826  lcd.o(i.lcd_ex_nt35310_reginit)
    lcd_ex_nt35510_reginit                   0x0800a0eb   Thumb Code  3836  lcd.o(i.lcd_ex_nt35510_reginit)
    lcd_ex_ssd1963_reginit                   0x0800afe7   Thumb Code   366  lcd.o(i.lcd_ex_ssd1963_reginit)
    lcd_ex_st7789_reginit                    0x0800b155   Thumb Code   424  lcd.o(i.lcd_ex_st7789_reginit)
    lcd_ex_st7796_reginit                    0x0800b2fd   Thumb Code   454  lcd.o(i.lcd_ex_st7796_reginit)
    lcd_fill                                 0x0800b4c5   Thumb Code   104  lcd.o(i.lcd_fill)
    lcd_init                                 0x0800b535   Thumb Code  1334  lcd.o(i.lcd_init)
    lcd_mpu_config                           0x0800ba79   Thumb Code    80  lcd.o(i.lcd_mpu_config)
    lcd_scan_dir                             0x0800badd   Thumb Code   568  lcd.o(i.lcd_scan_dir)
    lcd_set_cursor                           0x0800bd19   Thumb Code   282  lcd.o(i.lcd_set_cursor)
    lcd_show_char                            0x0800be39   Thumb Code   294  lcd.o(i.lcd_show_char)
    lcd_show_string                          0x0800bf79   Thumb Code   106  lcd.o(i.lcd_show_string)
    lcd_ssd_backlight_set                    0x0800bfe5   Thumb Code    72  lcd.o(i.lcd_ssd_backlight_set)
    lcd_wr_data                              0x0800c035   Thumb Code    18  lcd.o(i.lcd_wr_data)
    lcd_wr_regno                             0x0800c04d   Thumb Code    18  lcd.o(i.lcd_wr_regno)
    lcd_write_ram_prepare                    0x0800c065   Thumb Code    10  lcd.o(i.lcd_write_ram_prepare)
    lcd_write_reg                            0x0800c079   Thumb Code    10  lcd.o(i.lcd_write_reg)
    led_init                                 0x0800c089   Thumb Code   130  led.o(i.led_init)
    ltdc_clear                               0x0800c115   Thumb Code    32  ltdc.o(i.ltdc_clear)
    ltdc_clk_set                             0x0800c139   Thumb Code    46  ltdc.o(i.ltdc_clk_set)
    ltdc_display_dir                         0x0800c169   Thumb Code    40  ltdc.o(i.ltdc_display_dir)
    ltdc_draw_point                          0x0800c195   Thumb Code    70  ltdc.o(i.ltdc_draw_point)
    ltdc_fill                                0x0800c1e5   Thumb Code   388  ltdc.o(i.ltdc_fill)
    ltdc_init                                0x0800c379   Thumb Code   650  ltdc.o(i.ltdc_init)
    ltdc_layer_parameter_config              0x0800c621   Thumb Code   112  ltdc.o(i.ltdc_layer_parameter_config)
    ltdc_layer_window_config                 0x0800c699   Thumb Code    44  ltdc.o(i.ltdc_layer_window_config)
    ltdc_panelid_read                        0x0800c6c9   Thumb Code   196  ltdc.o(i.ltdc_panelid_read)
    ltdc_select_layer                        0x0800c799   Thumb Code     6  ltdc.o(i.ltdc_select_layer)
    main                                     0x0800c7a5   Thumb Code   746  main.o(i.main)
    mpu_memory_protection                    0x0800cba5   Thumb Code   186  mpu.o(i.mpu_memory_protection)
    mpu_set_protection                       0x0800cc5f   Thumb Code    94  mpu.o(i.mpu_set_protection)
    nl_func_sigmoid_array_f32                0x0800ce89   Thumb Code    72  layers_nl_generic_float.o(i.nl_func_sigmoid_array_f32)
    read_addr                                0x0800ced1   Thumb Code     6  usmart.o(i.read_addr)
    sdram_init                               0x0800ced9   Thumb Code   102  sdram.o(i.sdram_init)
    sdram_initialization_sequence            0x0800cf49   Thumb Code    66  sdram.o(i.sdram_initialization_sequence)
    sdram_send_cmd                           0x0800cf8d   Thumb Code    68  sdram.o(i.sdram_send_cmd)
    sh3001_get_imu_compdata                  0x0800d1b9   Thumb Code   754  sh3001.o(i.sh3001_get_imu_compdata)
    sh3001_get_temperature                   0x0800d4cd   Thumb Code   108  sh3001.o(i.sh3001_get_temperature)
    sh3001_init                              0x0800d5c9   Thumb Code   124  sh3001.o(i.sh3001_init)
    sh3001_read_nbytes                       0x0800d845   Thumb Code   110  sh3001.o(i.sh3001_read_nbytes)
    sh3001_switch_powermode                  0x0800d8b5   Thumb Code   970  sh3001.o(i.sh3001_switch_powermode)
    sh3001_write_nbytes                      0x0800dccb   Thumb Code    86  sh3001.o(i.sh3001_write_nbytes)
    st_int8_copy                             0x0800dd21   Thumb Code   132  st_int8_fill.o(i.st_int8_copy)
    sys_cache_enable                         0x0800dda5   Thumb Code   310  sys.o(i.sys_cache_enable)
    sys_stm32_clock_init                     0x0800dee5   Thumb Code   274  sys.o(i.sys_stm32_clock_init)
    usart_init                               0x0800e005   Thumb Code    44  usart.o(i.usart_init)
    user_show_mag                            0x0800e03d   Thumb Code    78  main.o(i.user_show_mag)
    user_show_temprate                       0x0800e095   Thumb Code    90  main.o(i.user_show_temprate)
    usmart_cmd_rec                           0x0800e0fd   Thumb Code   170  usmart.o(i.usmart_cmd_rec)
    usmart_exe                               0x0800e1ad   Thumb Code   632  usmart.o(i.usmart_exe)
    usmart_get_aparm                         0x0800e481   Thumb Code   212  usmart_str.o(i.usmart_get_aparm)
    usmart_get_cmdname                       0x0800e555   Thumb Code    54  usmart_str.o(i.usmart_get_cmdname)
    usmart_get_fname                         0x0800e58d   Thumb Code   440  usmart_str.o(i.usmart_get_fname)
    usmart_get_fparam                        0x0800e74d   Thumb Code   262  usmart_str.o(i.usmart_get_fparam)
    usmart_get_input_string                  0x0800e859   Thumb Code    30  usmart_port.o(i.usmart_get_input_string)
    usmart_get_parmpos                       0x0800e881   Thumb Code    26  usmart_str.o(i.usmart_get_parmpos)
    usmart_init                              0x0800e8a1   Thumb Code    36  usmart.o(i.usmart_init)
    usmart_pow                               0x0800e8c9   Thumb Code    22  usmart_str.o(i.usmart_pow)
    usmart_scan                              0x0800e8e1   Thumb Code   106  usmart.o(i.usmart_scan)
    usmart_search_nextc                      0x0800e989   Thumb Code    22  usmart_str.o(i.usmart_search_nextc)
    usmart_str2num                           0x0800e99f   Thumb Code   262  usmart_str.o(i.usmart_str2num)
    usmart_strcmp                            0x0800eaa5   Thumb Code    34  usmart_str.o(i.usmart_strcmp)
    usmart_strcopy                           0x0800eac7   Thumb Code    22  usmart_str.o(i.usmart_strcopy)
    usmart_strlen                            0x0800eadd   Thumb Code    24  usmart_str.o(i.usmart_strlen)
    usmart_sys_cmd_exe                       0x0800eaf5   Thumb Code  1570  usmart.o(i.usmart_sys_cmd_exe)
    usmart_timx_get_time                     0x0800f1e9   Thumb Code    58  usmart_port.o(i.usmart_timx_get_time)
    usmart_timx_init                         0x0800f22d   Thumb Code    84  usmart_port.o(i.usmart_timx_init)
    usmart_timx_reset_time                   0x0800f28d   Thumb Code    44  usmart_port.o(i.usmart_timx_reset_time)
    write_addr                               0x0800f2c1   Thumb Code     4  usmart.o(i.write_addr)
    _get_lc_numeric                          0x0800f2c5   Thumb Code    44  lc_numeric_c.o(locale$$code)
    _fp_init                                 0x0800f2f1   Thumb Code    10  fpinit.o(x$fpl$fpinit)
    __fplib_config_fpu_vfp                   0x0800f2f9   Thumb Code     0  fpinit.o(x$fpl$fpinit)
    __fplib_config_pureend_doubles           0x0800f2f9   Thumb Code     0  fpinit.o(x$fpl$fpinit)
    _printf_fp_dec                           0x0800f2fb   Thumb Code     4  printf1.o(x$fpl$printf1)
    __I$use$fp                               0x0800f2fe   Number         0  usenofp.o(x$fpl$usenofp)
    D1CorePrescTable                         0x0800f304   Data          16  system_stm32h7xx.o(.constdata)
    UARTPrescTable                           0x0800f314   Data          24  stm32h7xx_hal_uart.o(.constdata)
    asc2_1206                                0x0800f32c   Data        1140  lcd.o(.constdata)
    asc2_1608                                0x0800f7a0   Data        1520  lcd.o(.constdata)
    asc2_2412                                0x0800fd90   Data        3420  lcd.o(.constdata)
    asc2_3216                                0x08010aec   Data        6080  lcd.o(.constdata)
    s_network_weights_array_u64              0x08012460   Data       38928  network_data_params.o(.constdata)
    Region$$Table$$Base                      0x0801bf6c   Number         0  anon$$obj.o(Region$$Table)
    Region$$Table$$Limit                     0x0801bf8c   Number         0  anon$$obj.o(Region$$Table)
    network                                  0x24000000   Data           4  main.o(.data)
    activities                               0x24000004   Data          12  main.o(.data)
    ai_input                                 0x24000010   Data           4  main.o(.data)
    ai_output                                0x24000014   Data           4  main.o(.data)
    SystemCoreClock                          0x24000018   Data           4  system_stm32h7xx.o(.data)
    SystemD2Clock                            0x2400001c   Data           4  system_stm32h7xx.o(.data)
    __stdout                                 0x24000024   Data           4  usart.o(.data)
    g_usart_rx_sta                           0x24000028   Data           2  usart.o(.data)
    g_rx_buffer                              0x2400002a   Data           1  usart.o(.data)
    uwTick                                   0x2400002c   Data           4  stm32h7xx_hal.o(.data)
    uwTickPrio                               0x24000030   Data           4  stm32h7xx_hal.o(.data)
    uwTickFreq                               0x24000034   Data           1  stm32h7xx_hal.o(.data)
    g_point_color                            0x24000038   Data           4  lcd.o(.data)
    g_back_color                             0x2400003c   Data           4  lcd.o(.data)
    g_ltdc_framebuf                          0x24000040   Data           8  ltdc.o(.data)
    sys_cmd_tab                              0x2400004c   Data          28  usmart.o(.data)
    usmart_nametab                           0x24000068   Data          48  usmart_config.o(.data)
    usmart_dev                               0x24000098   Data         244  usmart_config.o(.data)
    g_network_data_map_activations           0x240008bc   Data          28  network_data.o(.data)
    g_network_data_map_weights               0x240008d8   Data          28  network_data.o(.data)
    aiInData                                 0x240008f4   Data          36  main.o(.bss)
    aiOutData                                0x24000918   Data          12  main.o(.bss)
    activations                              0x24000924   Data         768  main.o(.bss)
    g_usart_rx_buf                           0x24000c24   Data         200  usart.o(.bss)
    g_uart1_handle                           0x24000cec   Data         144  usart.o(.bss)
    g_sram_handle                            0x24000d7c   Data          76  lcd.o(.bss)
    lcddev                                   0x24000dc8   Data          14  lcd.o(.bss)
    g_sdram_handle                           0x24000dd8   Data          52  sdram.o(.bss)
    g_ltdc_handle                            0x24000e0c   Data         168  ltdc.o(.bss)
    g_dma2d_handle                           0x24000eb4   Data         104  ltdc.o(.bss)
    lcdltdc                                  0x24000f1c   Data          32  ltdc.o(.bss)
    g_timx_usmart_handle                     0x24000f4c   Data          76  usmart_port.o(.bss)
    __libspace_start                         0x24000ff0   Data          96  libspace.o(.bss)
    __temporary_stack_top$libspace           0x24001050   Data           0  libspace.o(.bss)
    ltdc_lcd_framebuf                        0xc0000000   Data       2048000  ltdc.o(.ARM.__AT_0xC0000000)



==============================================================================

Memory Map of the image

  Image Entry point : 0x08000299

  Load Region LR_IROM1 (Base: 0x08000000, Size: 0x0001c89c, Max: 0x00200000, ABSOLUTE, COMPRESSED[0x0001c298])

    Execution Region ER_IROM1 (Exec base: 0x08000000, Load base: 0x08000000, Size: 0x0001bfa8, Max: 0x00200000, ABSOLUTE)

    Exec Addr    Load Addr    Size         Type   Attr      Idx    E Section Name        Object

    0x08000000   0x08000000   0x00000298   Data   RO            3    RESET               startup_stm32h743xx.o
    0x08000298   0x08000298   0x00000008   Code   RO         7408  * !!!main             c_w.l(__main.o)
    0x080002a0   0x080002a0   0x00000034   Code   RO         7968    !!!scatter          c_w.l(__scatter.o)
    0x080002d4   0x080002d4   0x0000005a   Code   RO         7966    !!dczerorl2         c_w.l(__dczerorl2.o)
    0x0800032e   0x0800032e   0x00000002   PAD
    0x08000330   0x08000330   0x0000001c   Code   RO         7970    !!handler_zi        c_w.l(__scatter_zi.o)
    0x0800034c   0x0800034c   0x00000000   Code   RO         7399    .ARM.Collect$$_printf_percent$$00000000  c_w.l(_printf_percent.o)
    0x0800034c   0x0800034c   0x00000006   Code   RO         7398    .ARM.Collect$$_printf_percent$$00000003  c_w.l(_printf_f.o)
    0x08000352   0x08000352   0x00000006   Code   RO         7396    .ARM.Collect$$_printf_percent$$00000009  c_w.l(_printf_d.o)
    0x08000358   0x08000358   0x00000006   Code   RO         7397    .ARM.Collect$$_printf_percent$$0000000A  c_w.l(_printf_u.o)
    0x0800035e   0x0800035e   0x00000006   Code   RO         7395    .ARM.Collect$$_printf_percent$$0000000C  c_w.l(_printf_x.o)
    0x08000364   0x08000364   0x00000006   Code   RO         7393    .ARM.Collect$$_printf_percent$$00000013  c_w.l(_printf_c.o)
    0x0800036a   0x0800036a   0x00000006   Code   RO         7394    .ARM.Collect$$_printf_percent$$00000014  c_w.l(_printf_s.o)
    0x08000370   0x08000370   0x00000004   Code   RO         7690    .ARM.Collect$$_printf_percent$$00000017  c_w.l(_printf_percent_end.o)
    0x08000374   0x08000374   0x00000002   Code   RO         7907    .ARM.Collect$$libinit$$00000000  c_w.l(libinit.o)
    0x08000376   0x08000376   0x00000004   Code   RO         7693    .ARM.Collect$$libinit$$00000001  c_w.l(libinit2.o)
    0x0800037a   0x0800037a   0x00000000   Code   RO         7696    .ARM.Collect$$libinit$$00000004  c_w.l(libinit2.o)
    0x0800037a   0x0800037a   0x00000000   Code   RO         7699    .ARM.Collect$$libinit$$0000000A  c_w.l(libinit2.o)
    0x0800037a   0x0800037a   0x00000000   Code   RO         7701    .ARM.Collect$$libinit$$0000000C  c_w.l(libinit2.o)
    0x0800037a   0x0800037a   0x00000000   Code   RO         7703    .ARM.Collect$$libinit$$0000000E  c_w.l(libinit2.o)
    0x0800037a   0x0800037a   0x00000006   Code   RO         7704    .ARM.Collect$$libinit$$0000000F  c_w.l(libinit2.o)
    0x08000380   0x08000380   0x00000000   Code   RO         7706    .ARM.Collect$$libinit$$00000011  c_w.l(libinit2.o)
    0x08000380   0x08000380   0x00000000   Code   RO         7708    .ARM.Collect$$libinit$$00000013  c_w.l(libinit2.o)
    0x08000380   0x08000380   0x00000000   Code   RO         7710    .ARM.Collect$$libinit$$00000015  c_w.l(libinit2.o)
    0x08000380   0x08000380   0x0000000a   Code   RO         7711    .ARM.Collect$$libinit$$00000016  c_w.l(libinit2.o)
    0x0800038a   0x0800038a   0x00000000   Code   RO         7712    .ARM.Collect$$libinit$$00000017  c_w.l(libinit2.o)
    0x0800038a   0x0800038a   0x00000000   Code   RO         7714    .ARM.Collect$$libinit$$00000019  c_w.l(libinit2.o)
    0x0800038a   0x0800038a   0x00000000   Code   RO         7716    .ARM.Collect$$libinit$$0000001B  c_w.l(libinit2.o)
    0x0800038a   0x0800038a   0x00000000   Code   RO         7718    .ARM.Collect$$libinit$$0000001D  c_w.l(libinit2.o)
    0x0800038a   0x0800038a   0x00000000   Code   RO         7720    .ARM.Collect$$libinit$$0000001F  c_w.l(libinit2.o)
    0x0800038a   0x0800038a   0x00000000   Code   RO         7722    .ARM.Collect$$libinit$$00000021  c_w.l(libinit2.o)
    0x0800038a   0x0800038a   0x00000000   Code   RO         7724    .ARM.Collect$$libinit$$00000023  c_w.l(libinit2.o)
    0x0800038a   0x0800038a   0x00000000   Code   RO         7726    .ARM.Collect$$libinit$$00000025  c_w.l(libinit2.o)
    0x0800038a   0x0800038a   0x00000000   Code   RO         7730    .ARM.Collect$$libinit$$0000002C  c_w.l(libinit2.o)
    0x0800038a   0x0800038a   0x00000000   Code   RO         7732    .ARM.Collect$$libinit$$0000002E  c_w.l(libinit2.o)
    0x0800038a   0x0800038a   0x00000000   Code   RO         7734    .ARM.Collect$$libinit$$00000030  c_w.l(libinit2.o)
    0x0800038a   0x0800038a   0x00000000   Code   RO         7736    .ARM.Collect$$libinit$$00000032  c_w.l(libinit2.o)
    0x0800038a   0x0800038a   0x00000002   Code   RO         7737    .ARM.Collect$$libinit$$00000033  c_w.l(libinit2.o)
    0x0800038c   0x0800038c   0x00000002   Code   RO         7963    .ARM.Collect$$libshutdown$$00000000  c_w.l(libshutdown.o)
    0x0800038e   0x0800038e   0x00000000   Code   RO         7921    .ARM.Collect$$libshutdown$$00000002  c_w.l(libshutdown2.o)
    0x0800038e   0x0800038e   0x00000000   Code   RO         7923    .ARM.Collect$$libshutdown$$00000004  c_w.l(libshutdown2.o)
    0x0800038e   0x0800038e   0x00000000   Code   RO         7925    .ARM.Collect$$libshutdown$$00000006  c_w.l(libshutdown2.o)
    0x0800038e   0x0800038e   0x00000000   Code   RO         7928    .ARM.Collect$$libshutdown$$00000009  c_w.l(libshutdown2.o)
    0x0800038e   0x0800038e   0x00000000   Code   RO         7931    .ARM.Collect$$libshutdown$$0000000C  c_w.l(libshutdown2.o)
    0x0800038e   0x0800038e   0x00000000   Code   RO         7933    .ARM.Collect$$libshutdown$$0000000E  c_w.l(libshutdown2.o)
    0x0800038e   0x0800038e   0x00000000   Code   RO         7936    .ARM.Collect$$libshutdown$$00000011  c_w.l(libshutdown2.o)
    0x0800038e   0x0800038e   0x00000002   Code   RO         7937    .ARM.Collect$$libshutdown$$00000012  c_w.l(libshutdown2.o)
    0x08000390   0x08000390   0x00000000   Code   RO         7646    .ARM.Collect$$rtentry$$00000000  c_w.l(__rtentry.o)
    0x08000390   0x08000390   0x00000000   Code   RO         7795    .ARM.Collect$$rtentry$$00000002  c_w.l(__rtentry2.o)
    0x08000390   0x08000390   0x00000006   Code   RO         7807    .ARM.Collect$$rtentry$$00000004  c_w.l(__rtentry4.o)
    0x08000396   0x08000396   0x00000000   Code   RO         7797    .ARM.Collect$$rtentry$$00000009  c_w.l(__rtentry2.o)
    0x08000396   0x08000396   0x00000004   Code   RO         7798    .ARM.Collect$$rtentry$$0000000A  c_w.l(__rtentry2.o)
    0x0800039a   0x0800039a   0x00000000   Code   RO         7800    .ARM.Collect$$rtentry$$0000000C  c_w.l(__rtentry2.o)
    0x0800039a   0x0800039a   0x00000008   Code   RO         7801    .ARM.Collect$$rtentry$$0000000D  c_w.l(__rtentry2.o)
    0x080003a2   0x080003a2   0x00000002   Code   RO         7908    .ARM.Collect$$rtexit$$00000000  c_w.l(rtexit.o)
    0x080003a4   0x080003a4   0x00000000   Code   RO         7939    .ARM.Collect$$rtexit$$00000002  c_w.l(rtexit2.o)
    0x080003a4   0x080003a4   0x00000004   Code   RO         7940    .ARM.Collect$$rtexit$$00000003  c_w.l(rtexit2.o)
    0x080003a8   0x080003a8   0x00000006   Code   RO         7941    .ARM.Collect$$rtexit$$00000004  c_w.l(rtexit2.o)
    0x080003ae   0x080003ae   0x00000002   PAD
    0x080003b0   0x080003b0   0x0000004c   Code   RO            4    .text               startup_stm32h743xx.o
    0x080003fc   0x080003fc   0x00000002   Code   RO         7264    .text               c_w.l(use_no_semi_2.o)
    0x080003fe   0x080003fe   0x000000ee   Code   RO         7334    .text               c_w.l(lludivv7m.o)
    0x080004ec   0x080004ec   0x00000018   Code   RO         7340    .text               c_w.l(noretval__2printf.o)
    0x08000504   0x08000504   0x00000028   Code   RO         7342    .text               c_w.l(noretval__2sprintf.o)
    0x0800052c   0x0800052c   0x0000004e   Code   RO         7346    .text               c_w.l(_printf_pad.o)
    0x0800057a   0x0800057a   0x00000052   Code   RO         7348    .text               c_w.l(_printf_str.o)
    0x080005cc   0x080005cc   0x00000078   Code   RO         7350    .text               c_w.l(_printf_dec.o)
    0x08000644   0x08000644   0x00000058   Code   RO         7355    .text               c_w.l(_printf_hex_int.o)
    0x0800069c   0x0800069c   0x00000188   Code   RO         7390    .text               c_w.l(__printf_flags_ss_wp.o)
    0x08000824   0x08000824   0x00000058   Code   RO         7400    .text               c_w.l(memcmp.o)
    0x0800087c   0x0800087c   0x00000064   Code   RO         7402    .text               c_w.l(rt_memcpy_w.o)
    0x080008e0   0x080008e0   0x0000004e   Code   RO         7404    .text               c_w.l(rt_memclr_w.o)
    0x0800092e   0x0800092e   0x00000006   Code   RO         7406    .text               c_w.l(heapauxi.o)
    0x08000934   0x08000934   0x00000002   Code   RO         7642    .text               c_w.l(use_no_semi.o)
    0x08000936   0x08000936   0x00000016   Code   RO         7676    .text               c_w.l(_rserrno.o)
    0x0800094c   0x0800094c   0x000000b2   Code   RO         7678    .text               c_w.l(_printf_intcommon.o)
    0x080009fe   0x080009fe   0x0000041e   Code   RO         7680    .text               c_w.l(_printf_fp_dec.o)
    0x08000e1c   0x08000e1c   0x00000030   Code   RO         7682    .text               c_w.l(_printf_char_common.o)
    0x08000e4c   0x08000e4c   0x0000000a   Code   RO         7684    .text               c_w.l(_sputc.o)
    0x08000e56   0x08000e56   0x0000002c   Code   RO         7686    .text               c_w.l(_printf_char.o)
    0x08000e82   0x08000e82   0x00000002   PAD
    0x08000e84   0x08000e84   0x00000024   Code   RO         7688    .text               c_w.l(_printf_char_file.o)
    0x08000ea8   0x08000ea8   0x00000008   Code   RO         7791    .text               c_w.l(libspace.o)
    0x08000eb0   0x08000eb0   0x00000008   Code   RO         7814    .text               c_w.l(rt_locale_intlibspace.o)
    0x08000eb8   0x08000eb8   0x00000008   Code   RO         7819    .text               c_w.l(rt_errno_addr_intlibspace.o)
    0x08000ec0   0x08000ec0   0x0000008a   Code   RO         7829    .text               c_w.l(lludiv10.o)
    0x08000f4a   0x08000f4a   0x00000002   PAD
    0x08000f4c   0x08000f4c   0x00000080   Code   RO         7831    .text               c_w.l(_printf_fp_infnan.o)
    0x08000fcc   0x08000fcc   0x000000e4   Code   RO         7835    .text               c_w.l(bigflt0.o)
    0x080010b0   0x080010b0   0x00000008   Code   RO         7860    .text               c_w.l(ferror.o)
    0x080010b8   0x080010b8   0x0000004a   Code   RO         7880    .text               c_w.l(sys_stackheap_outer.o)
    0x08001102   0x08001102   0x00000012   Code   RO         7886    .text               c_w.l(exit.o)
    0x08001114   0x08001114   0x00000068   Code   RO         7896    .text               c_w.l(strcmpv7m_pel.o)
    0x0800117c   0x0800117c   0x0000003e   Code   RO         7838    CL$$btod_d2e        c_w.l(btod.o)
    0x080011ba   0x080011ba   0x00000046   Code   RO         7840    CL$$btod_d2e_denorm_low  c_w.l(btod.o)
    0x08001200   0x08001200   0x00000060   Code   RO         7839    CL$$btod_d2e_norm_op1  c_w.l(btod.o)
    0x08001260   0x08001260   0x00000338   Code   RO         7848    CL$$btod_div_common  c_w.l(btod.o)
    0x08001598   0x08001598   0x000000dc   Code   RO         7845    CL$$btod_e2e        c_w.l(btod.o)
    0x08001674   0x08001674   0x0000002a   Code   RO         7842    CL$$btod_ediv       c_w.l(btod.o)
    0x0800169e   0x0800169e   0x0000002a   Code   RO         7841    CL$$btod_emul       c_w.l(btod.o)
    0x080016c8   0x080016c8   0x00000244   Code   RO         7847    CL$$btod_mult_common  c_w.l(btod.o)
    0x0800190c   0x0800190c   0x00000080   Code   RO           13    i.AI_Init           main.o
    0x0800198c   0x0800198c   0x00000078   Code   RO           14    i.AI_Run            main.o
    0x08001a04   0x08001a04   0x00000004   Code   RO          453    i.BusFault_Handler  stm32h7xx_it.o
    0x08001a08   0x08001a08   0x000000f8   Code   RO         5798    i.CRC_Is_Enabled    NetworkRuntime810_CM7_Keil.lib(ai_platform_interface.o)
    0x08001b00   0x08001b00   0x000000f8   Code   RO         5799    i.CRC_Lock          NetworkRuntime810_CM7_Keil.lib(ai_platform_interface.o)
    0x08001bf8   0x08001bf8   0x00000002   Code   RO          454    i.DebugMon_Handler  stm32h7xx_it.o
    0x08001bfa   0x08001bfa   0x00000002   PAD
    0x08001bfc   0x08001bfc   0x00000044   Code   RO         3843    i.FMC_NORSRAM_Extended_Timing_Init  stm32h7xx_ll_fmc.o
    0x08001c40   0x08001c40   0x000000a4   Code   RO         3844    i.FMC_NORSRAM_Init  stm32h7xx_ll_fmc.o
    0x08001ce4   0x08001ce4   0x00000066   Code   RO         3845    i.FMC_NORSRAM_Timing_Init  stm32h7xx_ll_fmc.o
    0x08001d4a   0x08001d4a   0x0000006c   Code   RO         3850    i.FMC_SDRAM_Init    stm32h7xx_ll_fmc.o
    0x08001db6   0x08001db6   0x00000014   Code   RO         3851    i.FMC_SDRAM_ProgramRefreshRate  stm32h7xx_ll_fmc.o
    0x08001dca   0x08001dca   0x00000026   Code   RO         3852    i.FMC_SDRAM_SendCommand  stm32h7xx_ll_fmc.o
    0x08001df0   0x08001df0   0x00000094   Code   RO         3854    i.FMC_SDRAM_Timing_Init  stm32h7xx_ll_fmc.o
    0x08001e84   0x08001e84   0x000004dc   Code   RO         1228    i.HAL_DMA_Abort     stm32h7xx_hal_dma.o
    0x08002360   0x08002360   0x00000398   Code   RO         1229    i.HAL_DMA_Abort_IT  stm32h7xx_hal_dma.o
    0x080026f8   0x080026f8   0x00000014   Code   RO          779    i.HAL_EnableCompensationCell  stm32h7xx_hal.o
    0x0800270c   0x0800270c   0x000001fc   Code   RO         1413    i.HAL_GPIO_Init     stm32h7xx_hal_gpio.o
    0x08002908   0x08002908   0x00000010   Code   RO         1415    i.HAL_GPIO_ReadPin  stm32h7xx_hal_gpio.o
    0x08002918   0x08002918   0x00000014   Code   RO         1416    i.HAL_GPIO_TogglePin  stm32h7xx_hal_gpio.o
    0x0800292c   0x0800292c   0x0000000c   Code   RO         1417    i.HAL_GPIO_WritePin  stm32h7xx_hal_gpio.o
    0x08002938   0x08002938   0x0000000c   Code   RO          783    i.HAL_GetREVID      stm32h7xx_hal.o
    0x08002944   0x08002944   0x0000000c   Code   RO          784    i.HAL_GetTick       stm32h7xx_hal.o
    0x08002950   0x08002950   0x00000018   Code   RO          790    i.HAL_IncTick       stm32h7xx_hal.o
    0x08002968   0x08002968   0x00000060   Code   RO          791    i.HAL_Init          stm32h7xx_hal.o
    0x080029c8   0x080029c8   0x00000058   Code   RO          792    i.HAL_InitTick      stm32h7xx_hal.o
    0x08002a20   0x08002a20   0x0000005e   Code   RO         4301    i.HAL_LTDC_ConfigLayer  stm32h7xx_hal_ltdc.o
    0x08002a7e   0x08002a7e   0x00000002   PAD
    0x08002a80   0x08002a80   0x00000118   Code   RO         4318    i.HAL_LTDC_Init     stm32h7xx_hal_ltdc.o
    0x08002b98   0x08002b98   0x00000198   Code   RO         4925    i.HAL_LTDC_MspInit  ltdc.o
    0x08002d30   0x08002d30   0x0000006c   Code   RO         4333    i.HAL_LTDC_SetWindowPosition  stm32h7xx_hal_ltdc.o
    0x08002d9c   0x08002d9c   0x0000006c   Code   RO         4335    i.HAL_LTDC_SetWindowSize  stm32h7xx_hal_ltdc.o
    0x08002e08   0x08002e08   0x0000005c   Code   RO         1078    i.HAL_MPU_ConfigRegion  stm32h7xx_hal_cortex.o
    0x08002e64   0x08002e64   0x0000002c   Code   RO         1079    i.HAL_MPU_Disable   stm32h7xx_hal_cortex.o
    0x08002e90   0x08002e90   0x00000040   Code   RO         1080    i.HAL_MPU_Enable    stm32h7xx_hal_cortex.o
    0x08002ed0   0x08002ed0   0x00000002   Code   RO          794    i.HAL_MspInit       stm32h7xx_hal.o
    0x08002ed2   0x08002ed2   0x00000028   Code   RO         1083    i.HAL_NVIC_EnableIRQ  stm32h7xx_hal_cortex.o
    0x08002efa   0x08002efa   0x0000007a   Code   RO         1089    i.HAL_NVIC_SetPriority  stm32h7xx_hal_cortex.o
    0x08002f74   0x08002f74   0x00000028   Code   RO         1090    i.HAL_NVIC_SetPriorityGrouping  stm32h7xx_hal_cortex.o
    0x08002f9c   0x08002f9c   0x00000014   Code   RO         1618    i.HAL_PWREx_EnableUSBVoltageDetector  stm32h7xx_hal_pwr_ex.o
    0x08002fb0   0x08002fb0   0x00000024   Code   RO         1970    i.HAL_RCCEx_GetD3PCLK1Freq  stm32h7xx_hal_rcc_ex.o
    0x08002fd4   0x08002fd4   0x00000230   Code   RO         1972    i.HAL_RCCEx_GetPLL2ClockFreq  stm32h7xx_hal_rcc_ex.o
    0x08003204   0x08003204   0x00000230   Code   RO         1973    i.HAL_RCCEx_GetPLL3ClockFreq  stm32h7xx_hal_rcc_ex.o
    0x08003434   0x08003434   0x00000b64   Code   RO         1979    i.HAL_RCCEx_PeriphCLKConfig  stm32h7xx_hal_rcc_ex.o
    0x08003f98   0x08003f98   0x00000320   Code   RO         1855    i.HAL_RCC_ClockConfig  stm32h7xx_hal_rcc.o
    0x080042b8   0x080042b8   0x0000004c   Code   RO         1860    i.HAL_RCC_GetHCLKFreq  stm32h7xx_hal_rcc.o
    0x08004304   0x08004304   0x00000024   Code   RO         1862    i.HAL_RCC_GetPCLK1Freq  stm32h7xx_hal_rcc.o
    0x08004328   0x08004328   0x00000024   Code   RO         1863    i.HAL_RCC_GetPCLK2Freq  stm32h7xx_hal_rcc.o
    0x0800434c   0x0800434c   0x0000022c   Code   RO         1864    i.HAL_RCC_GetSysClockFreq  stm32h7xx_hal_rcc.o
    0x08004578   0x08004578   0x00000800   Code   RO         1867    i.HAL_RCC_OscConfig  stm32h7xx_hal_rcc.o
    0x08004d78   0x08004d78   0x00000050   Code   RO         4133    i.HAL_SDRAM_Init    stm32h7xx_hal_sdram.o
    0x08004dc8   0x08004dc8   0x0000011c   Code   RO         4868    i.HAL_SDRAM_MspInit  sdram.o
    0x08004ee4   0x08004ee4   0x00000036   Code   RO         4136    i.HAL_SDRAM_ProgramRefreshRate  stm32h7xx_hal_sdram.o
    0x08004f1a   0x08004f1a   0x0000004e   Code   RO         4142    i.HAL_SDRAM_SendCommand  stm32h7xx_hal_sdram.o
    0x08004f68   0x08004f68   0x00000070   Code   RO         3704    i.HAL_SRAM_Init     stm32h7xx_hal_sram.o
    0x08004fd8   0x08004fd8   0x00000098   Code   RO         4597    i.HAL_SRAM_MspInit  lcd.o
    0x08005070   0x08005070   0x00000034   Code   RO         1094    i.HAL_SYSTICK_Config  stm32h7xx_hal_cortex.o
    0x080050a4   0x080050a4   0x0000006e   Code   RO         2684    i.HAL_TIM_Base_Init  stm32h7xx_hal_tim.o
    0x08005112   0x08005112   0x00000002   Code   RO         2686    i.HAL_TIM_Base_MspInit  stm32h7xx_hal_tim.o
    0x08005114   0x08005114   0x000000b4   Code   RO         2689    i.HAL_TIM_Base_Start_IT  stm32h7xx_hal_tim.o
    0x080051c8   0x080051c8   0x00000002   Code   RO         2149    i.HAL_UARTEx_RxEventCallback  stm32h7xx_hal_uart.o
    0x080051ca   0x080051ca   0x00000002   Code   RO         2572    i.HAL_UARTEx_RxFifoFullCallback  stm32h7xx_hal_uart_ex.o
    0x080051cc   0x080051cc   0x00000002   Code   RO         2576    i.HAL_UARTEx_TxFifoEmptyCallback  stm32h7xx_hal_uart_ex.o
    0x080051ce   0x080051ce   0x00000002   Code   RO         2577    i.HAL_UARTEx_WakeupCallback  stm32h7xx_hal_uart_ex.o
    0x080051d0   0x080051d0   0x00000002   Code   RO         2165    i.HAL_UART_ErrorCallback  stm32h7xx_hal_uart.o
    0x080051d2   0x080051d2   0x00000002   PAD
    0x080051d4   0x080051d4   0x00000458   Code   RO         2168    i.HAL_UART_IRQHandler  stm32h7xx_hal_uart.o
    0x0800562c   0x0800562c   0x00000078   Code   RO         2169    i.HAL_UART_Init     stm32h7xx_hal_uart.o
    0x080056a4   0x080056a4   0x000000c0   Code   RO          688    i.HAL_UART_MspInit  usart.o
    0x08005764   0x08005764   0x00000074   Code   RO         2174    i.HAL_UART_Receive_IT  stm32h7xx_hal_uart.o
    0x080057d8   0x080057d8   0x0000009c   Code   RO          689    i.HAL_UART_RxCpltCallback  usart.o
    0x08005874   0x08005874   0x00000002   Code   RO         2181    i.HAL_UART_TxCpltCallback  stm32h7xx_hal_uart.o
    0x08005876   0x08005876   0x00000004   Code   RO          455    i.HardFault_Handler  stm32h7xx_it.o
    0x0800587a   0x0800587a   0x00000210   Code   RO         4337    i.LTDC_SetConfig    stm32h7xx_hal_ltdc.o
    0x08005a8a   0x08005a8a   0x00000004   Code   RO          456    i.MemManage_Handler  stm32h7xx_it.o
    0x08005a8e   0x08005a8e   0x00000004   Code   RO          457    i.NMI_Handler       stm32h7xx_it.o
    0x08005a92   0x08005a92   0x00000002   Code   RO          458    i.PendSV_Handler    stm32h7xx_it.o
    0x08005a94   0x08005a94   0x00000164   Code   RO         1982    i.RCCEx_PLL2_Config  stm32h7xx_hal_rcc_ex.o
    0x08005bf8   0x08005bf8   0x00000164   Code   RO         1983    i.RCCEx_PLL3_Config  stm32h7xx_hal_rcc_ex.o
    0x08005d5c   0x08005d5c   0x00000002   Code   RO          459    i.SVC_Handler       stm32h7xx_it.o
    0x08005d5e   0x08005d5e   0x00000008   Code   RO          460    i.SysTick_Handler   stm32h7xx_it.o
    0x08005d66   0x08005d66   0x00000002   PAD
    0x08005d68   0x08005d68   0x000000fc   Code   RO          529    i.SystemInit        system_stm32h7xx.o
    0x08005e64   0x08005e64   0x00000044   Code   RO         5325    i.TIM4_IRQHandler   usmart_port.o
    0x08005ea8   0x08005ea8   0x000000cc   Code   RO         2777    i.TIM_Base_SetConfig  stm32h7xx_hal_tim.o
    0x08005f74   0x08005f74   0x000000f8   Code   RO         2183    i.UART_AdvFeatureConfig  stm32h7xx_hal_uart.o
    0x0800606c   0x0800606c   0x00000076   Code   RO         2184    i.UART_CheckIdleState  stm32h7xx_hal_uart.o
    0x080060e2   0x080060e2   0x00000018   Code   RO         2185    i.UART_DMAAbortOnError  stm32h7xx_hal_uart.o
    0x080060fa   0x080060fa   0x00000002   PAD
    0x080060fc   0x080060fc   0x0000006c   Code   RO         2195    i.UART_EndRxTransfer  stm32h7xx_hal_uart.o
    0x08006168   0x08006168   0x00000030   Code   RO         2196    i.UART_EndTransmit_IT  stm32h7xx_hal_uart.o
    0x08006198   0x08006198   0x000000d2   Code   RO         2198    i.UART_RxISR_16BIT  stm32h7xx_hal_uart.o
    0x0800626a   0x0800626a   0x00000002   PAD
    0x0800626c   0x0800626c   0x000001c8   Code   RO         2199    i.UART_RxISR_16BIT_FIFOEN  stm32h7xx_hal_uart.o
    0x08006434   0x08006434   0x000000ce   Code   RO         2200    i.UART_RxISR_8BIT   stm32h7xx_hal_uart.o
    0x08006502   0x08006502   0x00000002   PAD
    0x08006504   0x08006504   0x000001c8   Code   RO         2201    i.UART_RxISR_8BIT_FIFOEN  stm32h7xx_hal_uart.o
    0x080066cc   0x080066cc   0x0000058c   Code   RO         2202    i.UART_SetConfig    stm32h7xx_hal_uart.o
    0x08006c58   0x08006c58   0x00000170   Code   RO         2204    i.UART_Start_Receive_IT  stm32h7xx_hal_uart.o
    0x08006dc8   0x08006dc8   0x000000fe   Code   RO         2209    i.UART_WaitOnFlagUntilTimeout  stm32h7xx_hal_uart.o
    0x08006ec6   0x08006ec6   0x00000002   PAD
    0x08006ec8   0x08006ec8   0x00000010   Code   RO          690    i.USART1_IRQHandler  usart.o
    0x08006ed8   0x08006ed8   0x00000004   Code   RO          461    i.UsageFault_Handler  stm32h7xx_it.o
    0x08006edc   0x08006edc   0x00000030   Code   RO         7878    i.__ARM_fpclassify  m_wv.l(fpclassify.o)
    0x08006f0c   0x08006f0c   0x00000026   Code   RO         7753    i.__ARM_fpclassifyf  m_wv.l(fpclassifyf.o)
    0x08006f32   0x08006f32   0x00000002   PAD
    0x08006f34   0x08006f34   0x00000010   Code   RO         1096    i.__NVIC_GetPriorityGrouping  stm32h7xx_hal_cortex.o
    0x08006f44   0x08006f44   0x00000028   Code   RO         1097    i.__NVIC_SetPriority  stm32h7xx_hal_cortex.o
    0x08006f6c   0x08006f6c   0x000000f8   Code   RO         6666    i.__ai_math_dot_array  NetworkRuntime810_CM7_Keil.lib(lite_dense_if32.o)
    0x08007064   0x08007064   0x000001f4   Code   RO         7530    i.__hardfp_expf     m_wv.l(expf.o)
    0x08007258   0x08007258   0x00000006   Code   RO         7756    i.__mathlib_flt_infnan  m_wv.l(funder.o)
    0x0800725e   0x0800725e   0x00000002   PAD
    0x08007260   0x08007260   0x00000010   Code   RO         7759    i.__mathlib_flt_overflow  m_wv.l(funder.o)
    0x08007270   0x08007270   0x00000010   Code   RO         7761    i.__mathlib_flt_underflow  m_wv.l(funder.o)
    0x08007280   0x08007280   0x00000130   Code   RO         5881    i._ai_dict4_dot_array_f32  NetworkRuntime810_CM7_Keil.lib(layers_conv2d_generic_float.o)
    0x080073b0   0x080073b0   0x000000fc   Code   RO         5882    i._ai_dict8_dot_array_f32  NetworkRuntime810_CM7_Keil.lib(layers_conv2d_generic_float.o)
    0x080074ac   0x080074ac   0x00000012   Code   RO         6609    i._ai_forward_layer  NetworkRuntime810_CM7_Keil.lib(layers.o)
    0x080074be   0x080074be   0x00000004   Code   RO         5800    i._ai_platform_acquire_crc  NetworkRuntime810_CM7_Keil.lib(ai_platform_interface.o)
    0x080074c2   0x080074c2   0x00000002   PAD
    0x080074c4   0x080074c4   0x000000e0   Code   RO         5801    i._ai_platform_get_io_buffers_info  NetworkRuntime810_CM7_Keil.lib(ai_platform_interface.o)
    0x080075a4   0x080075a4   0x00000002   Code   RO         5802    i._ai_platform_release_crc  NetworkRuntime810_CM7_Keil.lib(ai_platform_interface.o)
    0x080075a6   0x080075a6   0x00000002   PAD
    0x080075a8   0x080075a8   0x000000a4   Code   RO         5917    i._forward_lite_nl_relu_generic_if32of32  NetworkRuntime810_CM7_Keil.lib(layers_nl_generic_float.o)
    0x0800764c   0x0800764c   0x00000038   Code   RO         5918    i._forward_lite_nl_relu_thresholded_if32of32  NetworkRuntime810_CM7_Keil.lib(layers_nl_generic_float.o)
    0x08007684   0x08007684   0x0000000e   Code   RO         7383    i._is_digit         c_w.l(__printf_wp.o)
    0x08007692   0x08007692   0x0000004a   Code   RO         5803    i._platform_ai_buffer_array_copy  NetworkRuntime810_CM7_Keil.lib(ai_platform_interface.o)
    0x080076dc   0x080076dc   0x00000050   Code   RO         5804    i._platform_get_table_map_from_buffer  NetworkRuntime810_CM7_Keil.lib(ai_platform_interface.o)
    0x0800772c   0x0800772c   0x00000044   Code   RO         5805    i._platform_get_table_map_from_buffer_array  NetworkRuntime810_CM7_Keil.lib(ai_platform_interface.o)
    0x08007770   0x08007770   0x00000014   Code   RO         5806    i._platform_network_buffers_signature_valid  NetworkRuntime810_CM7_Keil.lib(ai_platform_interface.o)
    0x08007784   0x08007784   0x00000210   Code   RO         5807    i._platform_network_io_bind  NetworkRuntime810_CM7_Keil.lib(ai_platform_interface.o)
    0x08007994   0x08007994   0x0000003e   Code   RO         5808    i._platform_network_state_setup  NetworkRuntime810_CM7_Keil.lib(ai_platform_interface.o)
    0x080079d2   0x080079d2   0x0000006a   Code   RO         5809    i._platform_network_state_update_input  NetworkRuntime810_CM7_Keil.lib(ai_platform_interface.o)
    0x08007a3c   0x08007a3c   0x00000080   Code   RO         5810    i._platform_network_state_update_output  NetworkRuntime810_CM7_Keil.lib(ai_platform_interface.o)
    0x08007abc   0x08007abc   0x00000004   Code   RO          692    i._sys_exit         usart.o
    0x08007ac0   0x08007ac0   0x0000003c   Code   RO         6104    i.ai_array_get_byte_size  NetworkRuntime810_CM7_Keil.lib(ai_datatypes_format.o)
    0x08007afc   0x08007afc   0x0000001e   Code   RO         6105    i.ai_array_get_data_byte_size  NetworkRuntime810_CM7_Keil.lib(ai_datatypes_format.o)
    0x08007b1a   0x08007b1a   0x00000002   PAD
    0x08007b1c   0x08007b1c   0x0000012c   Code   RO         6107    i.ai_array_to_buffer_fmt  NetworkRuntime810_CM7_Keil.lib(ai_datatypes_format.o)
    0x08007c48   0x08007c48   0x00000024   Code   RO         5784    i.ai_buffer_array_item_set_address  NetworkRuntime810_CM7_Keil.lib(ai_platform.o)
    0x08007c6c   0x08007c6c   0x00000012   Code   RO         5785    i.ai_buffer_array_sane  NetworkRuntime810_CM7_Keil.lib(ai_platform.o)
    0x08007c7e   0x08007c7e   0x00000002   PAD
    0x08007c80   0x08007c80   0x00000068   Code   RO         5787    i.ai_buffer_get_size  NetworkRuntime810_CM7_Keil.lib(ai_platform.o)
    0x08007ce8   0x08007ce8   0x0000002c   Code   RO         6610    i.ai_check_custom_types  NetworkRuntime810_CM7_Keil.lib(layers.o)
    0x08007d14   0x08007d14   0x00000050   Code   RO         6615    i.ai_layers_forward_all  NetworkRuntime810_CM7_Keil.lib(layers.o)
    0x08007d64   0x08007d64   0x0000001e   Code   RO         6616    i.ai_layers_init_all  NetworkRuntime810_CM7_Keil.lib(layers.o)
    0x08007d82   0x08007d82   0x00000036   Code   RO         6617    i.ai_layers_post_init_all  NetworkRuntime810_CM7_Keil.lib(layers.o)
    0x08007db8   0x08007db8   0x00000024   Code   RO         5484    i.ai_network_create  network.o
    0x08007ddc   0x08007ddc   0x00000082   Code   RO         5485    i.ai_network_create_and_init  network.o
    0x08007e5e   0x08007e5e   0x00000002   PAD
    0x08007e60   0x08007e60   0x00000030   Code   RO         5718    i.ai_network_data_params_get  network_data.o
    0x08007e90   0x08007e90   0x0000000e   Code   RO         5488    i.ai_network_get_error  network.o
    0x08007e9e   0x08007e9e   0x0000003c   Code   RO         5491    i.ai_network_init   network.o
    0x08007eda   0x08007eda   0x00000002   PAD
    0x08007edc   0x08007edc   0x00000020   Code   RO         5492    i.ai_network_inputs_get  network.o
    0x08007efc   0x08007efc   0x00000020   Code   RO         5493    i.ai_network_outputs_get  network.o
    0x08007f1c   0x08007f1c   0x00000014   Code   RO         5494    i.ai_network_run    network.o
    0x08007f30   0x08007f30   0x0000002c   Code   RO         5814    i.ai_platform_bind_network_params  NetworkRuntime810_CM7_Keil.lib(ai_platform_interface.o)
    0x08007f5c   0x08007f5c   0x0000001c   Code   RO         5815    i.ai_platform_context_acquire  NetworkRuntime810_CM7_Keil.lib(ai_platform_interface.o)
    0x08007f78   0x08007f78   0x0000002c   Code   RO         5817    i.ai_platform_get_activations_map  NetworkRuntime810_CM7_Keil.lib(ai_platform_interface.o)
    0x08007fa4   0x08007fa4   0x00000028   Code   RO         5818    i.ai_platform_get_weights_map  NetworkRuntime810_CM7_Keil.lib(ai_platform_interface.o)
    0x08007fcc   0x08007fcc   0x00000042   Code   RO         5819    i.ai_platform_inputs_get  NetworkRuntime810_CM7_Keil.lib(ai_platform_interface.o)
    0x0800800e   0x0800800e   0x00000002   PAD
    0x08008010   0x08008010   0x00000014   Code   RO         5820    i.ai_platform_interface_api_get_version  NetworkRuntime810_CM7_Keil.lib(ai_platform_interface.o)
    0x08008024   0x08008024   0x000000b4   Code   RO         5821    i.ai_platform_network_create  NetworkRuntime810_CM7_Keil.lib(ai_platform_interface.o)
    0x080080d8   0x080080d8   0x0000001c   Code   RO         5823    i.ai_platform_network_get_error  NetworkRuntime810_CM7_Keil.lib(ai_platform_interface.o)
    0x080080f4   0x080080f4   0x0000010c   Code   RO         5824    i.ai_platform_network_init  NetworkRuntime810_CM7_Keil.lib(ai_platform_interface.o)
    0x08008200   0x08008200   0x00000046   Code   RO         5825    i.ai_platform_network_post_init  NetworkRuntime810_CM7_Keil.lib(ai_platform_interface.o)
    0x08008246   0x08008246   0x00000054   Code   RO         5826    i.ai_platform_network_process  NetworkRuntime810_CM7_Keil.lib(ai_platform_interface.o)
    0x0800829a   0x0800829a   0x0000000c   Code   RO         5827    i.ai_platform_network_set_error  NetworkRuntime810_CM7_Keil.lib(ai_platform_interface.o)
    0x080082a6   0x080082a6   0x00000048   Code   RO         5833    i.ai_platform_outputs_get  NetworkRuntime810_CM7_Keil.lib(ai_platform_interface.o)
    0x080082ee   0x080082ee   0x0000001a   Code   RO         5920    i.ai_shape_get_size  NetworkRuntime810_CM7_Keil.lib(layers_nl_generic_float.o)
    0x08008308   0x08008308   0x0000000c   Code   RO         6128    i.ai_version_get    NetworkRuntime810_CM7_Keil.lib(ai_datatypes_internal.o)
    0x08008314   0x08008314   0x0000003c   Code   RO           15    i.argmax            main.o
    0x08008350   0x08008350   0x0000000c   Code   RO         6630    i.core_get_error    NetworkRuntime810_CM7_Keil.lib(core_common.o)
    0x0800835c   0x0800835c   0x00000004   Code   RO         6631    i.core_init         NetworkRuntime810_CM7_Keil.lib(core_common.o)
    0x08008360   0x08008360   0x0000001a   Code   RO         6632    i.core_set_error    NetworkRuntime810_CM7_Keil.lib(core_common.o)
    0x0800837a   0x0800837a   0x00000002   PAD
    0x0800837c   0x0800837c   0x0000000c   Code   RO          566    i.delay_init        delay.o
    0x08008388   0x08008388   0x00000012   Code   RO          567    i.delay_ms          delay.o
    0x0800839a   0x0800839a   0x00000002   PAD
    0x0800839c   0x0800839c   0x00000048   Code   RO          568    i.delay_us          delay.o
    0x080083e4   0x080083e4   0x000001ec   Code   RO         5891    i.forward_dense     NetworkRuntime810_CM7_Keil.lib(layers_conv2d_generic_float.o)
    0x080085d0   0x080085d0   0x0000007c   Code   RO         6667    i.forward_lite_dense_if32of32wf32  NetworkRuntime810_CM7_Keil.lib(lite_dense_if32.o)
    0x0800864c   0x0800864c   0x000000c4   Code   RO         5945    i.forward_relu      NetworkRuntime810_CM7_Keil.lib(layers_nl_generic_float.o)
    0x08008710   0x08008710   0x0000005e   Code   RO         5950    i.forward_sigmoid   NetworkRuntime810_CM7_Keil.lib(layers_nl_generic_float.o)
    0x0800876e   0x0800876e   0x00000002   PAD
    0x08008770   0x08008770   0x0000001c   Code   RO          694    i.fputc             usart.o
    0x0800878c   0x0800878c   0x00000028   Code   RO         6129    i.get_tensor_byte_size  NetworkRuntime810_CM7_Keil.lib(ai_datatypes_internal.o)
    0x080087b4   0x080087b4   0x00000050   Code   RO         5071    i.iic_ack           myiic.o
    0x08008804   0x08008804   0x0000000a   Code   RO         5072    i.iic_delay         myiic.o
    0x0800880e   0x0800880e   0x00000002   PAD
    0x08008810   0x08008810   0x00000078   Code   RO         5073    i.iic_init          myiic.o
    0x08008888   0x08008888   0x00000040   Code   RO         5074    i.iic_nack          myiic.o
    0x080088c8   0x080088c8   0x0000005c   Code   RO         5075    i.iic_read_byte     myiic.o
    0x08008924   0x08008924   0x0000006c   Code   RO         5076    i.iic_send_byte     myiic.o
    0x08008990   0x08008990   0x0000004c   Code   RO         5077    i.iic_start         myiic.o
    0x080089dc   0x080089dc   0x00000040   Code   RO         5078    i.iic_stop          myiic.o
    0x08008a1c   0x08008a1c   0x00000064   Code   RO         5079    i.iic_wait_ack      myiic.o
    0x08008a80   0x08008a80   0x00000048   Code   RO         4598    i.lcd_clear         lcd.o
    0x08008ac8   0x08008ac8   0x00000190   Code   RO         4600    i.lcd_display_dir   lcd.o
    0x08008c58   0x08008c58   0x00000034   Code   RO         4606    i.lcd_draw_point    lcd.o
    0x08008c8c   0x08008c8c   0x0000022c   Code   RO         4608    i.lcd_ex_ili9341_reginit  lcd.o
    0x08008eb8   0x08008eb8   0x00000340   Code   RO         4609    i.lcd_ex_ili9806_reginit  lcd.o
    0x080091f8   0x080091f8   0x00000ef2   Code   RO         4610    i.lcd_ex_nt35310_reginit  lcd.o
    0x0800a0ea   0x0800a0ea   0x00000efc   Code   RO         4611    i.lcd_ex_nt35510_reginit  lcd.o
    0x0800afe6   0x0800afe6   0x0000016e   Code   RO         4612    i.lcd_ex_ssd1963_reginit  lcd.o
    0x0800b154   0x0800b154   0x000001a8   Code   RO         4613    i.lcd_ex_st7789_reginit  lcd.o
    0x0800b2fc   0x0800b2fc   0x000001c6   Code   RO         4614    i.lcd_ex_st7796_reginit  lcd.o
    0x0800b4c2   0x0800b4c2   0x00000002   PAD
    0x0800b4c4   0x0800b4c4   0x00000070   Code   RO         4615    i.lcd_fill          lcd.o
    0x0800b534   0x0800b534   0x00000544   Code   RO         4617    i.lcd_init          lcd.o
    0x0800ba78   0x0800ba78   0x00000050   Code   RO         4618    i.lcd_mpu_config    lcd.o
    0x0800bac8   0x0800bac8   0x00000014   Code   RO         4621    i.lcd_rd_data       lcd.o
    0x0800badc   0x0800badc   0x0000023c   Code   RO         4623    i.lcd_scan_dir      lcd.o
    0x0800bd18   0x0800bd18   0x00000120   Code   RO         4624    i.lcd_set_cursor    lcd.o
    0x0800be38   0x0800be38   0x00000140   Code   RO         4626    i.lcd_show_char     lcd.o
    0x0800bf78   0x0800bf78   0x0000006a   Code   RO         4628    i.lcd_show_string   lcd.o
    0x0800bfe2   0x0800bfe2   0x00000002   PAD
    0x0800bfe4   0x0800bfe4   0x00000050   Code   RO         4630    i.lcd_ssd_backlight_set  lcd.o
    0x0800c034   0x0800c034   0x00000018   Code   RO         4631    i.lcd_wr_data       lcd.o
    0x0800c04c   0x0800c04c   0x00000018   Code   RO         4632    i.lcd_wr_regno      lcd.o
    0x0800c064   0x0800c064   0x00000014   Code   RO         4633    i.lcd_write_ram_prepare  lcd.o
    0x0800c078   0x0800c078   0x00000010   Code   RO         4634    i.lcd_write_reg     lcd.o
    0x0800c088   0x0800c088   0x0000008c   Code   RO         4573    i.led_init          led.o
    0x0800c114   0x0800c114   0x00000024   Code   RO         4926    i.ltdc_clear        ltdc.o
    0x0800c138   0x0800c138   0x0000002e   Code   RO         4927    i.ltdc_clk_set      ltdc.o
    0x0800c166   0x0800c166   0x00000002   PAD
    0x0800c168   0x0800c168   0x0000002c   Code   RO         4929    i.ltdc_display_dir  ltdc.o
    0x0800c194   0x0800c194   0x00000050   Code   RO         4930    i.ltdc_draw_point   ltdc.o
    0x0800c1e4   0x0800c1e4   0x00000194   Code   RO         4931    i.ltdc_fill         ltdc.o
    0x0800c378   0x0800c378   0x000002a8   Code   RO         4932    i.ltdc_init         ltdc.o
    0x0800c620   0x0800c620   0x00000078   Code   RO         4933    i.ltdc_layer_parameter_config  ltdc.o
    0x0800c698   0x0800c698   0x00000030   Code   RO         4935    i.ltdc_layer_window_config  ltdc.o
    0x0800c6c8   0x0800c6c8   0x000000d0   Code   RO         4936    i.ltdc_panelid_read  ltdc.o
    0x0800c798   0x0800c798   0x0000000c   Code   RO         4938    i.ltdc_select_layer  ltdc.o
    0x0800c7a4   0x0800c7a4   0x00000400   Code   RO           16    i.main              main.o
    0x0800cba4   0x0800cba4   0x000000ba   Code   RO         5041    i.mpu_memory_protection  mpu.o
    0x0800cc5e   0x0800cc5e   0x0000005e   Code   RO         5042    i.mpu_set_protection  mpu.o
    0x0800ccbc   0x0800ccbc   0x000000cc   Code   RO         5495    i.network_configure_activations  network.o
    0x0800cd88   0x0800cd88   0x00000100   Code   RO         5496    i.network_configure_weights  network.o
    0x0800ce88   0x0800ce88   0x00000048   Code   RO         5993    i.nl_func_sigmoid_array_f32  NetworkRuntime810_CM7_Keil.lib(layers_nl_generic_float.o)
    0x0800ced0   0x0800ced0   0x00000006   Code   RO         5233    i.read_addr         usmart.o
    0x0800ced6   0x0800ced6   0x00000002   PAD
    0x0800ced8   0x0800ced8   0x00000070   Code   RO         4871    i.sdram_init        sdram.o
    0x0800cf48   0x0800cf48   0x00000042   Code   RO         4872    i.sdram_initialization_sequence  sdram.o
    0x0800cf8a   0x0800cf8a   0x00000002   PAD
    0x0800cf8c   0x0800cf8c   0x00000048   Code   RO         4873    i.sdram_send_cmd    sdram.o
    0x0800cfd4   0x0800cfd4   0x00000084   Code   RO         5145    i.sh3001_acc_config  sh3001.o
    0x0800d058   0x0800d058   0x0000015e   Code   RO         5146    i.sh3001_comp_init  sh3001.o
    0x0800d1b6   0x0800d1b6   0x00000002   PAD
    0x0800d1b8   0x0800d1b8   0x00000314   Code   RO         5147    i.sh3001_get_imu_compdata  sh3001.o
    0x0800d4cc   0x0800d4cc   0x0000006c   Code   RO         5149    i.sh3001_get_temperature  sh3001.o
    0x0800d538   0x0800d538   0x00000090   Code   RO         5150    i.sh3001_gyro_config  sh3001.o
    0x0800d5c8   0x0800d5c8   0x00000098   Code   RO         5151    i.sh3001_init       sh3001.o
    0x0800d660   0x0800d660   0x000001e4   Code   RO         5152    i.sh3001_module_reset  sh3001.o
    0x0800d844   0x0800d844   0x0000006e   Code   RO         5153    i.sh3001_read_nbytes  sh3001.o
    0x0800d8b2   0x0800d8b2   0x00000002   PAD
    0x0800d8b4   0x0800d8b4   0x000003dc   Code   RO         5154    i.sh3001_switch_powermode  sh3001.o
    0x0800dc90   0x0800dc90   0x0000003a   Code   RO         5155    i.sh3001_temp_config  sh3001.o
    0x0800dcca   0x0800dcca   0x00000056   Code   RO         5156    i.sh3001_write_nbytes  sh3001.o
    0x0800dd20   0x0800dd20   0x00000084   Code   RO         6673    i.st_int8_copy      NetworkRuntime810_CM7_Keil.lib(st_int8_fill.o)
    0x0800dda4   0x0800dda4   0x00000140   Code   RO          611    i.sys_cache_enable  sys.o
    0x0800dee4   0x0800dee4   0x00000120   Code   RO          616    i.sys_stm32_clock_init  sys.o
    0x0800e004   0x0800e004   0x00000038   Code   RO          695    i.usart_init        usart.o
    0x0800e03c   0x0800e03c   0x00000058   Code   RO           17    i.user_show_mag     main.o
    0x0800e094   0x0800e094   0x00000068   Code   RO           18    i.user_show_temprate  main.o
    0x0800e0fc   0x0800e0fc   0x000000b0   Code   RO         5234    i.usmart_cmd_rec    usmart.o
    0x0800e1ac   0x0800e1ac   0x000002d4   Code   RO         5235    i.usmart_exe        usmart.o
    0x0800e480   0x0800e480   0x000000d4   Code   RO         5376    i.usmart_get_aparm  usmart_str.o
    0x0800e554   0x0800e554   0x00000036   Code   RO         5377    i.usmart_get_cmdname  usmart_str.o
    0x0800e58a   0x0800e58a   0x00000002   PAD
    0x0800e58c   0x0800e58c   0x000001c0   Code   RO         5378    i.usmart_get_fname  usmart_str.o
    0x0800e74c   0x0800e74c   0x0000010c   Code   RO         5379    i.usmart_get_fparam  usmart_str.o
    0x0800e858   0x0800e858   0x00000028   Code   RO         5326    i.usmart_get_input_string  usmart_port.o
    0x0800e880   0x0800e880   0x00000020   Code   RO         5380    i.usmart_get_parmpos  usmart_str.o
    0x0800e8a0   0x0800e8a0   0x00000028   Code   RO         5236    i.usmart_init       usmart.o
    0x0800e8c8   0x0800e8c8   0x00000016   Code   RO         5381    i.usmart_pow        usmart_str.o
    0x0800e8de   0x0800e8de   0x00000002   PAD
    0x0800e8e0   0x0800e8e0   0x000000a8   Code   RO         5237    i.usmart_scan       usmart.o
    0x0800e988   0x0800e988   0x00000016   Code   RO         5382    i.usmart_search_nextc  usmart_str.o
    0x0800e99e   0x0800e99e   0x00000106   Code   RO         5383    i.usmart_str2num    usmart_str.o
    0x0800eaa4   0x0800eaa4   0x00000022   Code   RO         5384    i.usmart_strcmp     usmart_str.o
    0x0800eac6   0x0800eac6   0x00000016   Code   RO         5385    i.usmart_strcopy    usmart_str.o
    0x0800eadc   0x0800eadc   0x00000018   Code   RO         5386    i.usmart_strlen     usmart_str.o
    0x0800eaf4   0x0800eaf4   0x000006f4   Code   RO         5238    i.usmart_sys_cmd_exe  usmart.o
    0x0800f1e8   0x0800f1e8   0x00000044   Code   RO         5327    i.usmart_timx_get_time  usmart_port.o
    0x0800f22c   0x0800f22c   0x00000060   Code   RO         5328    i.usmart_timx_init  usmart_port.o
    0x0800f28c   0x0800f28c   0x00000034   Code   RO         5329    i.usmart_timx_reset_time  usmart_port.o
    0x0800f2c0   0x0800f2c0   0x00000004   Code   RO         5239    i.write_addr        usmart.o
    0x0800f2c4   0x0800f2c4   0x0000002c   Code   RO         7865    locale$$code        c_w.l(lc_numeric_c.o)
    0x0800f2f0   0x0800f2f0   0x0000000a   Code   RO         7876    x$fpl$fpinit        fz_wv.l(fpinit.o)
    0x0800f2fa   0x0800f2fa   0x00000004   Code   RO         7414    x$fpl$printf1       fz_wv.l(printf1.o)
    0x0800f2fe   0x0800f2fe   0x00000000   Code   RO         7746    x$fpl$usenofp       fz_wv.l(usenofp.o)
    0x0800f2fe   0x0800f2fe   0x00000002   PAD
    0x0800f300   0x0800f300   0x00000004   Data   RO           20    .constdata          main.o
    0x0800f304   0x0800f304   0x00000010   Data   RO          530    .constdata          system_stm32h7xx.o
    0x0800f314   0x0800f314   0x00000018   Data   RO         2210    .constdata          stm32h7xx_hal_uart.o
    0x0800f32c   0x0800f32c   0x00002f80   Data   RO         4636    .constdata          lcd.o
    0x080122ac   0x080122ac   0x00000004   PAD
    0x080122b0   0x080122b0   0x00000140   Data   RO         5498    .constdata          network.o
    0x080123f0   0x080123f0   0x00000068   Data   RO         5721    .constdata          network_data.o
    0x08012458   0x08012458   0x00000008   PAD
    0x08012460   0x08012460   0x00009810   Data   RO         5768    .constdata          network_data_params.o
    0x0801bc70   0x0801bc70   0x0000006c   Data   RO         5836    .constdata          NetworkRuntime810_CM7_Keil.lib(ai_platform_interface.o)
    0x0801bcdc   0x0801bcdc   0x00000028   Data   RO         7356    .constdata          c_w.l(_printf_hex_int.o)
    0x0801bd04   0x0801bd04   0x00000011   Data   RO         7391    .constdata          c_w.l(__printf_flags_ss_wp.o)
    0x0801bd15   0x0801bd15   0x00000003   PAD
    0x0801bd18   0x0801bd18   0x00000030   Data   RO         7533    .constdata          m_wv.l(expf.o)
    0x0801bd48   0x0801bd48   0x00000094   Data   RO         7836    .constdata          c_w.l(bigflt0.o)
    0x0801bddc   0x0801bddc   0x0000001f   Data   RO           21    .conststring        main.o
    0x0801bdfb   0x0801bdfb   0x00000001   PAD
    0x0801bdfc   0x0801bdfc   0x00000028   Data   RO         5240    .conststring        usmart.o
    0x0801be24   0x0801be24   0x000000e4   Data   RO         5300    .conststring        usmart_config.o
    0x0801bf08   0x0801bf08   0x00000061   Data   RO         5499    .conststring        network.o
    0x0801bf69   0x0801bf69   0x00000003   PAD
    0x0801bf6c   0x0801bf6c   0x00000020   Data   RO         7964    Region$$Table       anon$$obj.o
    0x0801bf8c   0x0801bf8c   0x0000001c   Data   RO         7864    locale$$data        c_w.l(lc_numeric_c.o)


    Execution Region RW_IRAM2 (Exec base: 0x24000000, Load base: 0x0801bfa8, Size: 0x00001850, Max: 0x00080000, ABSOLUTE, COMPRESSED[0x000002f0])

    Exec Addr    Load Addr    Size         Type   Attr      Idx    E Section Name        Object

    0x24000000   COMPRESSED   0x00000018   Data   RW           22    .data               main.o
    0x24000018   COMPRESSED   0x00000008   Data   RW          531    .data               system_stm32h7xx.o
    0x24000020   COMPRESSED   0x00000004   Data   RW          569    .data               delay.o
    0x24000024   COMPRESSED   0x00000007   Data   RW          697    .data               usart.o
    0x2400002b   COMPRESSED   0x00000001   PAD
    0x2400002c   COMPRESSED   0x00000009   Data   RW          813    .data               stm32h7xx_hal.o
    0x24000035   COMPRESSED   0x00000003   PAD
    0x24000038   COMPRESSED   0x00000008   Data   RW         4637    .data               lcd.o
    0x24000040   COMPRESSED   0x00000008   Data   RW         4942    .data               ltdc.o
    0x24000048   COMPRESSED   0x00000001   Data   RW         5158    .data               sh3001.o
    0x24000049   COMPRESSED   0x00000003   PAD
    0x2400004c   COMPRESSED   0x0000001c   Data   RW         5241    .data               usmart.o
    0x24000068   COMPRESSED   0x00000124   Data   RW         5301    .data               usmart_config.o
    0x2400018c   COMPRESSED   0x00000710   Data   RW         5500    .data               network.o
    0x2400089c   COMPRESSED   0x00000058   Data   RW         5722    .data               network_data.o
    0x240008f4        -       0x00000330   Zero   RW           19    .bss                main.o
    0x24000c24        -       0x00000158   Zero   RW          696    .bss                usart.o
    0x24000d7c        -       0x0000005a   Zero   RW         4635    .bss                lcd.o
    0x24000dd6   COMPRESSED   0x00000002   PAD
    0x24000dd8        -       0x00000034   Zero   RW         4874    .bss                sdram.o
    0x24000e0c        -       0x00000130   Zero   RW         4941    .bss                ltdc.o
    0x24000f3c        -       0x0000000d   Zero   RW         5157    .bss                sh3001.o
    0x24000f49   COMPRESSED   0x00000003   PAD
    0x24000f4c        -       0x0000004c   Zero   RW         5330    .bss                usmart_port.o
    0x24000f98        -       0x00000058   Zero   RW         5497    .bss                network.o
    0x24000ff0        -       0x00000060   Zero   RW         7792    .bss                c_w.l(libspace.o)
    0x24001050        -       0x00000000   Zero   RW            2    HEAP                startup_stm32h743xx.o
    0x24001050        -       0x00000800   Zero   RW            1    STACK               startup_stm32h743xx.o



  Load Region LR$$.ARM.__AT_0xC0000000 (Base: 0xc0000000, Size: 0x00000000, Max: 0x001f4000, ABSOLUTE)

    Execution Region ER$$.ARM.__AT_0xC0000000 (Exec base: 0xc0000000, Load base: 0xc0000000, Size: 0x001f4000, Max: 0x001f4000, ABSOLUTE, UNINIT)

    Exec Addr    Load Addr    Size         Type   Attr      Idx    E Section Name        Object

    0xc0000000        -       0x001f4000   Zero   RW         4940    .ARM.__AT_0xC0000000  ltdc.o


==============================================================================

Image component sizes


      Code (inc. data)   RO Data    RW Data    ZI Data      Debug   Object Name

       102         10          0          4          0       1979   delay.o
     13980        202      12160          8         90      26011   lcd.o
       140         10          0          0          0        951   led.o
      2086        124          0          8    2048304      10810   ltdc.o
      1524        418         35         24        816    1337859   main.o
       280          0          0          0          0       1517   mpu.o
       714         42          0          0          0       5478   myiic.o
       784         84        417       1808         88      52252   network.o
        48          6        104         88          0      15681   network_data.o
         0          0      38928          0          0        806   network_data_params.o
       534         40          0          0         52       3631   sdram.o
      3400        140          0          1         13       9934   sh3001.o
        76         26        664          0       2048        980   startup_stm32h743xx.o
       254         54          0          9          0      23847   stm32h7xx_hal.o
       510         38          0          0          0      42393   stm32h7xx_hal_cortex.o
      2164         34          0          0          0       4255   stm32h7xx_hal_dma.o
       556         52          0          0          0       3516   stm32h7xx_hal_gpio.o
      1118          6          0          0          0       4753   stm32h7xx_hal_ltdc.o
        20          6          0          0          0        589   stm32h7xx_hal_pwr_ex.o
      3552        108          0          0          0       6992   stm32h7xx_hal_rcc.o
      4784        110          0          0          0       7265   stm32h7xx_hal_rcc_ex.o
       212          4          0          0          0       2864   stm32h7xx_hal_sdram.o
       112          6          0          0          0       1248   stm32h7xx_hal_sram.o
       496         68          0          0          0       3348   stm32h7xx_hal_tim.o
      5270        186         24          0          0      37182   stm32h7xx_hal_uart.o
         6          0          0          0          0       2281   stm32h7xx_hal_uart_ex.o
        34          0          0          0          0       4310   stm32h7xx_it.o
       648         14          0          0          0       6644   stm32h7xx_ll_fmc.o
       608         24          0          0          0      38081   sys.o
       252         40         16          8          0       1550   system_stm32h7xx.o
       452         58          0          7        344       5689   usart.o
      2898       1308         40         28          0       6082   usmart.o
         0          0        228        292          0       1568   usmart_config.o
       324         50          0          0         76       3550   usmart_port.o
      1400         20          0          0          0       9517   usmart_str.o

    ----------------------------------------------------------------------
     49380       3288      52664       2292    2051836    1685413   Object Totals
         0          0         32          0          0          0   (incl. Generated)
        42          0         16          7          5          0   (incl. Padding)

    ----------------------------------------------------------------------

      Code (inc. data)   RO Data    RW Data    ZI Data      Debug   Library Member Name

       390         54          0          0          0        368   ai_datatypes_format.o
        52          6          0          0          0        244   ai_datatypes_internal.o
       158          8          0          0          0        368   ai_platform.o
      2748        110        108          0          0       3396   ai_platform_interface.o
        42          0          0          0          0        348   core_common.o
       226          6          0          0          0        628   layers.o
      1048         14          0          0          0        428   layers_conv2d_generic_float.o
       608         12          0          0          0        784   layers_nl_generic_float.o
       372          8          0          0          0        272   lite_dense_if32.o
       132          0          0          0          0        132   st_int8_fill.o
        90          0          0          0          0          0   __dczerorl2.o
         8          0          0          0          0         68   __main.o
       392          4         17          0          0         92   __printf_flags_ss_wp.o
        14          0          0          0          0         68   __printf_wp.o
         0          0          0          0          0          0   __rtentry.o
        12          0          0          0          0          0   __rtentry2.o
         6          0          0          0          0          0   __rtentry4.o
        52          8          0          0          0          0   __scatter.o
        28          0          0          0          0          0   __scatter_zi.o
         6          0          0          0          0          0   _printf_c.o
        44          0          0          0          0        108   _printf_char.o
        48          6          0          0          0         96   _printf_char_common.o
        36          4          0          0          0         80   _printf_char_file.o
         6          0          0          0          0          0   _printf_d.o
       120         16          0          0          0         92   _printf_dec.o
         6          0          0          0          0          0   _printf_f.o
      1054          0          0          0          0        216   _printf_fp_dec.o
       128         16          0          0          0         84   _printf_fp_infnan.o
        88          4         40          0          0         88   _printf_hex_int.o
       178          0          0          0          0         88   _printf_intcommon.o
        78          0          0          0          0        108   _printf_pad.o
         0          0          0          0          0          0   _printf_percent.o
         4          0          0          0          0          0   _printf_percent_end.o
         6          0          0          0          0          0   _printf_s.o
        82          0          0          0          0         80   _printf_str.o
         6          0          0          0          0          0   _printf_u.o
         6          0          0          0          0          0   _printf_x.o
        22          0          0          0          0        100   _rserrno.o
        10          0          0          0          0         68   _sputc.o
       228          4        148          0          0         96   bigflt0.o
      1936        128          0          0          0        672   btod.o
        18          0          0          0          0         80   exit.o
         8          0          0          0          0         68   ferror.o
         6          0          0          0          0        152   heapauxi.o
        44         10         28          0          0         76   lc_numeric_c.o
         2          0          0          0          0          0   libinit.o
        22          0          0          0          0          0   libinit2.o
         2          0          0          0          0          0   libshutdown.o
         2          0          0          0          0          0   libshutdown2.o
         8          4          0          0         96         68   libspace.o
       138          0          0          0          0         80   lludiv10.o
       238          0          0          0          0        100   lludivv7m.o
        88          0          0          0          0         76   memcmp.o
        24          4          0          0          0         84   noretval__2printf.o
        40          6          0          0          0         84   noretval__2sprintf.o
         8          4          0          0          0         68   rt_errno_addr_intlibspace.o
         8          4          0          0          0         68   rt_locale_intlibspace.o
        78          0          0          0          0         80   rt_memclr_w.o
       100          0          0          0          0         80   rt_memcpy_w.o
         2          0          0          0          0          0   rtexit.o
        10          0          0          0          0          0   rtexit2.o
       104          0          0          0          0         68   strcmpv7m_pel.o
        74          0          0          0          0         80   sys_stackheap_outer.o
         2          0          0          0          0         68   use_no_semi.o
         2          0          0          0          0         68   use_no_semi_2.o
        10          0          0          0          0        116   fpinit.o
         4          0          0          0          0        116   printf1.o
         0          0          0          0          0          0   usenofp.o
       500         74         48          0          0        236   expf.o
        48          0          0          0          0        124   fpclassify.o
        38          0          0          0          0        116   fpclassifyf.o
        38         12          0          0          0        348   funder.o

    ----------------------------------------------------------------------
     12164        526        392          0         96      11676   Library Totals
        28          0          3          0          0          0   (incl. Padding)

    ----------------------------------------------------------------------

      Code (inc. data)   RO Data    RW Data    ZI Data      Debug   Library Name

      5776        218        108          0          0       6968   NetworkRuntime810_CM7_Keil.lib
      5722        222        233          0         96       3652   c_w.l
        14          0          0          0          0        232   fz_wv.l
       624         86         48          0          0        824   m_wv.l

    ----------------------------------------------------------------------
     12164        526        392          0         96      11676   Library Totals

    ----------------------------------------------------------------------

==============================================================================


      Code (inc. data)   RO Data    RW Data    ZI Data      Debug   

     61544       3814      53056       2292    2051932    1670361   Grand Totals
     61544       3814      53056        752    2051932    1670361   ELF Image Totals (compressed)
     61544       3814      53056        752          0          0   ROM Totals

==============================================================================

    Total RO  Size (Code + RO Data)               114600 ( 111.91kB)
    Total RW  Size (RW Data + ZI Data)           2054224 (2006.08kB)
    Total ROM Size (Code + RO Data + RW Data)     115352 ( 112.65kB)

==============================================================================

