Component: ARM Compiler 5.06 update 7 (build 960) Tool: armlink [4d3601]

==============================================================================

Section Cross References

    startup_stm32h743xx.o(STACK) refers (Special) to heapauxi.o(.text) for __use_two_region_memory
    startup_stm32h743xx.o(HEAP) refers (Special) to heapauxi.o(.text) for __use_two_region_memory
    startup_stm32h743xx.o(RESET) refers (Special) to heapauxi.o(.text) for __use_two_region_memory
    startup_stm32h743xx.o(RESET) refers to startup_stm32h743xx.o(STACK) for __initial_sp
    startup_stm32h743xx.o(RESET) refers to startup_stm32h743xx.o(.text) for Reset_Handler
    startup_stm32h743xx.o(RESET) refers to stm32h7xx_it.o(i.NMI_Handler) for NMI_Handler
    startup_stm32h743xx.o(RESET) refers to stm32h7xx_it.o(i.HardFault_Handler) for HardFault_Handler
    startup_stm32h743xx.o(RESET) refers to stm32h7xx_it.o(i.MemManage_Handler) for MemManage_Handler
    startup_stm32h743xx.o(RESET) refers to stm32h7xx_it.o(i.BusFault_Handler) for BusFault_Handler
    startup_stm32h743xx.o(RESET) refers to stm32h7xx_it.o(i.UsageFault_Handler) for UsageFault_Handler
    startup_stm32h743xx.o(RESET) refers to stm32h7xx_it.o(i.SVC_Handler) for SVC_Handler
    startup_stm32h743xx.o(RESET) refers to stm32h7xx_it.o(i.DebugMon_Handler) for DebugMon_Handler
    startup_stm32h743xx.o(RESET) refers to stm32h7xx_it.o(i.PendSV_Handler) for PendSV_Handler
    startup_stm32h743xx.o(RESET) refers to stm32h7xx_it.o(i.SysTick_Handler) for SysTick_Handler
    startup_stm32h743xx.o(RESET) refers to usmart_port.o(i.TIM4_IRQHandler) for TIM4_IRQHandler
    startup_stm32h743xx.o(RESET) refers to usart.o(i.USART1_IRQHandler) for USART1_IRQHandler
    startup_stm32h743xx.o(.text) refers (Special) to heapauxi.o(.text) for __use_two_region_memory
    startup_stm32h743xx.o(.text) refers to system_stm32h7xx.o(i.SystemInit) for SystemInit
    startup_stm32h743xx.o(.text) refers to __main.o(!!!main) for __main
    startup_stm32h743xx.o(.text) refers to startup_stm32h743xx.o(HEAP) for Heap_Mem
    startup_stm32h743xx.o(.text) refers to startup_stm32h743xx.o(STACK) for Stack_Mem
    main.o(i.main) refers to sys.o(i.sys_cache_enable) for sys_cache_enable
    main.o(i.main) refers to stm32h7xx_hal.o(i.HAL_Init) for HAL_Init
    main.o(i.main) refers to sys.o(i.sys_stm32_clock_init) for sys_stm32_clock_init
    main.o(i.main) refers to delay.o(i.delay_init) for delay_init
    main.o(i.main) refers to usart.o(i.usart_init) for usart_init
    main.o(i.main) refers to usmart.o(i.usmart_init) for usmart_init
    main.o(i.main) refers to mpu.o(i.mpu_memory_protection) for mpu_memory_protection
    main.o(i.main) refers to led.o(i.led_init) for led_init
    main.o(i.main) refers to sdram.o(i.sdram_init) for sdram_init
    main.o(i.main) refers to lcd.o(i.lcd_init) for lcd_init
    main.o(i.main) refers to lcd.o(i.lcd_show_string) for lcd_show_string
    main.o(i.main) refers to delay.o(i.delay_ms) for delay_ms
    main.o(i.main) refers to stm32h7xx_hal_gpio.o(i.HAL_GPIO_TogglePin) for HAL_GPIO_TogglePin
    main.o(i.main) refers to sh3001.o(i.sh3001_init) for sh3001_init
    main.o(i.main) refers to sh3001.o(i.sh3001_get_temperature) for sh3001_get_temperature
    main.o(i.main) refers to main.o(i.user_show_temprate) for user_show_temprate
    main.o(i.main) refers to sh3001.o(i.sh3001_get_imu_compdata) for sh3001_get_imu_compdata
    main.o(i.main) refers to noretval__2printf.o(.text) for __2printf
    main.o(i.main) refers to main.o(i.user_show_mag) for user_show_mag
    main.o(i.user_show_mag) refers to _printf_percent.o(.ARM.Collect$$_printf_percent$$00000000) for _printf_percent
    main.o(i.user_show_mag) refers to _printf_d.o(.ARM.Collect$$_printf_percent$$00000009) for _printf_d
    main.o(i.user_show_mag) refers to _printf_s.o(.ARM.Collect$$_printf_percent$$00000014) for _printf_s
    main.o(i.user_show_mag) refers to _printf_dec.o(.text) for _printf_int_dec
    main.o(i.user_show_mag) refers to _printf_str.o(.text) for _printf_str
    main.o(i.user_show_mag) refers to noretval__2sprintf.o(.text) for __2sprintf
    main.o(i.user_show_mag) refers to lcd.o(i.lcd_fill) for lcd_fill
    main.o(i.user_show_mag) refers to lcd.o(i.lcd_show_string) for lcd_show_string
    main.o(i.user_show_temprate) refers to _printf_pad.o(.text) for _printf_pre_padding
    main.o(i.user_show_temprate) refers to _printf_percent.o(.ARM.Collect$$_printf_percent$$00000000) for _printf_percent
    main.o(i.user_show_temprate) refers to _printf_f.o(.ARM.Collect$$_printf_percent$$00000003) for _printf_f
    main.o(i.user_show_temprate) refers to printf1.o(x$fpl$printf1) for _printf_fp_dec
    main.o(i.user_show_temprate) refers to noretval__2sprintf.o(.text) for __2sprintf
    main.o(i.user_show_temprate) refers to lcd.o(i.lcd_fill) for lcd_fill
    main.o(i.user_show_temprate) refers to lcd.o(i.lcd_show_string) for lcd_show_string
[...]
    __scatterload                            0x080002a1   Thumb Code     0  __scatter.o(!!!scatter)
    __scatterload_rt2                        0x080002a1   Thumb Code    44  __scatter.o(!!!scatter)
    __scatterload_rt2_thumb_only             0x080002a1   Thumb Code     0  __scatter.o(!!!scatter)
    __scatterload_null                       0x080002af   Thumb Code     0  __scatter.o(!!!scatter)
    __decompress                             0x080002d5   Thumb Code    90  __dczerorl2.o(!!dczerorl2)
    __decompress1                            0x080002d5   Thumb Code     0  __dczerorl2.o(!!dczerorl2)
    __scatterload_zeroinit                   0x08000331   Thumb Code    28  __scatter_zi.o(!!handler_zi)
    _printf_f                                0x0800034d   Thumb Code     0  _printf_f.o(.ARM.Collect$$_printf_percent$$00000003)
    _printf_percent                          0x0800034d   Thumb Code     0  _printf_percent.o(.ARM.Collect$$_printf_percent$$00000000)
    _printf_d                                0x08000353   Thumb Code     0  _printf_d.o(.ARM.Collect$$_printf_percent$$00000009)
    _printf_u                                0x08000359   Thumb Code     0  _printf_u.o(.ARM.Collect$$_printf_percent$$0000000A)
    _printf_x                                0x0800035f   Thumb Code     0  _printf_x.o(.ARM.Collect$$_printf_percent$$0000000C)
    _printf_c                                0x08000365   Thumb Code     0  _printf_c.o(.ARM.Collect$$_printf_percent$$00000013)
    _printf_s                                0x0800036b   Thumb Code     0  _printf_s.o(.ARM.Collect$$_printf_percent$$00000014)
    _printf_percent_end                      0x08000371   Thumb Code     0  _printf_percent_end.o(.ARM.Collect$$_printf_percent$$00000017)
    __rt_lib_init                            0x08000375   Thumb Code     0  libinit.o(.ARM.Collect$$libinit$$00000000)
    __rt_lib_init_fp_1                       0x08000377   Thumb Code     0  libinit2.o(.ARM.Collect$$libinit$$00000001)
    __rt_lib_init_heap_1                     0x0800037b   Thumb Code     0  libinit2.o(.ARM.Collect$$libinit$$0000000A)
    __rt_lib_init_lc_common                  0x0800037b   Thumb Code     0  libinit2.o(.ARM.Collect$$libinit$$0000000F)
    __rt_lib_init_preinit_1                  0x0800037b   Thumb Code     0  libinit2.o(.ARM.Collect$$libinit$$00000004)
    __rt_lib_init_rand_1                     0x0800037b   Thumb Code     0  libinit2.o(.ARM.Collect$$libinit$$0000000E)
    __rt_lib_init_user_alloc_1               0x0800037b   Thumb Code     0  libinit2.o(.ARM.Collect$$libinit$$0000000C)
    __rt_lib_init_lc_collate_1               0x08000381   Thumb Code     0  libinit2.o(.ARM.Collect$$libinit$$00000011)
    __rt_lib_init_lc_ctype_1                 0x08000381   Thumb Code     0  libinit2.o(.ARM.Collect$$libinit$$00000013)
    __rt_lib_init_lc_monetary_1              0x08000381   Thumb Code     0  libinit2.o(.ARM.Collect$$libinit$$00000015)
    __rt_lib_init_lc_numeric_2               0x08000381   Thumb Code     0  libinit2.o(.ARM.Collect$$libinit$$00000016)
    __rt_lib_init_alloca_1                   0x0800038b   Thumb Code     0  libinit2.o(.ARM.Collect$$libinit$$0000002E)
    __rt_lib_init_argv_1                     0x0800038b   Thumb Code     0  libinit2.o(.ARM.Collect$$libinit$$0000002C)
    __rt_lib_init_atexit_1                   0x0800038b   Thumb Code     0  libinit2.o(.ARM.Collect$$libinit$$0000001B)
    __rt_lib_init_clock_1                    0x0800038b   Thumb Code     0  libinit2.o(.ARM.Collect$$libinit$$00000021)
    __rt_lib_init_cpp_1                      0x0800038b   Thumb Code     0  libinit2.o(.ARM.Collect$$libinit$$00000032)
    __rt_lib_init_exceptions_1               0x0800038b   Thumb Code     0  libinit2.o(.ARM.Collect$$libinit$$00000030)
    __rt_lib_init_fp_trap_1                  0x0800038b   Thumb Code     0  libinit2.o(.ARM.Collect$$libinit$$0000001F)
    __rt_lib_init_getenv_1                   0x0800038b   Thumb Code     0  libinit2.o(.ARM.Collect$$libinit$$00000023)
    __rt_lib_init_lc_numeric_1               0x0800038b   Thumb Code     0  libinit2.o(.ARM.Collect$$libinit$$00000017)
    __rt_lib_init_lc_time_1                  0x0800038b   Thumb Code     0  libinit2.o(.ARM.Collect$$libinit$$00000019)
    __rt_lib_init_return                     0x0800038b   Thumb Code     0  libinit2.o(.ARM.Collect$$libinit$$00000033)
    __rt_lib_init_signal_1                   0x0800038b   Thumb Code     0  libinit2.o(.ARM.Collect$$libinit$$0000001D)
    __rt_lib_init_stdio_1                    0x0800038b   Thumb Code     0  libinit2.o(.ARM.Collect$$libinit$$00000025)
    __rt_lib_shutdown                        0x0800038d   Thumb Code     0  libshutdown.o(.ARM.Collect$$libshutdown$$00000000)
    __rt_lib_shutdown_cpp_1                  0x0800038f   Thumb Code     0  libshutdown2.o(.ARM.Collect$$libshutdown$$00000004)
    __rt_lib_shutdown_fini_1                 0x0800038f   Thumb Code     0  libshutdown2.o(.ARM.Collect$$libshutdown$$00000002)
    __rt_lib_shutdown_fp_trap_1              0x0800038f   Thumb Code     0  libshutdown2.o(.ARM.Collect$$libshutdown$$00000009)
    __rt_lib_shutdown_heap_1                 0x0800038f   Thumb Code     0  libshutdown2.o(.ARM.Collect$$libshutdown$$00000011)
    __rt_lib_shutdown_return                 0x0800038f   Thumb Code     0  libshutdown2.o(.ARM.Collect$$libshutdown$$00000012)
    __rt_lib_shutdown_signal_1               0x0800038f   Thumb Code     0  libshutdown2.o(.ARM.Collect$$libshutdown$$0000000C)
    __rt_lib_shutdown_stdio_1                0x0800038f   Thumb Code     0  libshutdown2.o(.ARM.Collect$$libshutdown$$00000006)
    __rt_lib_shutdown_user_alloc_1           0x0800038f   Thumb Code     0  libshutdown2.o(.ARM.Collect$$libshutdown$$0000000E)
    __rt_entry                               0x08000391   Thumb Code     0  __rtentry.o(.ARM.Collect$$rtentry$$00000000)
    __rt_entry_presh_1                       0x08000391   Thumb Code     0  __rtentry2.o(.ARM.Collect$$rtentry$$00000002)
    __rt_entry_sh                            0x08000391   Thumb Code     0  __rtentry4.o(.ARM.Collect$$rtentry$$00000004)
    __rt_entry_li                            0x08000397   Thumb Code     0  __rtentry2.o(.ARM.Collect$$rtentry$$0000000A)
    __rt_entry_postsh_1                      0x08000397   Thumb Code     0  __rtentry2.o(.ARM.Collect$$rtentry$$00000009)
    __rt_entry_main                          0x0800039b   Thumb Code     0  __rtentry2.o(.ARM.Collect$$rtentry$$0000000D)
    __rt_entry_postli_1                      0x0800039b   Thumb Code     0  __rtentry2.o(.ARM.Collect$$rtentry$$0000000C)
    __rt_exit                                0x080003a3   Thumb Code     0  rtexit.o(.ARM.Collect$$rtexit$$00000000)
    __rt_exit_ls                             0x080003a5   Thumb Code     0  rtexit2.o(.ARM.Collect$$rtexit$$00000003)
    __rt_exit_prels_1                        0x080003a5   Thumb Code     0  rtexit2.o(.ARM.Collect$$rtexit$$00000002)
    __rt_exit_exit                           0x080003a9   Thumb Code     0  rtexit2.o(.ARM.Collect$$rtexit$$00000004)
    Reset_Handler                            0x080003b1   Thumb Code    20  startup_stm32h743xx.o(.text)
    ADC3_IRQHandler                          0x080003d7   Thumb Code     0  startup_stm32h743xx.o(.text)
    ADC_IRQHandler                           0x080003d7   Thumb Code     0  startup_stm32h743xx.o(.text)
    BDMA_Channel0_IRQHandler                 0x080003d7   Thumb Code     0  startup_stm32h743xx.o(.text)
    BDMA_Channel1_IRQHandler                 0x080003d7   Thumb Code     0  startup_stm32h743xx.o(.text)
    BDMA_Channel2_IRQHandler                 0x080003d7   Thumb Code     0  startup_stm32h743xx.o(.text)
    BDMA_Channel3_IRQHandler                 0x080003d7   Thumb Code     0  startup_stm32h743xx.o(.text)
    BDMA_Channel4_IRQHandler                 0x080003d7   Thumb Code     0  startup_stm32h743xx.o(.text)
    BDMA_Channel5_IRQHandler                 0x080003d7   Thumb Code     0  startup_stm32h743xx.o(.text)
    BDMA_Channel6_IRQHandler                 0x080003d7   Thumb Code     0  startup_stm32h743xx.o(.text)
    BDMA_Channel7_IRQHandler                 0x080003d7   Thumb Code     0  startup_stm32h743xx.o(.text)
    CEC_IRQHandler                           0x080003d7   Thumb Code     0  startup_stm32h743xx.o(.text)
    COMP1_IRQHandler                         0x080003d7   Thumb Code     0  startup_stm32h743xx.o(.text)
    CRS_IRQHandler                           0x080003d7   Thumb Code     0  startup_stm32h743xx.o(.text)
    DCMI_IRQHandler                          0x080003d7   Thumb Code     0  startup_stm32h743xx.o(.text)
    DFSDM1_FLT0_IRQHandler                   0x080003d7   Thumb Code     0  startup_stm32h743xx.o(.text)
    DFSDM1_FLT1_IRQHandler                   0x080003d7   Thumb Code     0  startup_stm32h743xx.o(.text)
    DFSDM1_FLT2_IRQHandler                   0x080003d7   Thumb Code     0  startup_stm32h743xx.o(.text)
    DFSDM1_FLT3_IRQHandler                   0x080003d7   Thumb Code     0  startup_stm32h743xx.o(.text)
    DMA1_Stream0_IRQHandler                  0x080003d7   Thumb Code     0  startup_stm32h743xx.o(.text)
    DMA1_Stream1_IRQHandler                  0x080003d7   Thumb Code     0  startup_stm32h743xx.o(.text)
    DMA1_Stream2_IRQHandler                  0x080003d7   Thumb Code     0  startup_stm32h743xx.o(.text)
    DMA1_Stream3_IRQHandler                  0x080003d7   Thumb Code     0  startup_stm32h743xx.o(.text)
    DMA1_Stream4_IRQHandler                  0x080003d7   Thumb Code     0  startup_stm32h743xx.o(.text)
    DMA1_Stream5_IRQHandler                  0x080003d7   Thumb Code     0  startup_stm32h743xx.o(.text)
    DMA1_Stream6_IRQHandler                  0x080003d7   Thumb Code     0  startup_stm32h743xx.o(.text)
    DMA1_Stream7_IRQHandler                  0x080003d7   Thumb Code     0  startup_stm32h743xx.o(.text)
    DMA2D_IRQHandler                         0x080003d7   Thumb Code     0  startup_stm32h743xx.o(.text)
    DMA2_Stream0_IRQHandler                  0x080003d7   Thumb Code     0  startup_stm32h743xx.o(.text)
    DMA2_Stream1_IRQHandler                  0x080003d7   Thumb Code     0  startup_stm32h743xx.o(.text)
    DMA2_Stream2_IRQHandler                  0x080003d7   Thumb Code     0  startup_stm32h743xx.o(.text)
    DMA2_Stream3_IRQHandler                  0x080003d7   Thumb Code     0  startup_stm32h743xx.o(.text)
    DMA2_Stream4_IRQHandler                  0x080003d7   Thumb Code     0  startup_stm32h743xx.o(.text)
    DMA2_Stream5_IRQHandler                  0x080003d7   Thumb Code     0  startup_stm32h743xx.o(.text)
    DMA2_Stream6_IRQHandler                  0x080003d7   Thumb Code     0  startup_stm32h743xx.o(.text)
    DMA2_Stream7_IRQHandler                  0x080003d7   Thumb Code     0  startup_stm32h743xx.o(.text)
    DMAMUX1_OVR_IRQHandler                   0x080003d7   Thumb Code     0  startup_stm32h743xx.o(.text)
    DMAMUX2_OVR_IRQHandler                   0x080003d7   Thumb Code     0  startup_stm32h743xx.o(.text)
    ECC_IRQHandler                           0x080003d7   Thumb Code     0  startup_stm32h743xx.o(.text)
    ETH_IRQHandler                           0x080003d7   Thumb Code     0  startup_stm32h743xx.o(.text)
    ETH_WKUP_IRQHandler                      0x080003d7   Thumb Code     0  startup_stm32h743xx.o(.text)
    EXTI0_IRQHandler                         0x080003d7   Thumb Code     0  startup_stm32h743xx.o(.text)
    EXTI15_10_IRQHandler                     0x080003d7   Thumb Code     0  startup_stm32h743xx.o(.text)
    EXTI1_IRQHandler                         0x080003d7   Thumb Code     0  startup_stm32h743xx.o(.text)
    EXTI2_IRQHandler                         0x080003d7   Thumb Code     0  startup_stm32h743xx.o(.text)
    EXTI3_IRQHandler                         0x080003d7   Thumb Code     0  startup_stm32h743xx.o(.text)
    EXTI4_IRQHandler                         0x080003d7   Thumb Code     0  startup_stm32h743xx.o(.text)
    EXTI9_5_IRQHandler                       0x080003d7   Thumb Code     0  startup_stm32h743xx.o(.text)
    FDCAN1_IT0_IRQHandler                    0x080003d7   Thumb Code     0  startup_stm32h743xx.o(.text)
    FDCAN1_IT1_IRQHandler                    0x080003d7   Thumb Code     0  startup_stm32h743xx.o(.text)
    FDCAN2_IT0_IRQHandler                    0x080003d7   Thumb Code     0  startup_stm32h743xx.o(.text)
    FDCAN2_IT1_IRQHandler                    0x080003d7   Thumb Code     0  startup_stm32h743xx.o(.text)
    FDCAN_CAL_IRQHandler                     0x080003d7   Thumb Code     0  startup_stm32h743xx.o(.text)
    FLASH_IRQHandler                         0x080003d7   Thumb Code     0  startup_stm32h743xx.o(.text)
    FMC_IRQHandler                           0x080003d7   Thumb Code     0  startup_stm32h743xx.o(.text)
    FPU_IRQHandler                           0x080003d7   Thumb Code     0  startup_stm32h743xx.o(.text)
    HRTIM1_FLT_IRQHandler                    0x080003d7   Thumb Code     0  startup_stm32h743xx.o(.text)
    HRTIM1_Master_IRQHandler                 0x080003d7   Thumb Code     0  startup_stm32h743xx.o(.text)
    HRTIM1_TIMA_IRQHandler                   0x080003d7   Thumb Code     0  startup_stm32h743xx.o(.text)
    HRTIM1_TIMB_IRQHandler                   0x080003d7   Thumb Code     0  startup_stm32h743xx.o(.text)
    HRTIM1_TIMC_IRQHandler                   0x080003d7   Thumb Code     0  startup_stm32h743xx.o(.text)
    HRTIM1_TIMD_IRQHandler                   0x080003d7   Thumb Code     0  startup_stm32h743xx.o(.text)
    HRTIM1_TIME_IRQHandler                   0x080003d7   Thumb Code     0  startup_stm32h743xx.o(.text)
    HSEM1_IRQHandler                         0x080003d7   Thumb Code     0  startup_stm32h743xx.o(.text)
    I2C1_ER_IRQHandler                       0x080003d7   Thumb Code     0  startup_stm32h743xx.o(.text)
    I2C1_EV_IRQHandler                       0x080003d7   Thumb Code     0  startup_stm32h743xx.o(.text)
    I2C2_ER_IRQHandler                       0x080003d7   Thumb Code     0  startup_stm32h743xx.o(.text)
    I2C2_EV_IRQHandler                       0x080003d7   Thumb Code     0  startup_stm32h743xx.o(.text)
    I2C3_ER_IRQHandler                       0x080003d7   Thumb Code     0  startup_stm32h743xx.o(.text)
    I2C3_EV_IRQHandler                       0x080003d7   Thumb Code     0  startup_stm32h743xx.o(.text)
    I2C4_ER_IRQHandler                       0x080003d7   Thumb Code     0  startup_stm32h743xx.o(.text)
    I2C4_EV_IRQHandler                       0x080003d7   Thumb Code     0  startup_stm32h743xx.o(.text)
    JPEG_IRQHandler                          0x080003d7   Thumb Code     0  startup_stm32h743xx.o(.text)
    LPTIM1_IRQHandler                        0x080003d7   Thumb Code     0  startup_stm32h743xx.o(.text)
    LPTIM2_IRQHandler                        0x080003d7   Thumb Code     0  startup_stm32h743xx.o(.text)
    LPTIM3_IRQHandler                        0x080003d7   Thumb Code     0  startup_stm32h743xx.o(.text)
    LPTIM4_IRQHandler                        0x080003d7   Thumb Code     0  startup_stm32h743xx.o(.text)
    LPTIM5_IRQHandler                        0x080003d7   Thumb Code     0  startup_stm32h743xx.o(.text)
    LPUART1_IRQHandler                       0x080003d7   Thumb Code     0  startup_stm32h743xx.o(.text)
    LTDC_ER_IRQHandler                       0x080003d7   Thumb Code     0  startup_stm32h743xx.o(.text)
    LTDC_IRQHandler                          0x080003d7   Thumb Code     0  startup_stm32h743xx.o(.text)
    MDIOS_IRQHandler                         0x080003d7   Thumb Code     0  startup_stm32h743xx.o(.text)
    MDIOS_WKUP_IRQHandler                    0x080003d7   Thumb Code     0  startup_stm32h743xx.o(.text)
    MDMA_IRQHandler                          0x080003d7   Thumb Code     0  startup_stm32h743xx.o(.text)
    OTG_FS_EP1_IN_IRQHandler                 0x080003d7   Thumb Code     0  startup_stm32h743xx.o(.text)
    OTG_FS_EP1_OUT_IRQHandler                0x080003d7   Thumb Code     0  startup_stm32h743xx.o(.text)
    OTG_FS_IRQHandler                        0x080003d7   Thumb Code     0  startup_stm32h743xx.o(.text)
    OTG_FS_WKUP_IRQHandler                   0x080003d7   Thumb Code     0  startup_stm32h743xx.o(.text)
    OTG_HS_EP1_IN_IRQHandler                 0x080003d7   Thumb Code     0  startup_stm32h743xx.o(.text)
    OTG_HS_EP1_OUT_IRQHandler                0x080003d7   Thumb Code     0  startup_stm32h743xx.o(.text)
    OTG_HS_IRQHandler                        0x080003d7   Thumb Code     0  startup_stm32h743xx.o(.text)
    OTG_HS_WKUP_IRQHandler                   0x080003d7   Thumb Code     0  startup_stm32h743xx.o(.text)
    PVD_AVD_IRQHandler                       0x080003d7   Thumb Code     0  startup_stm32h743xx.o(.text)
    QUADSPI_IRQHandler                       0x080003d7   Thumb Code     0  startup_stm32h743xx.o(.text)
    RCC_IRQHandler                           0x080003d7   Thumb Code     0  startup_stm32h743xx.o(.text)
    RNG_IRQHandler                           0x080003d7   Thumb Code     0  startup_stm32h743xx.o(.text)
    RTC_Alarm_IRQHandler                     0x080003d7   Thumb Code     0  startup_stm32h743xx.o(.text)
    RTC_WKUP_IRQHandler                      0x080003d7   Thumb Code     0  startup_stm32h743xx.o(.text)
    SAI1_IRQHandler                          0x080003d7   Thumb Code     0  startup_stm32h743xx.o(.text)
    SAI2_IRQHandler                          0x080003d7   Thumb Code     0  startup_stm32h743xx.o(.text)
    SAI3_IRQHandler                          0x080003d7   Thumb Code     0  startup_stm32h743xx.o(.text)
    SAI4_IRQHandler                          0x080003d7   Thumb Code     0  startup_stm32h743xx.o(.text)
    SDMMC1_IRQHandler                        0x080003d7   Thumb Code     0  startup_stm32h743xx.o(.text)
    SDMMC2_IRQHandler                        0x080003d7   Thumb Code     0  startup_stm32h743xx.o(.text)
    SPDIF_RX_IRQHandler                      0x080003d7   Thumb Code     0  startup_stm32h743xx.o(.text)
    SPI1_IRQHandler                          0x080003d7   Thumb Code     0  startup_stm32h743xx.o(.text)
    SPI2_IRQHandler                          0x080003d7   Thumb Code     0  startup_stm32h743xx.o(.text)
    SPI3_IRQHandler                          0x080003d7   Thumb Code     0  startup_stm32h743xx.o(.text)
    SPI4_IRQHandler                          0x080003d7   Thumb Code     0  startup_stm32h743xx.o(.text)
    SPI5_IRQHandler                          0x080003d7   Thumb Code     0  startup_stm32h743xx.o(.text)
    SPI6_IRQHandler                          0x080003d7   Thumb Code     0  startup_stm32h743xx.o(.text)
    SWPMI1_IRQHandler                        0x080003d7   Thumb Code     0  startup_stm32h743xx.o(.text)
    TAMP_STAMP_IRQHandler                    0x080003d7   Thumb Code     0  startup_stm32h743xx.o(.text)
    TIM15_IRQHandler                         0x080003d7   Thumb Code     0  startup_stm32h743xx.o(.text)
    TIM16_IRQHandler                         0x080003d7   Thumb Code     0  startup_stm32h743xx.o(.text)
    TIM17_IRQHandler                         0x080003d7   Thumb Code     0  startup_stm32h743xx.o(.text)
    TIM1_BRK_IRQHandler                      0x080003d7   Thumb Code     0  startup_stm32h743xx.o(.text)
    TIM1_CC_IRQHandler                       0x080003d7   Thumb Code     0  startup_stm32h743xx.o(.text)
    TIM1_TRG_COM_IRQHandler                  0x080003d7   Thumb Code     0  startup_stm32h743xx.o(.text)
    TIM1_UP_IRQHandler                       0x080003d7   Thumb Code     0  startup_stm32h743xx.o(.text)
    TIM2_IRQHandler                          0x080003d7   Thumb Code     0  startup_stm32h743xx.o(.text)
    TIM3_IRQHandler                          0x080003d7   Thumb Code     0  startup_stm32h743xx.o(.text)
    TIM5_IRQHandler                          0x080003d7   Thumb Code     0  startup_stm32h743xx.o(.text)
    TIM6_DAC_IRQHandler                      0x080003d7   Thumb Code     0  startup_stm32h743xx.o(.text)
    TIM7_IRQHandler                          0x080003d7   Thumb Code     0  startup_stm32h743xx.o(.text)
    TIM8_BRK_TIM12_IRQHandler                0x080003d7   Thumb Code     0  startup_stm32h743xx.o(.text)
    TIM8_CC_IRQHandler                       0x080003d7   Thumb Code     0  startup_stm32h743xx.o(.text)
    TIM8_TRG_COM_TIM14_IRQHandler            0x080003d7   Thumb Code     0  startup_stm32h743xx.o(.text)
    TIM8_UP_TIM13_IRQHandler                 0x080003d7   Thumb Code     0  startup_stm32h743xx.o(.text)
    UART4_IRQHandler                         0x080003d7   Thumb Code     0  startup_stm32h743xx.o(.text)
    UART5_IRQHandler                         0x080003d7   Thumb Code     0  startup_stm32h743xx.o(.text)
    UART7_IRQHandler                         0x080003d7   Thumb Code     0  startup_stm32h743xx.o(.text)
    UART8_IRQHandler                         0x080003d7   Thumb Code     0  startup_stm32h743xx.o(.text)
    USART2_IRQHandler                        0x080003d7   Thumb Code     0  startup_stm32h743xx.o(.text)
    USART3_IRQHandler                        0x080003d7   Thumb Code     0  startup_stm32h743xx.o(.text)
    USART6_IRQHandler                        0x080003d7   Thumb Code     0  startup_stm32h743xx.o(.text)
    WAKEUP_PIN_IRQHandler                    0x080003d7   Thumb Code     0  startup_stm32h743xx.o(.text)
    WWDG_IRQHandler                          0x080003d7   Thumb Code     0  startup_stm32h743xx.o(.text)
    __user_initial_stackheap                 0x080003d9   Thumb Code     0  startup_stm32h743xx.o(.text)
    __use_no_semihosting                     0x080003fd   Thumb Code     2  use_no_semi_2.o(.text)
    __aeabi_uldivmod                         0x080003ff   Thumb Code     0  lludivv7m.o(.text)
    _ll_udiv                                 0x080003ff   Thumb Code   238  lludivv7m.o(.text)
    __2printf                                0x080004ed   Thumb Code    20  noretval__2printf.o(.text)
    __2sprintf                               0x08000505   Thumb Code    34  noretval__2sprintf.o(.text)
    _printf_pre_padding                      0x0800052d   Thumb Code    44  _printf_pad.o(.text)
    _printf_post_padding                     0x08000559   Thumb Code    34  _printf_pad.o(.text)
    _printf_str                              0x0800057b   Thumb Code    82  _printf_str.o(.text)
    _printf_int_dec                          0x080005cd   Thumb Code   104  _printf_dec.o(.text)
    _printf_int_hex                          0x08000645   Thumb Code    84  _printf_hex_int.o(.text)
    _printf_longlong_hex                     0x08000645   Thumb Code     0  _printf_hex_int.o(.text)
    __printf                                 0x0800069d   Thumb Code   388  __printf_flags_ss_wp.o(.text)
    __aeabi_memcpy4                          0x08000825   Thumb Code     0  rt_memcpy_w.o(.text)
    __aeabi_memcpy8                          0x08000825   Thumb Code     0  rt_memcpy_w.o(.text)
    __rt_memcpy_w                            0x08000825   Thumb Code   100  rt_memcpy_w.o(.text)
    _memcpy_lastbytes_aligned                0x0800086d   Thumb Code     0  rt_memcpy_w.o(.text)
    __use_two_region_memory                  0x08000889   Thumb Code     2  heapauxi.o(.text)
    __rt_heap_escrow$2region                 0x0800088b   Thumb Code     2  heapauxi.o(.text)
    __rt_heap_expand$2region                 0x0800088d   Thumb Code     2  heapauxi.o(.text)
    __semihosting$guard                      0x0800088f   Thumb Code     0  use_no_semi.o(.text)
    __use_no_semihosting_swi                 0x0800088f   Thumb Code     2  use_no_semi.o(.text)
    _printf_int_common                       0x08000891   Thumb Code   178  _printf_intcommon.o(.text)
    __lib_sel_fp_printf                      0x08000943   Thumb Code     2  _printf_fp_dec.o(.text)
    _printf_fp_dec_real                      0x08000af5   Thumb Code   620  _printf_fp_dec.o(.text)
    _printf_char_common                      0x08000d6b   Thumb Code    32  _printf_char_common.o(.text)
    _sputc                                   0x08000d91   Thumb Code    10  _sputc.o(.text)
    _printf_cs_common                        0x08000d9b   Thumb Code    20  _printf_char.o(.text)
    _printf_char                             0x08000daf   Thumb Code    16  _printf_char.o(.text)
    _printf_string                           0x08000dbf   Thumb Code     8  _printf_char.o(.text)
    _printf_char_file                        0x08000dc9   Thumb Code    32  _printf_char_file.o(.text)
    __rt_locale                              0x08000ded   Thumb Code     8  rt_locale_intlibspace.o(.text)
    _ll_udiv10                               0x08000df5   Thumb Code   138  lludiv10.o(.text)
    _printf_fp_infnan                        0x08000e81   Thumb Code   112  _printf_fp_infnan.o(.text)
    _btod_etento                             0x08000f01   Thumb Code   224  bigflt0.o(.text)
    ferror                                   0x08000fe5   Thumb Code     8  ferror.o(.text)
    __user_libspace                          0x08000fed   Thumb Code     8  libspace.o(.text)
    __user_perproc_libspace                  0x08000fed   Thumb Code     0  libspace.o(.text)
    __user_perthread_libspace                0x08000fed   Thumb Code     0  libspace.o(.text)
    __user_setup_stackheap                   0x08000ff5   Thumb Code    74  sys_stackheap_outer.o(.text)
    exit                                     0x0800103f   Thumb Code    18  exit.o(.text)
    strcmp                                   0x08001051   Thumb Code   104  strcmpv7m_pel.o(.text)
    _btod_d2e                                0x080010b9   Thumb Code    62  btod.o(CL$$btod_d2e)
    _d2e_denorm_low                          0x080010f7   Thumb Code    70  btod.o(CL$$btod_d2e_denorm_low)
    _d2e_norm_op1                            0x0800113d   Thumb Code    96  btod.o(CL$$btod_d2e_norm_op1)
    __btod_div_common                        0x0800119d   Thumb Code   696  btod.o(CL$$btod_div_common)
    _e2e                                     0x080014d5   Thumb Code   220  btod.o(CL$$btod_e2e)
    _btod_ediv                               0x080015b1   Thumb Code    42  btod.o(CL$$btod_ediv)
    _btod_emul                               0x080015db   Thumb Code    42  btod.o(CL$$btod_emul)
    __btod_mult_common                       0x08001605   Thumb Code   580  btod.o(CL$$btod_mult_common)
    BusFault_Handler                         0x08001849   Thumb Code     4  stm32h7xx_it.o(i.BusFault_Handler)
    DebugMon_Handler                         0x0800184d   Thumb Code     2  stm32h7xx_it.o(i.DebugMon_Handler)
    FMC_NORSRAM_Extended_Timing_Init         0x08001851   Thumb Code    62  stm32h7xx_ll_fmc.o(i.FMC_NORSRAM_Extended_Timing_Init)
    FMC_NORSRAM_Init                         0x08001895   Thumb Code   160  stm32h7xx_ll_fmc.o(i.FMC_NORSRAM_Init)
    FMC_NORSRAM_Timing_Init                  0x08001939   Thumb Code   102  stm32h7xx_ll_fmc.o(i.FMC_NORSRAM_Timing_Init)
    FMC_SDRAM_Init                           0x0800199f   Thumb Code   108  stm32h7xx_ll_fmc.o(i.FMC_SDRAM_Init)
    FMC_SDRAM_ProgramRefreshRate             0x08001a0b   Thumb Code    20  stm32h7xx_ll_fmc.o(i.FMC_SDRAM_ProgramRefreshRate)
    FMC_SDRAM_SendCommand                    0x08001a1f   Thumb Code    38  stm32h7xx_ll_fmc.o(i.FMC_SDRAM_SendCommand)
    FMC_SDRAM_Timing_Init                    0x08001a45   Thumb Code   144  stm32h7xx_ll_fmc.o(i.FMC_SDRAM_Timing_Init)
    HAL_DMA_Abort                            0x08001ad9   Thumb Code  1236  stm32h7xx_hal_dma.o(i.HAL_DMA_Abort)
    HAL_DMA_Abort_IT                         0x08001fb5   Thumb Code   906  stm32h7xx_hal_dma.o(i.HAL_DMA_Abort_IT)
    HAL_EnableCompensationCell               0x0800234d   Thumb Code    14  stm32h7xx_hal.o(i.HAL_EnableCompensationCell)
    HAL_GPIO_Init                            0x08002361   Thumb Code   456  stm32h7xx_hal_gpio.o(i.HAL_GPIO_Init)
    HAL_GPIO_ReadPin                         0x0800255d   Thumb Code    16  stm32h7xx_hal_gpio.o(i.HAL_GPIO_ReadPin)
    HAL_GPIO_TogglePin                       0x0800256d   Thumb Code    20  stm32h7xx_hal_gpio.o(i.HAL_GPIO_TogglePin)
    HAL_GPIO_WritePin                        0x08002581   Thumb Code    12  stm32h7xx_hal_gpio.o(i.HAL_GPIO_WritePin)
    HAL_GetREVID                             0x0800258d   Thumb Code     8  stm32h7xx_hal.o(i.HAL_GetREVID)
    HAL_GetTick                              0x08002599   Thumb Code     6  stm32h7xx_hal.o(i.HAL_GetTick)
    HAL_IncTick                              0x080025a5   Thumb Code    16  stm32h7xx_hal.o(i.HAL_IncTick)
    HAL_Init                                 0x080025bd   Thumb Code    80  stm32h7xx_hal.o(i.HAL_Init)
    HAL_InitTick                             0x0800261d   Thumb Code    74  stm32h7xx_hal.o(i.HAL_InitTick)
    HAL_LTDC_ConfigLayer                     0x08002675   Thumb Code    94  stm32h7xx_hal_ltdc.o(i.HAL_LTDC_ConfigLayer)
    HAL_LTDC_Init                            0x080026d5   Thumb Code   274  stm32h7xx_hal_ltdc.o(i.HAL_LTDC_Init)
    HAL_LTDC_MspInit                         0x080027ed   Thumb Code   384  ltdc.o(i.HAL_LTDC_MspInit)
    HAL_LTDC_SetWindowPosition               0x08002985   Thumb Code   108  stm32h7xx_hal_ltdc.o(i.HAL_LTDC_SetWindowPosition)
    HAL_LTDC_SetWindowSize                   0x080029f1   Thumb Code   108  stm32h7xx_hal_ltdc.o(i.HAL_LTDC_SetWindowSize)
    HAL_MPU_ConfigRegion                     0x08002a5d   Thumb Code    88  stm32h7xx_hal_cortex.o(i.HAL_MPU_ConfigRegion)
    HAL_MPU_Disable                          0x08002ab9   Thumb Code    38  stm32h7xx_hal_cortex.o(i.HAL_MPU_Disable)
    HAL_MPU_Enable                           0x08002ae5   Thumb Code    58  stm32h7xx_hal_cortex.o(i.HAL_MPU_Enable)
    HAL_MspInit                              0x08002b25   Thumb Code     2  stm32h7xx_hal.o(i.HAL_MspInit)
    HAL_NVIC_EnableIRQ                       0x08002b27   Thumb Code    40  stm32h7xx_hal_cortex.o(i.HAL_NVIC_EnableIRQ)
    HAL_NVIC_SetPriority                     0x08002b4f   Thumb Code   122  stm32h7xx_hal_cortex.o(i.HAL_NVIC_SetPriority)
    HAL_NVIC_SetPriorityGrouping             0x08002bc9   Thumb Code    32  stm32h7xx_hal_cortex.o(i.HAL_NVIC_SetPriorityGrouping)
    HAL_PWREx_EnableUSBVoltageDetector       0x08002bf1   Thumb Code    14  stm32h7xx_hal_pwr_ex.o(i.HAL_PWREx_EnableUSBVoltageDetector)
    HAL_RCCEx_GetD3PCLK1Freq                 0x08002c05   Thumb Code    26  stm32h7xx_hal_rcc_ex.o(i.HAL_RCCEx_GetD3PCLK1Freq)
    HAL_RCCEx_GetPLL2ClockFreq               0x08002c29   Thumb Code   536  stm32h7xx_hal_rcc_ex.o(i.HAL_RCCEx_GetPLL2ClockFreq)
    HAL_RCCEx_GetPLL3ClockFreq               0x08002e59   Thumb Code   536  stm32h7xx_hal_rcc_ex.o(i.HAL_RCCEx_GetPLL3ClockFreq)
    HAL_RCCEx_PeriphCLKConfig                0x08003089   Thumb Code  2910  stm32h7xx_hal_rcc_ex.o(i.HAL_RCCEx_PeriphCLKConfig)
    HAL_RCC_ClockConfig                      0x08003bed   Thumb Code   774  stm32h7xx_hal_rcc.o(i.HAL_RCC_ClockConfig)
    HAL_RCC_GetHCLKFreq                      0x08003f0d   Thumb Code    60  stm32h7xx_hal_rcc.o(i.HAL_RCC_GetHCLKFreq)
    HAL_RCC_GetPCLK1Freq                     0x08003f59   Thumb Code    26  stm32h7xx_hal_rcc.o(i.HAL_RCC_GetPCLK1Freq)
    HAL_RCC_GetPCLK2Freq                     0x08003f7d   Thumb Code    26  stm32h7xx_hal_rcc.o(i.HAL_RCC_GetPCLK2Freq)
    HAL_RCC_GetSysClockFreq                  0x08003fa1   Thumb Code   524  stm32h7xx_hal_rcc.o(i.HAL_RCC_GetSysClockFreq)
    HAL_RCC_OscConfig                        0x080041cd   Thumb Code  2048  stm32h7xx_hal_rcc.o(i.HAL_RCC_OscConfig)
    HAL_SDRAM_Init                           0x080049cd   Thumb Code    76  stm32h7xx_hal_sdram.o(i.HAL_SDRAM_Init)
    HAL_SDRAM_MspInit                        0x08004a1d   Thumb Code   258  sdram.o(i.HAL_SDRAM_MspInit)
    HAL_SDRAM_ProgramRefreshRate             0x08004b39   Thumb Code    54  stm32h7xx_hal_sdram.o(i.HAL_SDRAM_ProgramRefreshRate)
    HAL_SDRAM_SendCommand                    0x08004b6f   Thumb Code    78  stm32h7xx_hal_sdram.o(i.HAL_SDRAM_SendCommand)
    HAL_SRAM_Init                            0x08004bbd   Thumb Code   106  stm32h7xx_hal_sram.o(i.HAL_SRAM_Init)
    HAL_SRAM_MspInit                         0x08004c2d   Thumb Code   140  lcd.o(i.HAL_SRAM_MspInit)
    HAL_SYSTICK_Config                       0x08004cc5   Thumb Code    52  stm32h7xx_hal_cortex.o(i.HAL_SYSTICK_Config)
    HAL_TIM_Base_Init                        0x08004cf9   Thumb Code   110  stm32h7xx_hal_tim.o(i.HAL_TIM_Base_Init)
    HAL_TIM_Base_MspInit                     0x08004d67   Thumb Code     2  stm32h7xx_hal_tim.o(i.HAL_TIM_Base_MspInit)
    HAL_TIM_Base_Start_IT                    0x08004d69   Thumb Code   146  stm32h7xx_hal_tim.o(i.HAL_TIM_Base_Start_IT)
    HAL_UARTEx_RxEventCallback               0x08004e1d   Thumb Code     2  stm32h7xx_hal_uart.o(i.HAL_UARTEx_RxEventCallback)
    HAL_UARTEx_RxFifoFullCallback            0x08004e1f   Thumb Code     2  stm32h7xx_hal_uart_ex.o(i.HAL_UARTEx_RxFifoFullCallback)
    HAL_UARTEx_TxFifoEmptyCallback           0x08004e21   Thumb Code     2  stm32h7xx_hal_uart_ex.o(i.HAL_UARTEx_TxFifoEmptyCallback)
    HAL_UARTEx_WakeupCallback                0x08004e23   Thumb Code     2  stm32h7xx_hal_uart_ex.o(i.HAL_UARTEx_WakeupCallback)
    HAL_UART_ErrorCallback                   0x08004e25   Thumb Code     2  stm32h7xx_hal_uart.o(i.HAL_UART_ErrorCallback)
    HAL_UART_IRQHandler                      0x08004e29   Thumb Code  1112  stm32h7xx_hal_uart.o(i.HAL_UART_IRQHandler)
    HAL_UART_Init                            0x08005281   Thumb Code   120  stm32h7xx_hal_uart.o(i.HAL_UART_Init)
    HAL_UART_MspInit                         0x080052f9   Thumb Code   180  usart.o(i.HAL_UART_MspInit)
    HAL_UART_Receive_IT                      0x080053b9   Thumb Code   110  stm32h7xx_hal_uart.o(i.HAL_UART_Receive_IT)
    HAL_UART_RxCpltCallback                  0x0800542d   Thumb Code   134  usart.o(i.HAL_UART_RxCpltCallback)
    HAL_UART_TxCpltCallback                  0x080054c9   Thumb Code     2  stm32h7xx_hal_uart.o(i.HAL_UART_TxCpltCallback)
    HardFault_Handler                        0x080054cb   Thumb Code     4  stm32h7xx_it.o(i.HardFault_Handler)
    MemManage_Handler                        0x080056df   Thumb Code     4  stm32h7xx_it.o(i.MemManage_Handler)
    NMI_Handler                              0x080056e3   Thumb Code     4  stm32h7xx_it.o(i.NMI_Handler)
    PendSV_Handler                           0x080056e7   Thumb Code     2  stm32h7xx_it.o(i.PendSV_Handler)
    SVC_Handler                              0x080059b1   Thumb Code     2  stm32h7xx_it.o(i.SVC_Handler)
    SysTick_Handler                          0x080059b3   Thumb Code     8  stm32h7xx_it.o(i.SysTick_Handler)
    SystemInit                               0x080059bd   Thumb Code   212  system_stm32h7xx.o(i.SystemInit)
    TIM4_IRQHandler                          0x08005ab9   Thumb Code    58  usmart_port.o(i.TIM4_IRQHandler)
    TIM_Base_SetConfig                       0x08005afd   Thumb Code   170  stm32h7xx_hal_tim.o(i.TIM_Base_SetConfig)
    UART_AdvFeatureConfig                    0x08005bc9   Thumb Code   248  stm32h7xx_hal_uart.o(i.UART_AdvFeatureConfig)
    UART_CheckIdleState                      0x08005cc1   Thumb Code   118  stm32h7xx_hal_uart.o(i.UART_CheckIdleState)
    UART_SetConfig                           0x08006321   Thumb Code  1402  stm32h7xx_hal_uart.o(i.UART_SetConfig)
    UART_Start_Receive_IT                    0x080068ad   Thumb Code   352  stm32h7xx_hal_uart.o(i.UART_Start_Receive_IT)
    UART_WaitOnFlagUntilTimeout              0x08006a1d   Thumb Code   254  stm32h7xx_hal_uart.o(i.UART_WaitOnFlagUntilTimeout)
    USART1_IRQHandler                        0x08006b1d   Thumb Code    10  usart.o(i.USART1_IRQHandler)
    UsageFault_Handler                       0x08006b2d   Thumb Code     4  stm32h7xx_it.o(i.UsageFault_Handler)
    __ARM_fpclassify                         0x08006b31   Thumb Code    48  fpclassify.o(i.__ARM_fpclassify)
    _is_digit                                0x08006b99   Thumb Code    14  __printf_wp.o(i._is_digit)
    _sys_exit                                0x08006ba7   Thumb Code     4  usart.o(i._sys_exit)
    delay_init                               0x08006bad   Thumb Code     6  delay.o(i.delay_init)
    delay_ms                                 0x08006bb9   Thumb Code    18  delay.o(i.delay_ms)
    delay_us                                 0x08006bcd   Thumb Code    68  delay.o(i.delay_us)
    fputc                                    0x08006c15   Thumb Code    22  usart.o(i.fputc)
    iic_ack                                  0x08006c31   Thumb Code    76  myiic.o(i.iic_ack)
    iic_init                                 0x08006c8d   Thumb Code   112  myiic.o(i.iic_init)
    iic_nack                                 0x08006d05   Thumb Code    58  myiic.o(i.iic_nack)
    iic_read_byte                            0x08006d45   Thumb Code    88  myiic.o(i.iic_read_byte)
    iic_send_byte                            0x08006da1   Thumb Code   102  myiic.o(i.iic_send_byte)
    iic_start                                0x08006e0d   Thumb Code    72  myiic.o(i.iic_start)
    iic_stop                                 0x08006e59   Thumb Code    58  myiic.o(i.iic_stop)
    iic_wait_ack                             0x08006e99   Thumb Code    96  myiic.o(i.iic_wait_ack)
    lcd_clear                                0x08006efd   Thumb Code    58  lcd.o(i.lcd_clear)
    lcd_display_dir                          0x08006f45   Thumb Code   390  lcd.o(i.lcd_display_dir)
    lcd_draw_point                           0x080070d5   Thumb Code    44  lcd.o(i.lcd_draw_point)
    lcd_ex_ili9341_reginit                   0x08007109   Thumb Code   556  lcd.o(i.lcd_ex_ili9341_reginit)
    lcd_ex_ili9806_reginit                   0x08007335   Thumb Code   832  lcd.o(i.lcd_ex_ili9806_reginit)
    lcd_ex_nt35310_reginit                   0x08007675   Thumb Code  3826  lcd.o(i.lcd_ex_nt35310_reginit)
    lcd_ex_nt35510_reginit                   0x08008567   Thumb Code  3836  lcd.o(i.lcd_ex_nt35510_reginit)
    lcd_ex_ssd1963_reginit                   0x08009463   Thumb Code   366  lcd.o(i.lcd_ex_ssd1963_reginit)
    lcd_ex_st7789_reginit                    0x080095d1   Thumb Code   424  lcd.o(i.lcd_ex_st7789_reginit)
    lcd_ex_st7796_reginit                    0x08009779   Thumb Code   454  lcd.o(i.lcd_ex_st7796_reginit)
    lcd_fill                                 0x08009941   Thumb Code   104  lcd.o(i.lcd_fill)
    lcd_init                                 0x080099b1   Thumb Code  1334  lcd.o(i.lcd_init)
    lcd_mpu_config                           0x08009ef5   Thumb Code    80  lcd.o(i.lcd_mpu_config)
    lcd_scan_dir                             0x08009f59   Thumb Code   568  lcd.o(i.lcd_scan_dir)
    lcd_set_cursor                           0x0800a195   Thumb Code   282  lcd.o(i.lcd_set_cursor)
    lcd_show_char                            0x0800a2b5   Thumb Code   294  lcd.o(i.lcd_show_char)
    lcd_show_string                          0x0800a3f5   Thumb Code   106  lcd.o(i.lcd_show_string)
    lcd_ssd_backlight_set                    0x0800a461   Thumb Code    72  lcd.o(i.lcd_ssd_backlight_set)
    lcd_wr_data                              0x0800a4b1   Thumb Code    18  lcd.o(i.lcd_wr_data)
    lcd_wr_regno                             0x0800a4c9   Thumb Code    18  lcd.o(i.lcd_wr_regno)
    lcd_write_ram_prepare                    0x0800a4e1   Thumb Code    10  lcd.o(i.lcd_write_ram_prepare)
    lcd_write_reg                            0x0800a4f5   Thumb Code    10  lcd.o(i.lcd_write_reg)
    led_init                                 0x0800a505   Thumb Code   130  led.o(i.led_init)
    ltdc_clear                               0x0800a591   Thumb Code    32  ltdc.o(i.ltdc_clear)
    ltdc_clk_set                             0x0800a5b5   Thumb Code    46  ltdc.o(i.ltdc_clk_set)
    ltdc_display_dir                         0x0800a5e5   Thumb Code    40  ltdc.o(i.ltdc_display_dir)
    ltdc_draw_point                          0x0800a611   Thumb Code    70  ltdc.o(i.ltdc_draw_point)
    ltdc_fill                                0x0800a661   Thumb Code   388  ltdc.o(i.ltdc_fill)
    ltdc_init                                0x0800a7f5   Thumb Code   650  ltdc.o(i.ltdc_init)
    ltdc_layer_parameter_config              0x0800aa9d   Thumb Code   112  ltdc.o(i.ltdc_layer_parameter_config)
    ltdc_layer_window_config                 0x0800ab15   Thumb Code    44  ltdc.o(i.ltdc_layer_window_config)
    ltdc_panelid_read                        0x0800ab45   Thumb Code   196  ltdc.o(i.ltdc_panelid_read)
    ltdc_select_layer                        0x0800ac15   Thumb Code     6  ltdc.o(i.ltdc_select_layer)
    main                                     0x0800ac21   Thumb Code   584  main.o(i.main)
    mpu_memory_protection                    0x0800af49   Thumb Code   186  mpu.o(i.mpu_memory_protection)
    mpu_set_protection                       0x0800b003   Thumb Code    94  mpu.o(i.mpu_set_protection)
    read_addr                                0x0800b061   Thumb Code     6  usmart.o(i.read_addr)
    sdram_init                               0x0800b069   Thumb Code   102  sdram.o(i.sdram_init)
    sdram_initialization_sequence            0x0800b0d9   Thumb Code    66  sdram.o(i.sdram_initialization_sequence)
    sdram_send_cmd                           0x0800b11d   Thumb Code    68  sdram.o(i.sdram_send_cmd)
    sh3001_get_imu_compdata                  0x0800b349   Thumb Code   736  sh3001.o(i.sh3001_get_imu_compdata)
    sh3001_get_temperature                   0x0800b641   Thumb Code   108  sh3001.o(i.sh3001_get_temperature)
    sh3001_init                              0x0800b73d   Thumb Code   124  sh3001.o(i.sh3001_init)
    sh3001_read_nbytes                       0x0800b9b9   Thumb Code   110  sh3001.o(i.sh3001_read_nbytes)
    sh3001_switch_powermode                  0x0800ba29   Thumb Code   970  sh3001.o(i.sh3001_switch_powermode)
    sh3001_write_nbytes                      0x0800be3f   Thumb Code    86  sh3001.o(i.sh3001_write_nbytes)
    sys_cache_enable                         0x0800be95   Thumb Code   310  sys.o(i.sys_cache_enable)
    sys_stm32_clock_init                     0x0800bfd5   Thumb Code   274  sys.o(i.sys_stm32_clock_init)
    usart_init                               0x0800c0f5   Thumb Code    44  usart.o(i.usart_init)
    user_show_mag                            0x0800c12d   Thumb Code    78  main.o(i.user_show_mag)
    user_show_temprate                       0x0800c185   Thumb Code    90  main.o(i.user_show_temprate)
    usmart_cmd_rec                           0x0800c1ed   Thumb Code   170  usmart.o(i.usmart_cmd_rec)
    usmart_exe                               0x0800c29d   Thumb Code   632  usmart.o(i.usmart_exe)
    usmart_get_aparm                         0x0800c571   Thumb Code   212  usmart_str.o(i.usmart_get_aparm)
    usmart_get_cmdname                       0x0800c645   Thumb Code    54  usmart_str.o(i.usmart_get_cmdname)
    usmart_get_fname                         0x0800c67d   Thumb Code   440  usmart_str.o(i.usmart_get_fname)
    usmart_get_fparam                        0x0800c83d   Thumb Code   262  usmart_str.o(i.usmart_get_fparam)
    usmart_get_input_string                  0x0800c949   Thumb Code    30  usmart_port.o(i.usmart_get_input_string)
    usmart_get_parmpos                       0x0800c971   Thumb Code    26  usmart_str.o(i.usmart_get_parmpos)
    usmart_init                              0x0800c991   Thumb Code    36  usmart.o(i.usmart_init)
    usmart_pow                               0x0800c9b9   Thumb Code    22  usmart_str.o(i.usmart_pow)
    usmart_scan                              0x0800c9d1   Thumb Code   106  usmart.o(i.usmart_scan)
    usmart_search_nextc                      0x0800ca79   Thumb Code    22  usmart_str.o(i.usmart_search_nextc)
    usmart_str2num                           0x0800ca8f   Thumb Code   262  usmart_str.o(i.usmart_str2num)
    usmart_strcmp                            0x0800cb95   Thumb Code    34  usmart_str.o(i.usmart_strcmp)
    usmart_strcopy                           0x0800cbb7   Thumb Code    22  usmart_str.o(i.usmart_strcopy)
    usmart_strlen                            0x0800cbcd   Thumb Code    24  usmart_str.o(i.usmart_strlen)
    usmart_sys_cmd_exe                       0x0800cbe5   Thumb Code  1570  usmart.o(i.usmart_sys_cmd_exe)
    usmart_timx_get_time                     0x0800d2d9   Thumb Code    58  usmart_port.o(i.usmart_timx_get_time)
    usmart_timx_init                         0x0800d31d   Thumb Code    84  usmart_port.o(i.usmart_timx_init)
    usmart_timx_reset_time                   0x0800d37d   Thumb Code    44  usmart_port.o(i.usmart_timx_reset_time)
    write_addr                               0x0800d3b1   Thumb Code     4  usmart.o(i.write_addr)
    _get_lc_numeric                          0x0800d3b5   Thumb Code    44  lc_numeric_c.o(locale$$code)
    _fp_init                                 0x0800d3e1   Thumb Code    10  fpinit.o(x$fpl$fpinit)
    __fplib_config_fpu_vfp                   0x0800d3e9   Thumb Code     0  fpinit.o(x$fpl$fpinit)
    __fplib_config_pureend_doubles           0x0800d3e9   Thumb Code     0  fpinit.o(x$fpl$fpinit)
    _printf_fp_dec                           0x0800d3eb   Thumb Code     4  printf1.o(x$fpl$printf1)
    D1CorePrescTable                         0x0800d3ee   Data          16  system_stm32h7xx.o(.constdata)
    __I$use$fp                               0x0800d3ee   Number         0  usenofp.o(x$fpl$usenofp)
    UARTPrescTable                           0x0800d3fe   Data          24  stm32h7xx_hal_uart.o(.constdata)
    asc2_1206                                0x0800d416   Data        1140  lcd.o(.constdata)
    asc2_1608                                0x0800d88a   Data        1520  lcd.o(.constdata)
    asc2_2412                                0x0800de7a   Data        3420  lcd.o(.constdata)
    asc2_3216                                0x0800ebd6   Data        6080  lcd.o(.constdata)
    Region$$Table$$Base                      0x08010570   Number         0  anon$$obj.o(Region$$Table)
    Region$$Table$$Limit                     0x08010590   Number         0  anon$$obj.o(Region$$Table)
    SystemCoreClock                          0x24000000   Data           4  system_stm32h7xx.o(.data)
    SystemD2Clock                            0x24000004   Data           4  system_stm32h7xx.o(.data)
    __stdout                                 0x2400000c   Data           4  usart.o(.data)
    g_usart_rx_sta                           0x24000010   Data           2  usart.o(.data)
    g_rx_buffer                              0x24000012   Data           1  usart.o(.data)
    uwTick                                   0x24000014   Data           4  stm32h7xx_hal.o(.data)
    uwTickPrio                               0x24000018   Data           4  stm32h7xx_hal.o(.data)
    uwTickFreq                               0x2400001c   Data           1  stm32h7xx_hal.o(.data)
    g_point_color                            0x24000020   Data           4  lcd.o(.data)
    g_back_color                             0x24000024   Data           4  lcd.o(.data)
    g_ltdc_framebuf                          0x24000028   Data           8  ltdc.o(.data)
    sys_cmd_tab                              0x24000034   Data          28  usmart.o(.data)
    usmart_nametab                           0x24000050   Data          48  usmart_config.o(.data)
    usmart_dev                               0x24000080   Data         244  usmart_config.o(.data)
    g_usart_rx_buf                           0x24000174   Data         200  usart.o(.bss)
    g_uart1_handle                           0x2400023c   Data         144  usart.o(.bss)
    g_sram_handle                            0x240002cc   Data          76  lcd.o(.bss)
    lcddev                                   0x24000318   Data          14  lcd.o(.bss)
    g_sdram_handle                           0x24000328   Data          52  sdram.o(.bss)
    g_ltdc_handle                            0x2400035c   Data         168  ltdc.o(.bss)
    g_dma2d_handle                           0x24000404   Data         104  ltdc.o(.bss)
    lcdltdc                                  0x2400046c   Data          32  ltdc.o(.bss)
    g_timx_usmart_handle                     0x2400049c   Data          76  usmart_port.o(.bss)
    __libspace_start                         0x240004e8   Data          96  libspace.o(.bss)
    __temporary_stack_top$libspace           0x24000548   Data           0  libspace.o(.bss)
    ltdc_lcd_framebuf                        0xc0000000   Data       2048000  ltdc.o(.ARM.__AT_0xC0000000)



==============================================================================

Memory Map of the image

  Image Entry point : 0x08000299

  Load Region LR_IROM1 (Base: 0x08000000, Size: 0x00010720, Max: 0x00200000, ABSOLUTE, COMPRESSED[0x00010614])

    Execution Region ER_IROM1 (Exec base: 0x08000000, Load base: 0x08000000, Size: 0x000105ac, Max: 0x00200000, ABSOLUTE)

    Exec Addr    Load Addr    Size         Type   Attr      Idx    E Section Name        Object

    0x08000000   0x08000000   0x00000298   Data   RO            3    RESET               startup_stm32h743xx.o
    0x08000298   0x08000298   0x00000008   Code   RO         5487  * !!!main             c_w.l(__main.o)
    0x080002a0   0x080002a0   0x00000034   Code   RO         5716    !!!scatter          c_w.l(__scatter.o)
    0x080002d4   0x080002d4   0x0000005a   Code   RO         5714    !!dczerorl2         c_w.l(__dczerorl2.o)
    0x0800032e   0x0800032e   0x00000002   PAD
    0x08000330   0x08000330   0x0000001c   Code   RO         5718    !!handler_zi        c_w.l(__scatter_zi.o)
    0x0800034c   0x0800034c   0x00000000   Code   RO         5482    .ARM.Collect$$_printf_percent$$00000000  c_w.l(_printf_percent.o)
    0x0800034c   0x0800034c   0x00000006   Code   RO         5481    .ARM.Collect$$_printf_percent$$00000003  c_w.l(_printf_f.o)
    0x08000352   0x08000352   0x00000006   Code   RO         5479    .ARM.Collect$$_printf_percent$$00000009  c_w.l(_printf_d.o)
    0x08000358   0x08000358   0x00000006   Code   RO         5480    .ARM.Collect$$_printf_percent$$0000000A  c_w.l(_printf_u.o)
    0x0800035e   0x0800035e   0x00000006   Code   RO         5478    .ARM.Collect$$_printf_percent$$0000000C  c_w.l(_printf_x.o)
    0x08000364   0x08000364   0x00000006   Code   RO         5476    .ARM.Collect$$_printf_percent$$00000013  c_w.l(_printf_c.o)
    0x0800036a   0x0800036a   0x00000006   Code   RO         5477    .ARM.Collect$$_printf_percent$$00000014  c_w.l(_printf_s.o)
    0x08000370   0x08000370   0x00000004   Code   RO         5510    .ARM.Collect$$_printf_percent$$00000017  c_w.l(_printf_percent_end.o)
    0x08000374   0x08000374   0x00000002   Code   RO         5594    .ARM.Collect$$libinit$$00000000  c_w.l(libinit.o)
    0x08000376   0x08000376   0x00000004   Code   RO         5595    .ARM.Collect$$libinit$$00000001  c_w.l(libinit2.o)
    0x0800037a   0x0800037a   0x00000000   Code   RO         5598    .ARM.Collect$$libinit$$00000004  c_w.l(libinit2.o)
    0x0800037a   0x0800037a   0x00000000   Code   RO         5601    .ARM.Collect$$libinit$$0000000A  c_w.l(libinit2.o)
    0x0800037a   0x0800037a   0x00000000   Code   RO         5603    .ARM.Collect$$libinit$$0000000C  c_w.l(libinit2.o)
    0x0800037a   0x0800037a   0x00000000   Code   RO         5605    .ARM.Collect$$libinit$$0000000E  c_w.l(libinit2.o)
    0x0800037a   0x0800037a   0x00000006   Code   RO         5606    .ARM.Collect$$libinit$$0000000F  c_w.l(libinit2.o)
    0x08000380   0x08000380   0x00000000   Code   RO         5608    .ARM.Collect$$libinit$$00000011  c_w.l(libinit2.o)
    0x08000380   0x08000380   0x00000000   Code   RO         5610    .ARM.Collect$$libinit$$00000013  c_w.l(libinit2.o)
    0x08000380   0x08000380   0x00000000   Code   RO         5612    .ARM.Collect$$libinit$$00000015  c_w.l(libinit2.o)
    0x08000380   0x08000380   0x0000000a   Code   RO         5613    .ARM.Collect$$libinit$$00000016  c_w.l(libinit2.o)
    0x0800038a   0x0800038a   0x00000000   Code   RO         5614    .ARM.Collect$$libinit$$00000017  c_w.l(libinit2.o)
    0x0800038a   0x0800038a   0x00000000   Code   RO         5616    .ARM.Collect$$libinit$$00000019  c_w.l(libinit2.o)
    0x0800038a   0x0800038a   0x00000000   Code   RO         5618    .ARM.Collect$$libinit$$0000001B  c_w.l(libinit2.o)
    0x0800038a   0x0800038a   0x00000000   Code   RO         5620    .ARM.Collect$$libinit$$0000001D  c_w.l(libinit2.o)
    0x0800038a   0x0800038a   0x00000000   Code   RO         5622    .ARM.Collect$$libinit$$0000001F  c_w.l(libinit2.o)
    0x0800038a   0x0800038a   0x00000000   Code   RO         5624    .ARM.Collect$$libinit$$00000021  c_w.l(libinit2.o)
    0x0800038a   0x0800038a   0x00000000   Code   RO         5626    .ARM.Collect$$libinit$$00000023  c_w.l(libinit2.o)
    0x0800038a   0x0800038a   0x00000000   Code   RO         5628    .ARM.Collect$$libinit$$00000025  c_w.l(libinit2.o)
    0x0800038a   0x0800038a   0x00000000   Code   RO         5632    .ARM.Collect$$libinit$$0000002C  c_w.l(libinit2.o)
    0x0800038a   0x0800038a   0x00000000   Code   RO         5634    .ARM.Collect$$libinit$$0000002E  c_w.l(libinit2.o)
    0x0800038a   0x0800038a   0x00000000   Code   RO         5636    .ARM.Collect$$libinit$$00000030  c_w.l(libinit2.o)
    0x0800038a   0x0800038a   0x00000000   Code   RO         5638    .ARM.Collect$$libinit$$00000032  c_w.l(libinit2.o)
    0x0800038a   0x0800038a   0x00000002   Code   RO         5639    .ARM.Collect$$libinit$$00000033  c_w.l(libinit2.o)
    0x0800038c   0x0800038c   0x00000002   Code   RO         5677    .ARM.Collect$$libshutdown$$00000000  c_w.l(libshutdown.o)
    0x0800038e   0x0800038e   0x00000000   Code   RO         5695    .ARM.Collect$$libshutdown$$00000002  c_w.l(libshutdown2.o)
    0x0800038e   0x0800038e   0x00000000   Code   RO         5697    .ARM.Collect$$libshutdown$$00000004  c_w.l(libshutdown2.o)
    0x0800038e   0x0800038e   0x00000000   Code   RO         5699    .ARM.Collect$$libshutdown$$00000006  c_w.l(libshutdown2.o)
    0x0800038e   0x0800038e   0x00000000   Code   RO         5702    .ARM.Collect$$libshutdown$$00000009  c_w.l(libshutdown2.o)
    0x0800038e   0x0800038e   0x00000000   Code   RO         5705    .ARM.Collect$$libshutdown$$0000000C  c_w.l(libshutdown2.o)
    0x0800038e   0x0800038e   0x00000000   Code   RO         5707    .ARM.Collect$$libshutdown$$0000000E  c_w.l(libshutdown2.o)
    0x0800038e   0x0800038e   0x00000000   Code   RO         5710    .ARM.Collect$$libshutdown$$00000011  c_w.l(libshutdown2.o)
    0x0800038e   0x0800038e   0x00000002   Code   RO         5711    .ARM.Collect$$libshutdown$$00000012  c_w.l(libshutdown2.o)
    0x08000390   0x08000390   0x00000000   Code   RO         5493    .ARM.Collect$$rtentry$$00000000  c_w.l(__rtentry.o)
    0x08000390   0x08000390   0x00000000   Code   RO         5512    .ARM.Collect$$rtentry$$00000002  c_w.l(__rtentry2.o)
    0x08000390   0x08000390   0x00000006   Code   RO         5524    .ARM.Collect$$rtentry$$00000004  c_w.l(__rtentry4.o)
    0x08000396   0x08000396   0x00000000   Code   RO         5514    .ARM.Collect$$rtentry$$00000009  c_w.l(__rtentry2.o)
    0x08000396   0x08000396   0x00000004   Code   RO         5515    .ARM.Collect$$rtentry$$0000000A  c_w.l(__rtentry2.o)
    0x0800039a   0x0800039a   0x00000000   Code   RO         5517    .ARM.Collect$$rtentry$$0000000C  c_w.l(__rtentry2.o)
    0x0800039a   0x0800039a   0x00000008   Code   RO         5518    .ARM.Collect$$rtentry$$0000000D  c_w.l(__rtentry2.o)
    0x080003a2   0x080003a2   0x00000002   Code   RO         5640    .ARM.Collect$$rtexit$$00000000  c_w.l(rtexit.o)
    0x080003a4   0x080003a4   0x00000000   Code   RO         5653    .ARM.Collect$$rtexit$$00000002  c_w.l(rtexit2.o)
    0x080003a4   0x080003a4   0x00000004   Code   RO         5654    .ARM.Collect$$rtexit$$00000003  c_w.l(rtexit2.o)
    0x080003a8   0x080003a8   0x00000006   Code   RO         5655    .ARM.Collect$$rtexit$$00000004  c_w.l(rtexit2.o)
    0x080003ae   0x080003ae   0x00000002   PAD
    0x080003b0   0x080003b0   0x0000004c   Code   RO            4    .text               startup_stm32h743xx.o
    0x080003fc   0x080003fc   0x00000002   Code   RO         5415    .text               c_w.l(use_no_semi_2.o)
    0x080003fe   0x080003fe   0x000000ee   Code   RO         5417    .text               c_w.l(lludivv7m.o)
    0x080004ec   0x080004ec   0x00000018   Code   RO         5423    .text               c_w.l(noretval__2printf.o)
    0x08000504   0x08000504   0x00000028   Code   RO         5425    .text               c_w.l(noretval__2sprintf.o)
    0x0800052c   0x0800052c   0x0000004e   Code   RO         5429    .text               c_w.l(_printf_pad.o)
    0x0800057a   0x0800057a   0x00000052   Code   RO         5431    .text               c_w.l(_printf_str.o)
    0x080005cc   0x080005cc   0x00000078   Code   RO         5433    .text               c_w.l(_printf_dec.o)
    0x08000644   0x08000644   0x00000058   Code   RO         5438    .text               c_w.l(_printf_hex_int.o)
    0x0800069c   0x0800069c   0x00000188   Code   RO         5473    .text               c_w.l(__printf_flags_ss_wp.o)
    0x08000824   0x08000824   0x00000064   Code   RO         5483    .text               c_w.l(rt_memcpy_w.o)
    0x08000888   0x08000888   0x00000006   Code   RO         5485    .text               c_w.l(heapauxi.o)
    0x0800088e   0x0800088e   0x00000002   Code   RO         5491    .text               c_w.l(use_no_semi.o)
    0x08000890   0x08000890   0x000000b2   Code   RO         5498    .text               c_w.l(_printf_intcommon.o)
    0x08000942   0x08000942   0x0000041e   Code   RO         5500    .text               c_w.l(_printf_fp_dec.o)
    0x08000d60   0x08000d60   0x00000030   Code   RO         5502    .text               c_w.l(_printf_char_common.o)
    0x08000d90   0x08000d90   0x0000000a   Code   RO         5504    .text               c_w.l(_sputc.o)
    0x08000d9a   0x08000d9a   0x0000002c   Code   RO         5506    .text               c_w.l(_printf_char.o)
    0x08000dc6   0x08000dc6   0x00000002   PAD
    0x08000dc8   0x08000dc8   0x00000024   Code   RO         5508    .text               c_w.l(_printf_char_file.o)
    0x08000dec   0x08000dec   0x00000008   Code   RO         5531    .text               c_w.l(rt_locale_intlibspace.o)
    0x08000df4   0x08000df4   0x0000008a   Code   RO         5533    .text               c_w.l(lludiv10.o)
    0x08000e7e   0x08000e7e   0x00000002   PAD
    0x08000e80   0x08000e80   0x00000080   Code   RO         5535    .text               c_w.l(_printf_fp_infnan.o)
    0x08000f00   0x08000f00   0x000000e4   Code   RO         5539    .text               c_w.l(bigflt0.o)
    0x08000fe4   0x08000fe4   0x00000008   Code   RO         5564    .text               c_w.l(ferror.o)
    0x08000fec   0x08000fec   0x00000008   Code   RO         5576    .text               c_w.l(libspace.o)
    0x08000ff4   0x08000ff4   0x0000004a   Code   RO         5579    .text               c_w.l(sys_stackheap_outer.o)
    0x0800103e   0x0800103e   0x00000012   Code   RO         5581    .text               c_w.l(exit.o)
    0x08001050   0x08001050   0x00000068   Code   RO         5587    .text               c_w.l(strcmpv7m_pel.o)
    0x080010b8   0x080010b8   0x0000003e   Code   RO         5542    CL$$btod_d2e        c_w.l(btod.o)
    0x080010f6   0x080010f6   0x00000046   Code   RO         5544    CL$$btod_d2e_denorm_low  c_w.l(btod.o)
    0x0800113c   0x0800113c   0x00000060   Code   RO         5543    CL$$btod_d2e_norm_op1  c_w.l(btod.o)
    0x0800119c   0x0800119c   0x00000338   Code   RO         5552    CL$$btod_div_common  c_w.l(btod.o)
    0x080014d4   0x080014d4   0x000000dc   Code   RO         5549    CL$$btod_e2e        c_w.l(btod.o)
    0x080015b0   0x080015b0   0x0000002a   Code   RO         5546    CL$$btod_ediv       c_w.l(btod.o)
    0x080015da   0x080015da   0x0000002a   Code   RO         5545    CL$$btod_emul       c_w.l(btod.o)
    0x08001604   0x08001604   0x00000244   Code   RO         5551    CL$$btod_mult_common  c_w.l(btod.o)
    0x08001848   0x08001848   0x00000004   Code   RO          409    i.BusFault_Handler  stm32h7xx_it.o
    0x0800184c   0x0800184c   0x00000002   Code   RO          410    i.DebugMon_Handler  stm32h7xx_it.o
    0x0800184e   0x0800184e   0x00000002   PAD
    0x08001850   0x08001850   0x00000044   Code   RO         3799    i.FMC_NORSRAM_Extended_Timing_Init  stm32h7xx_ll_fmc.o
    0x08001894   0x08001894   0x000000a4   Code   RO         3800    i.FMC_NORSRAM_Init  stm32h7xx_ll_fmc.o
    0x08001938   0x08001938   0x00000066   Code   RO         3801    i.FMC_NORSRAM_Timing_Init  stm32h7xx_ll_fmc.o
    0x0800199e   0x0800199e   0x0000006c   Code   RO         3806    i.FMC_SDRAM_Init    stm32h7xx_ll_fmc.o
    0x08001a0a   0x08001a0a   0x00000014   Code   RO         3807    i.FMC_SDRAM_ProgramRefreshRate  stm32h7xx_ll_fmc.o
    0x08001a1e   0x08001a1e   0x00000026   Code   RO         3808    i.FMC_SDRAM_SendCommand  stm32h7xx_ll_fmc.o
    0x08001a44   0x08001a44   0x00000094   Code   RO         3810    i.FMC_SDRAM_Timing_Init  stm32h7xx_ll_fmc.o
    0x08001ad8   0x08001ad8   0x000004dc   Code   RO         1184    i.HAL_DMA_Abort     stm32h7xx_hal_dma.o
    0x08001fb4   0x08001fb4   0x00000398   Code   RO         1185    i.HAL_DMA_Abort_IT  stm32h7xx_hal_dma.o
    0x0800234c   0x0800234c   0x00000014   Code   RO          735    i.HAL_EnableCompensationCell  stm32h7xx_hal.o
    0x08002360   0x08002360   0x000001fc   Code   RO         1369    i.HAL_GPIO_Init     stm32h7xx_hal_gpio.o
    0x0800255c   0x0800255c   0x00000010   Code   RO         1371    i.HAL_GPIO_ReadPin  stm32h7xx_hal_gpio.o
    0x0800256c   0x0800256c   0x00000014   Code   RO         1372    i.HAL_GPIO_TogglePin  stm32h7xx_hal_gpio.o
    0x08002580   0x08002580   0x0000000c   Code   RO         1373    i.HAL_GPIO_WritePin  stm32h7xx_hal_gpio.o
    0x0800258c   0x0800258c   0x0000000c   Code   RO          739    i.HAL_GetREVID      stm32h7xx_hal.o
    0x08002598   0x08002598   0x0000000c   Code   RO          740    i.HAL_GetTick       stm32h7xx_hal.o
    0x080025a4   0x080025a4   0x00000018   Code   RO          746    i.HAL_IncTick       stm32h7xx_hal.o
    0x080025bc   0x080025bc   0x00000060   Code   RO          747    i.HAL_Init          stm32h7xx_hal.o
    0x0800261c   0x0800261c   0x00000058   Code   RO          748    i.HAL_InitTick      stm32h7xx_hal.o
    0x08002674   0x08002674   0x0000005e   Code   RO         4257    i.HAL_LTDC_ConfigLayer  stm32h7xx_hal_ltdc.o
    0x080026d2   0x080026d2   0x00000002   PAD
    0x080026d4   0x080026d4   0x00000118   Code   RO         4274    i.HAL_LTDC_Init     stm32h7xx_hal_ltdc.o
    0x080027ec   0x080027ec   0x00000198   Code   RO         4881    i.HAL_LTDC_MspInit  ltdc.o
    0x08002984   0x08002984   0x0000006c   Code   RO         4289    i.HAL_LTDC_SetWindowPosition  stm32h7xx_hal_ltdc.o
    0x080029f0   0x080029f0   0x0000006c   Code   RO         4291    i.HAL_LTDC_SetWindowSize  stm32h7xx_hal_ltdc.o
    0x08002a5c   0x08002a5c   0x0000005c   Code   RO         1034    i.HAL_MPU_ConfigRegion  stm32h7xx_hal_cortex.o
    0x08002ab8   0x08002ab8   0x0000002c   Code   RO         1035    i.HAL_MPU_Disable   stm32h7xx_hal_cortex.o
    0x08002ae4   0x08002ae4   0x00000040   Code   RO         1036    i.HAL_MPU_Enable    stm32h7xx_hal_cortex.o
    0x08002b24   0x08002b24   0x00000002   Code   RO          750    i.HAL_MspInit       stm32h7xx_hal.o
    0x08002b26   0x08002b26   0x00000028   Code   RO         1039    i.HAL_NVIC_EnableIRQ  stm32h7xx_hal_cortex.o
    0x08002b4e   0x08002b4e   0x0000007a   Code   RO         1045    i.HAL_NVIC_SetPriority  stm32h7xx_hal_cortex.o
    0x08002bc8   0x08002bc8   0x00000028   Code   RO         1046    i.HAL_NVIC_SetPriorityGrouping  stm32h7xx_hal_cortex.o
    0x08002bf0   0x08002bf0   0x00000014   Code   RO         1574    i.HAL_PWREx_EnableUSBVoltageDetector  stm32h7xx_hal_pwr_ex.o
    0x08002c04   0x08002c04   0x00000024   Code   RO         1926    i.HAL_RCCEx_GetD3PCLK1Freq  stm32h7xx_hal_rcc_ex.o
    0x08002c28   0x08002c28   0x00000230   Code   RO         1928    i.HAL_RCCEx_GetPLL2ClockFreq  stm32h7xx_hal_rcc_ex.o
    0x08002e58   0x08002e58   0x00000230   Code   RO         1929    i.HAL_RCCEx_GetPLL3ClockFreq  stm32h7xx_hal_rcc_ex.o
    0x08003088   0x08003088   0x00000b64   Code   RO         1935    i.HAL_RCCEx_PeriphCLKConfig  stm32h7xx_hal_rcc_ex.o
    0x08003bec   0x08003bec   0x00000320   Code   RO         1811    i.HAL_RCC_ClockConfig  stm32h7xx_hal_rcc.o
    0x08003f0c   0x08003f0c   0x0000004c   Code   RO         1816    i.HAL_RCC_GetHCLKFreq  stm32h7xx_hal_rcc.o
    0x08003f58   0x08003f58   0x00000024   Code   RO         1818    i.HAL_RCC_GetPCLK1Freq  stm32h7xx_hal_rcc.o
    0x08003f7c   0x08003f7c   0x00000024   Code   RO         1819    i.HAL_RCC_GetPCLK2Freq  stm32h7xx_hal_rcc.o
    0x08003fa0   0x08003fa0   0x0000022c   Code   RO         1820    i.HAL_RCC_GetSysClockFreq  stm32h7xx_hal_rcc.o
    0x080041cc   0x080041cc   0x00000800   Code   RO         1823    i.HAL_RCC_OscConfig  stm32h7xx_hal_rcc.o
    0x080049cc   0x080049cc   0x00000050   Code   RO         4089    i.HAL_SDRAM_Init    stm32h7xx_hal_sdram.o
    0x08004a1c   0x08004a1c   0x0000011c   Code   RO         4824    i.HAL_SDRAM_MspInit  sdram.o
    0x08004b38   0x08004b38   0x00000036   Code   RO         4092    i.HAL_SDRAM_ProgramRefreshRate  stm32h7xx_hal_sdram.o
    0x08004b6e   0x08004b6e   0x0000004e   Code   RO         4098    i.HAL_SDRAM_SendCommand  stm32h7xx_hal_sdram.o
    0x08004bbc   0x08004bbc   0x00000070   Code   RO         3660    i.HAL_SRAM_Init     stm32h7xx_hal_sram.o
    0x08004c2c   0x08004c2c   0x00000098   Code   RO         4553    i.HAL_SRAM_MspInit  lcd.o
    0x08004cc4   0x08004cc4   0x00000034   Code   RO         1050    i.HAL_SYSTICK_Config  stm32h7xx_hal_cortex.o
    0x08004cf8   0x08004cf8   0x0000006e   Code   RO         2640    i.HAL_TIM_Base_Init  stm32h7xx_hal_tim.o
    0x08004d66   0x08004d66   0x00000002   Code   RO         2642    i.HAL_TIM_Base_MspInit  stm32h7xx_hal_tim.o
    0x08004d68   0x08004d68   0x000000b4   Code   RO         2645    i.HAL_TIM_Base_Start_IT  stm32h7xx_hal_tim.o
    0x08004e1c   0x08004e1c   0x00000002   Code   RO         2105    i.HAL_UARTEx_RxEventCallback  stm32h7xx_hal_uart.o
    0x08004e1e   0x08004e1e   0x00000002   Code   RO         2528    i.HAL_UARTEx_RxFifoFullCallback  stm32h7xx_hal_uart_ex.o
    0x08004e20   0x08004e20   0x00000002   Code   RO         2532    i.HAL_UARTEx_TxFifoEmptyCallback  stm32h7xx_hal_uart_ex.o
    0x08004e22   0x08004e22   0x00000002   Code   RO         2533    i.HAL_UARTEx_WakeupCallback  stm32h7xx_hal_uart_ex.o
    0x08004e24   0x08004e24   0x00000002   Code   RO         2121    i.HAL_UART_ErrorCallback  stm32h7xx_hal_uart.o
    0x08004e26   0x08004e26   0x00000002   PAD
    0x08004e28   0x08004e28   0x00000458   Code   RO         2124    i.HAL_UART_IRQHandler  stm32h7xx_hal_uart.o
    0x08005280   0x08005280   0x00000078   Code   RO         2125    i.HAL_UART_Init     stm32h7xx_hal_uart.o
    0x080052f8   0x080052f8   0x000000c0   Code   RO          644    i.HAL_UART_MspInit  usart.o
    0x080053b8   0x080053b8   0x00000074   Code   RO         2130    i.HAL_UART_Receive_IT  stm32h7xx_hal_uart.o
    0x0800542c   0x0800542c   0x0000009c   Code   RO          645    i.HAL_UART_RxCpltCallback  usart.o
    0x080054c8   0x080054c8   0x00000002   Code   RO         2137    i.HAL_UART_TxCpltCallback  stm32h7xx_hal_uart.o
    0x080054ca   0x080054ca   0x00000004   Code   RO          411    i.HardFault_Handler  stm32h7xx_it.o
    0x080054ce   0x080054ce   0x00000210   Code   RO         4293    i.LTDC_SetConfig    stm32h7xx_hal_ltdc.o
    0x080056de   0x080056de   0x00000004   Code   RO          412    i.MemManage_Handler  stm32h7xx_it.o
    0x080056e2   0x080056e2   0x00000004   Code   RO          413    i.NMI_Handler       stm32h7xx_it.o
    0x080056e6   0x080056e6   0x00000002   Code   RO          414    i.PendSV_Handler    stm32h7xx_it.o
    0x080056e8   0x080056e8   0x00000164   Code   RO         1938    i.RCCEx_PLL2_Config  stm32h7xx_hal_rcc_ex.o
    0x0800584c   0x0800584c   0x00000164   Code   RO         1939    i.RCCEx_PLL3_Config  stm32h7xx_hal_rcc_ex.o
    0x080059b0   0x080059b0   0x00000002   Code   RO          415    i.SVC_Handler       stm32h7xx_it.o
    0x080059b2   0x080059b2   0x00000008   Code   RO          416    i.SysTick_Handler   stm32h7xx_it.o
    0x080059ba   0x080059ba   0x00000002   PAD
    0x080059bc   0x080059bc   0x000000fc   Code   RO          485    i.SystemInit        system_stm32h7xx.o
    0x08005ab8   0x08005ab8   0x00000044   Code   RO         5281    i.TIM4_IRQHandler   usmart_port.o
    0x08005afc   0x08005afc   0x000000cc   Code   RO         2733    i.TIM_Base_SetConfig  stm32h7xx_hal_tim.o
    0x08005bc8   0x08005bc8   0x000000f8   Code   RO         2139    i.UART_AdvFeatureConfig  stm32h7xx_hal_uart.o
    0x08005cc0   0x08005cc0   0x00000076   Code   RO         2140    i.UART_CheckIdleState  stm32h7xx_hal_uart.o
    0x08005d36   0x08005d36   0x00000018   Code   RO         2141    i.UART_DMAAbortOnError  stm32h7xx_hal_uart.o
    0x08005d4e   0x08005d4e   0x00000002   PAD
    0x08005d50   0x08005d50   0x0000006c   Code   RO         2151    i.UART_EndRxTransfer  stm32h7xx_hal_uart.o
    0x08005dbc   0x08005dbc   0x00000030   Code   RO         2152    i.UART_EndTransmit_IT  stm32h7xx_hal_uart.o
    0x08005dec   0x08005dec   0x000000d2   Code   RO         2154    i.UART_RxISR_16BIT  stm32h7xx_hal_uart.o
    0x08005ebe   0x08005ebe   0x00000002   PAD
    0x08005ec0   0x08005ec0   0x000001c8   Code   RO         2155    i.UART_RxISR_16BIT_FIFOEN  stm32h7xx_hal_uart.o
    0x08006088   0x08006088   0x000000ce   Code   RO         2156    i.UART_RxISR_8BIT   stm32h7xx_hal_uart.o
    0x08006156   0x08006156   0x00000002   PAD
    0x08006158   0x08006158   0x000001c8   Code   RO         2157    i.UART_RxISR_8BIT_FIFOEN  stm32h7xx_hal_uart.o
    0x08006320   0x08006320   0x0000058c   Code   RO         2158    i.UART_SetConfig    stm32h7xx_hal_uart.o
    0x080068ac   0x080068ac   0x00000170   Code   RO         2160    i.UART_Start_Receive_IT  stm32h7xx_hal_uart.o
    0x08006a1c   0x08006a1c   0x000000fe   Code   RO         2165    i.UART_WaitOnFlagUntilTimeout  stm32h7xx_hal_uart.o
    0x08006b1a   0x08006b1a   0x00000002   PAD
    0x08006b1c   0x08006b1c   0x00000010   Code   RO          646    i.USART1_IRQHandler  usart.o
    0x08006b2c   0x08006b2c   0x00000004   Code   RO          417    i.UsageFault_Handler  stm32h7xx_it.o
    0x08006b30   0x08006b30   0x00000030   Code   RO         5574    i.__ARM_fpclassify  m_wv.l(fpclassify.o)
    0x08006b60   0x08006b60   0x00000010   Code   RO         1052    i.__NVIC_GetPriorityGrouping  stm32h7xx_hal_cortex.o
    0x08006b70   0x08006b70   0x00000028   Code   RO         1053    i.__NVIC_SetPriority  stm32h7xx_hal_cortex.o
    0x08006b98   0x08006b98   0x0000000e   Code   RO         5466    i._is_digit         c_w.l(__printf_wp.o)
    0x08006ba6   0x08006ba6   0x00000004   Code   RO          648    i._sys_exit         usart.o
    0x08006baa   0x08006baa   0x00000002   PAD
    0x08006bac   0x08006bac   0x0000000c   Code   RO          522    i.delay_init        delay.o
    0x08006bb8   0x08006bb8   0x00000012   Code   RO          523    i.delay_ms          delay.o
    0x08006bca   0x08006bca   0x00000002   PAD
    0x08006bcc   0x08006bcc   0x00000048   Code   RO          524    i.delay_us          delay.o
    0x08006c14   0x08006c14   0x0000001c   Code   RO          650    i.fputc             usart.o
    0x08006c30   0x08006c30   0x00000050   Code   RO         5027    i.iic_ack           myiic.o
    0x08006c80   0x08006c80   0x0000000a   Code   RO         5028    i.iic_delay         myiic.o
    0x08006c8a   0x08006c8a   0x00000002   PAD
    0x08006c8c   0x08006c8c   0x00000078   Code   RO         5029    i.iic_init          myiic.o
    0x08006d04   0x08006d04   0x00000040   Code   RO         5030    i.iic_nack          myiic.o
    0x08006d44   0x08006d44   0x0000005c   Code   RO         5031    i.iic_read_byte     myiic.o
    0x08006da0   0x08006da0   0x0000006c   Code   RO         5032    i.iic_send_byte     myiic.o
    0x08006e0c   0x08006e0c   0x0000004c   Code   RO         5033    i.iic_start         myiic.o
    0x08006e58   0x08006e58   0x00000040   Code   RO         5034    i.iic_stop          myiic.o
    0x08006e98   0x08006e98   0x00000064   Code   RO         5035    i.iic_wait_ack      myiic.o
    0x08006efc   0x08006efc   0x00000048   Code   RO         4554    i.lcd_clear         lcd.o
    0x08006f44   0x08006f44   0x00000190   Code   RO         4556    i.lcd_display_dir   lcd.o
    0x080070d4   0x080070d4   0x00000034   Code   RO         4562    i.lcd_draw_point    lcd.o
    0x08007108   0x08007108   0x0000022c   Code   RO         4564    i.lcd_ex_ili9341_reginit  lcd.o
    0x08007334   0x08007334   0x00000340   Code   RO         4565    i.lcd_ex_ili9806_reginit  lcd.o
    0x08007674   0x08007674   0x00000ef2   Code   RO         4566    i.lcd_ex_nt35310_reginit  lcd.o
    0x08008566   0x08008566   0x00000efc   Code   RO         4567    i.lcd_ex_nt35510_reginit  lcd.o
    0x08009462   0x08009462   0x0000016e   Code   RO         4568    i.lcd_ex_ssd1963_reginit  lcd.o
    0x080095d0   0x080095d0   0x000001a8   Code   RO         4569    i.lcd_ex_st7789_reginit  lcd.o
    0x08009778   0x08009778   0x000001c6   Code   RO         4570    i.lcd_ex_st7796_reginit  lcd.o
    0x0800993e   0x0800993e   0x00000002   PAD
    0x08009940   0x08009940   0x00000070   Code   RO         4571    i.lcd_fill          lcd.o
    0x080099b0   0x080099b0   0x00000544   Code   RO         4573    i.lcd_init          lcd.o
    0x08009ef4   0x08009ef4   0x00000050   Code   RO         4574    i.lcd_mpu_config    lcd.o
    0x08009f44   0x08009f44   0x00000014   Code   RO         4577    i.lcd_rd_data       lcd.o
    0x08009f58   0x08009f58   0x0000023c   Code   RO         4579    i.lcd_scan_dir      lcd.o
    0x0800a194   0x0800a194   0x00000120   Code   RO         4580    i.lcd_set_cursor    lcd.o
    0x0800a2b4   0x0800a2b4   0x00000140   Code   RO         4582    i.lcd_show_char     lcd.o
    0x0800a3f4   0x0800a3f4   0x0000006a   Code   RO         4584    i.lcd_show_string   lcd.o
    0x0800a45e   0x0800a45e   0x00000002   PAD
    0x0800a460   0x0800a460   0x00000050   Code   RO         4586    i.lcd_ssd_backlight_set  lcd.o
    0x0800a4b0   0x0800a4b0   0x00000018   Code   RO         4587    i.lcd_wr_data       lcd.o
    0x0800a4c8   0x0800a4c8   0x00000018   Code   RO         4588    i.lcd_wr_regno      lcd.o
    0x0800a4e0   0x0800a4e0   0x00000014   Code   RO         4589    i.lcd_write_ram_prepare  lcd.o
    0x0800a4f4   0x0800a4f4   0x00000010   Code   RO         4590    i.lcd_write_reg     lcd.o
    0x0800a504   0x0800a504   0x0000008c   Code   RO         4529    i.led_init          led.o
    0x0800a590   0x0800a590   0x00000024   Code   RO         4882    i.ltdc_clear        ltdc.o
    0x0800a5b4   0x0800a5b4   0x0000002e   Code   RO         4883    i.ltdc_clk_set      ltdc.o
    0x0800a5e2   0x0800a5e2   0x00000002   PAD
    0x0800a5e4   0x0800a5e4   0x0000002c   Code   RO         4885    i.ltdc_display_dir  ltdc.o
    0x0800a610   0x0800a610   0x00000050   Code   RO         4886    i.ltdc_draw_point   ltdc.o
    0x0800a660   0x0800a660   0x00000194   Code   RO         4887    i.ltdc_fill         ltdc.o
    0x0800a7f4   0x0800a7f4   0x000002a8   Code   RO         4888    i.ltdc_init         ltdc.o
    0x0800aa9c   0x0800aa9c   0x00000078   Code   RO         4889    i.ltdc_layer_parameter_config  ltdc.o
    0x0800ab14   0x0800ab14   0x00000030   Code   RO         4891    i.ltdc_layer_window_config  ltdc.o
    0x0800ab44   0x0800ab44   0x000000d0   Code   RO         4892    i.ltdc_panelid_read  ltdc.o
    0x0800ac14   0x0800ac14   0x0000000c   Code   RO         4894    i.ltdc_select_layer  ltdc.o
    0x0800ac20   0x0800ac20   0x00000328   Code   RO           13    i.main              main.o
    0x0800af48   0x0800af48   0x000000ba   Code   RO         4997    i.mpu_memory_protection  mpu.o
    0x0800b002   0x0800b002   0x0000005e   Code   RO         4998    i.mpu_set_protection  mpu.o
    0x0800b060   0x0800b060   0x00000006   Code   RO         5189    i.read_addr         usmart.o
    0x0800b066   0x0800b066   0x00000002   PAD
    0x0800b068   0x0800b068   0x00000070   Code   RO         4827    i.sdram_init        sdram.o
    0x0800b0d8   0x0800b0d8   0x00000042   Code   RO         4828    i.sdram_initialization_sequence  sdram.o
    0x0800b11a   0x0800b11a   0x00000002   PAD
    0x0800b11c   0x0800b11c   0x00000048   Code   RO         4829    i.sdram_send_cmd    sdram.o
    0x0800b164   0x0800b164   0x00000084   Code   RO         5101    i.sh3001_acc_config  sh3001.o
    0x0800b1e8   0x0800b1e8   0x0000015e   Code   RO         5102    i.sh3001_comp_init  sh3001.o
    0x0800b346   0x0800b346   0x00000002   PAD
    0x0800b348   0x0800b348   0x000002f8   Code   RO         5103    i.sh3001_get_imu_compdata  sh3001.o
    0x0800b640   0x0800b640   0x0000006c   Code   RO         5105    i.sh3001_get_temperature  sh3001.o
    0x0800b6ac   0x0800b6ac   0x00000090   Code   RO         5106    i.sh3001_gyro_config  sh3001.o
    0x0800b73c   0x0800b73c   0x00000098   Code   RO         5107    i.sh3001_init       sh3001.o
    0x0800b7d4   0x0800b7d4   0x000001e4   Code   RO         5108    i.sh3001_module_reset  sh3001.o
    0x0800b9b8   0x0800b9b8   0x0000006e   Code   RO         5109    i.sh3001_read_nbytes  sh3001.o
    0x0800ba26   0x0800ba26   0x00000002   PAD
    0x0800ba28   0x0800ba28   0x000003dc   Code   RO         5110    i.sh3001_switch_powermode  sh3001.o
    0x0800be04   0x0800be04   0x0000003a   Code   RO         5111    i.sh3001_temp_config  sh3001.o
    0x0800be3e   0x0800be3e   0x00000056   Code   RO         5112    i.sh3001_write_nbytes  sh3001.o
    0x0800be94   0x0800be94   0x00000140   Code   RO          567    i.sys_cache_enable  sys.o
    0x0800bfd4   0x0800bfd4   0x00000120   Code   RO          572    i.sys_stm32_clock_init  sys.o
    0x0800c0f4   0x0800c0f4   0x00000038   Code   RO          651    i.usart_init        usart.o
    0x0800c12c   0x0800c12c   0x00000058   Code   RO           14    i.user_show_mag     main.o
    0x0800c184   0x0800c184   0x00000068   Code   RO           15    i.user_show_temprate  main.o
    0x0800c1ec   0x0800c1ec   0x000000b0   Code   RO         5190    i.usmart_cmd_rec    usmart.o
    0x0800c29c   0x0800c29c   0x000002d4   Code   RO         5191    i.usmart_exe        usmart.o
    0x0800c570   0x0800c570   0x000000d4   Code   RO         5332    i.usmart_get_aparm  usmart_str.o
    0x0800c644   0x0800c644   0x00000036   Code   RO         5333    i.usmart_get_cmdname  usmart_str.o
    0x0800c67a   0x0800c67a   0x00000002   PAD
    0x0800c67c   0x0800c67c   0x000001c0   Code   RO         5334    i.usmart_get_fname  usmart_str.o
    0x0800c83c   0x0800c83c   0x0000010c   Code   RO         5335    i.usmart_get_fparam  usmart_str.o
    0x0800c948   0x0800c948   0x00000028   Code   RO         5282    i.usmart_get_input_string  usmart_port.o
    0x0800c970   0x0800c970   0x00000020   Code   RO         5336    i.usmart_get_parmpos  usmart_str.o
    0x0800c990   0x0800c990   0x00000028   Code   RO         5192    i.usmart_init       usmart.o
    0x0800c9b8   0x0800c9b8   0x00000016   Code   RO         5337    i.usmart_pow        usmart_str.o
    0x0800c9ce   0x0800c9ce   0x00000002   PAD
    0x0800c9d0   0x0800c9d0   0x000000a8   Code   RO         5193    i.usmart_scan       usmart.o
    0x0800ca78   0x0800ca78   0x00000016   Code   RO         5338    i.usmart_search_nextc  usmart_str.o
    0x0800ca8e   0x0800ca8e   0x00000106   Code   RO         5339    i.usmart_str2num    usmart_str.o
    0x0800cb94   0x0800cb94   0x00000022   Code   RO         5340    i.usmart_strcmp     usmart_str.o
    0x0800cbb6   0x0800cbb6   0x00000016   Code   RO         5341    i.usmart_strcopy    usmart_str.o
    0x0800cbcc   0x0800cbcc   0x00000018   Code   RO         5342    i.usmart_strlen     usmart_str.o
    0x0800cbe4   0x0800cbe4   0x000006f4   Code   RO         5194    i.usmart_sys_cmd_exe  usmart.o
    0x0800d2d8   0x0800d2d8   0x00000044   Code   RO         5283    i.usmart_timx_get_time  usmart_port.o
    0x0800d31c   0x0800d31c   0x00000060   Code   RO         5284    i.usmart_timx_init  usmart_port.o
    0x0800d37c   0x0800d37c   0x00000034   Code   RO         5285    i.usmart_timx_reset_time  usmart_port.o
    0x0800d3b0   0x0800d3b0   0x00000004   Code   RO         5195    i.write_addr        usmart.o
    0x0800d3b4   0x0800d3b4   0x0000002c   Code   RO         5569    locale$$code        c_w.l(lc_numeric_c.o)
    0x0800d3e0   0x0800d3e0   0x0000000a   Code   RO         5650    x$fpl$fpinit        fz_wv.l(fpinit.o)
    0x0800d3ea   0x0800d3ea   0x00000004   Code   RO         5489    x$fpl$printf1       fz_wv.l(printf1.o)
    0x0800d3ee   0x0800d3ee   0x00000000   Code   RO         5573    x$fpl$usenofp       fz_wv.l(usenofp.o)
    0x0800d3ee   0x0800d3ee   0x00000010   Data   RO          486    .constdata          system_stm32h7xx.o
    0x0800d3fe   0x0800d3fe   0x00000018   Data   RO         2166    .constdata          stm32h7xx_hal_uart.o
    0x0800d416   0x0800d416   0x00002f80   Data   RO         4592    .constdata          lcd.o
    0x08010396   0x08010396   0x00000028   Data   RO         5439    .constdata          c_w.l(_printf_hex_int.o)
    0x080103be   0x080103be   0x00000011   Data   RO         5474    .constdata          c_w.l(__printf_flags_ss_wp.o)
    0x080103cf   0x080103cf   0x00000001   PAD
    0x080103d0   0x080103d0   0x00000094   Data   RO         5540    .constdata          c_w.l(bigflt0.o)
    0x08010464   0x08010464   0x00000028   Data   RO         5196    .conststring        usmart.o
    0x0801048c   0x0801048c   0x000000e4   Data   RO         5256    .conststring        usmart_config.o
    0x08010570   0x08010570   0x00000020   Data   RO         5712    Region$$Table       anon$$obj.o
    0x08010590   0x08010590   0x0000001c   Data   RO         5568    locale$$data        c_w.l(lc_numeric_c.o)


    Execution Region RW_IRAM2 (Exec base: 0x24000000, Load base: 0x080105ac, Size: 0x00000d48, Max: 0x00080000, ABSOLUTE, COMPRESSED[0x00000068])

    Exec Addr    Load Addr    Size         Type   Attr      Idx    E Section Name        Object

    0x24000000   COMPRESSED   0x00000008   Data   RW          487    .data               system_stm32h7xx.o
    0x24000008   COMPRESSED   0x00000004   Data   RW          525    .data               delay.o
    0x2400000c   COMPRESSED   0x00000007   Data   RW          653    .data               usart.o
    0x24000013   COMPRESSED   0x00000001   PAD
    0x24000014   COMPRESSED   0x00000009   Data   RW          769    .data               stm32h7xx_hal.o
    0x2400001d   COMPRESSED   0x00000003   PAD
    0x24000020   COMPRESSED   0x00000008   Data   RW         4593    .data               lcd.o
    0x24000028   COMPRESSED   0x00000008   Data   RW         4898    .data               ltdc.o
    0x24000030   COMPRESSED   0x00000001   Data   RW         5114    .data               sh3001.o
    0x24000031   COMPRESSED   0x00000003   PAD
    0x24000034   COMPRESSED   0x0000001c   Data   RW         5197    .data               usmart.o
    0x24000050   COMPRESSED   0x00000124   Data   RW         5257    .data               usmart_config.o
    0x24000174        -       0x00000158   Zero   RW          652    .bss                usart.o
    0x240002cc        -       0x0000005a   Zero   RW         4591    .bss                lcd.o
    0x24000326   COMPRESSED   0x00000002   PAD
    0x24000328        -       0x00000034   Zero   RW         4830    .bss                sdram.o
    0x2400035c        -       0x00000130   Zero   RW         4897    .bss                ltdc.o
    0x2400048c        -       0x0000000d   Zero   RW         5113    .bss                sh3001.o
    0x24000499   COMPRESSED   0x00000003   PAD
    0x2400049c        -       0x0000004c   Zero   RW         5286    .bss                usmart_port.o
    0x240004e8        -       0x00000060   Zero   RW         5577    .bss                c_w.l(libspace.o)
    0x24000548        -       0x00000000   Zero   RW            2    HEAP                startup_stm32h743xx.o
    0x24000548        -       0x00000800   Zero   RW            1    STACK               startup_stm32h743xx.o



  Load Region LR$$.ARM.__AT_0xC0000000 (Base: 0xc0000000, Size: 0x00000000, Max: 0x001f4000, ABSOLUTE)

    Execution Region ER$$.ARM.__AT_0xC0000000 (Exec base: 0xc0000000, Load base: 0xc0000000, Size: 0x001f4000, Max: 0x001f4000, ABSOLUTE, UNINIT)

    Exec Addr    Load Addr    Size         Type   Attr      Idx    E Section Name        Object

    0xc0000000        -       0x001f4000   Zero   RW         4896    .ARM.__AT_0xC0000000  ltdc.o


==============================================================================

Image component sizes


      Code (inc. data)   RO Data    RW Data    ZI Data      Debug   Object Name

       102         10          0          4          0       2011   delay.o
     13980        202      12160          8         90      26267   lcd.o
       140         10          0          0          0        967   led.o
      2086        124          0          8    2048304      10938   ltdc.o
      1000        248          0          0          0    1320624   main.o
       280          0          0          0          0       1533   mpu.o
       714         42          0          0          0       5562   myiic.o
       534         40          0          0         52       3691   sdram.o
      3372        130          0          1         13      10066   sh3001.o
        76         26        664          0       2048        984   startup_stm32h743xx.o
       254         54          0          9          0      23939   stm32h7xx_hal.o
       510         38          0          0          0      42485   stm32h7xx_hal_cortex.o
      2164         34          0          0          0       4287   stm32h7xx_hal_dma.o
       556         52          0          0          0       3560   stm32h7xx_hal_gpio.o
      1118          6          0          0          0       4805   stm32h7xx_hal_ltdc.o
        20          6          0          0          0        597   stm32h7xx_hal_pwr_ex.o
      3552        108          0          0          0       7064   stm32h7xx_hal_rcc.o
      4784        110          0          0          0       7325   stm32h7xx_hal_rcc_ex.o
       212          4          0          0          0       2896   stm32h7xx_hal_sdram.o
       112          6          0          0          0       1268   stm32h7xx_hal_sram.o
       496         68          0          0          0       3388   stm32h7xx_hal_tim.o
      5270        186         24          0          0      37362   stm32h7xx_hal_uart.o
         6          0          0          0          0       2313   stm32h7xx_hal_uart_ex.o
        34          0          0          0          0       4382   stm32h7xx_it.o
       648         14          0          0          0       6708   stm32h7xx_ll_fmc.o
       608         24          0          0          0      38125   sys.o
       252         40         16          8          0       1574   system_stm32h7xx.o
       452         58          0          7        344       5757   usart.o
      2898       1308         40         28          0       6158   usmart.o
         0          0        228        292          0       1596   usmart_config.o
       324         50          0          0         76       3614   usmart_port.o
      1400         20          0          0          0       9637   usmart_str.o

    ----------------------------------------------------------------------
     47994       3018      13164        372    2050932    1601483   Object Totals
         0          0         32          0          0          0   (incl. Generated)
        40          0          0          7          5          0   (incl. Padding)

    ----------------------------------------------------------------------

      Code (inc. data)   RO Data    RW Data    ZI Data      Debug   Library Member Name

        90          0          0          0          0          0   __dczerorl2.o
         8          0          0          0          0         68   __main.o
       392          4         17          0          0         92   __printf_flags_ss_wp.o
        14          0          0          0          0         68   __printf_wp.o
         0          0          0          0          0          0   __rtentry.o
        12          0          0          0          0          0   __rtentry2.o
         6          0          0          0          0          0   __rtentry4.o
        52          8          0          0          0          0   __scatter.o
        28          0          0          0          0          0   __scatter_zi.o
         6          0          0          0          0          0   _printf_c.o
        44          0          0          0          0        108   _printf_char.o
        48          6          0          0          0         96   _printf_char_common.o
        36          4          0          0          0         80   _printf_char_file.o
         6          0          0          0          0          0   _printf_d.o
       120         16          0          0          0         92   _printf_dec.o
         6          0          0          0          0          0   _printf_f.o
      1054          0          0          0          0        216   _printf_fp_dec.o
       128         16          0          0          0         84   _printf_fp_infnan.o
        88          4         40          0          0         88   _printf_hex_int.o
       178          0          0          0          0         88   _printf_intcommon.o
        78          0          0          0          0        108   _printf_pad.o
         0          0          0          0          0          0   _printf_percent.o
         4          0          0          0          0          0   _printf_percent_end.o
         6          0          0          0          0          0   _printf_s.o
        82          0          0          0          0         80   _printf_str.o
         6          0          0          0          0          0   _printf_u.o
         6          0          0          0          0          0   _printf_x.o
        10          0          0          0          0         68   _sputc.o
       228          4        148          0          0         96   bigflt0.o
      1936        128          0          0          0        672   btod.o
        18          0          0          0          0         80   exit.o
         8          0          0          0          0         68   ferror.o
         6          0          0          0          0        152   heapauxi.o
        44         10         28          0          0         76   lc_numeric_c.o
         2          0          0          0          0          0   libinit.o
        22          0          0          0          0          0   libinit2.o
         2          0          0          0          0          0   libshutdown.o
         2          0          0          0          0          0   libshutdown2.o
         8          4          0          0         96         68   libspace.o
       138          0          0          0          0         80   lludiv10.o
       238          0          0          0          0        100   lludivv7m.o
        24          4          0          0          0         84   noretval__2printf.o
        40          6          0          0          0         84   noretval__2sprintf.o
         8          4          0          0          0         68   rt_locale_intlibspace.o
       100          0          0          0          0         80   rt_memcpy_w.o
         2          0          0          0          0          0   rtexit.o
        10          0          0          0          0          0   rtexit2.o
       104          0          0          0          0         68   strcmpv7m_pel.o
        74          0          0          0          0         80   sys_stackheap_outer.o
         2          0          0          0          0         68   use_no_semi.o
         2          0          0          0          0         68   use_no_semi_2.o
        10          0          0          0          0        116   fpinit.o
         4          0          0          0          0        116   printf1.o
         0          0          0          0          0          0   usenofp.o
        48          0          0          0          0        124   fpclassify.o

    ----------------------------------------------------------------------
      5596        218        234          0         96       3684   Library Totals
         8          0          1          0          0          0   (incl. Padding)

    ----------------------------------------------------------------------

      Code (inc. data)   RO Data    RW Data    ZI Data      Debug   Library Name

      5526        218        233          0         96       3328   c_w.l
        14          0          0          0          0        232   fz_wv.l
        48          0          0          0          0        124   m_wv.l

    ----------------------------------------------------------------------
      5596        218        234          0         96       3684   Library Totals

    ----------------------------------------------------------------------

==============================================================================


      Code (inc. data)   RO Data    RW Data    ZI Data      Debug   

     53590       3236      13398        372    2051028    1585547   Grand Totals
     53590       3236      13398        104    2051028    1585547   ELF Image Totals (compressed)
     53590       3236      13398        104          0          0   ROM Totals

==============================================================================

    Total RO  Size (Code + RO Data)                66988 (  65.42kB)
    Total RW  Size (RW Data + ZI Data)           2051400 (2003.32kB)
    Total ROM Size (Code + RO Data + RW Data)      67092 (  65.52kB)

==============================================================================

